warning: 'swiftybox': found 3 file(s) which are unhandled; explicitly declare them as resources or exclude from the target
    /var/home/hh/w/swift/swiftybox/Tests/SwiftyBoxTests/CONSOLIDATION_SUMMARY.md
    /var/home/hh/w/swift/swiftybox/Tests/SwiftyBoxTests/TEST_FAILURE_TRACKER.md
    /var/home/hh/w/swift/swiftybox/Tests/SwiftyBoxTests/README.md
[0/1] Planning build
Building for debugging...
[0/11] Write sources
[1/11] Write swift-version-24593BA9C3E375BF.txt
[3/11] Emitting module SwiftyBoxTests
[4/11] Compiling SwiftyBoxTests StringsTests.swift
/var/home/hh/w/swift/swiftybox/Tests/SwiftyBoxTests/Consolidated/StringsTests.swift:29:29: warning: result of call to 'createFile(atPath:contents:attributes:)' is unused [#no-usage]
27 |         data.append(contentsOf: "Testing123".utf8) // Another string
28 |         data.append(contentsOf: [0x00, 0x00]) // Null bytes
29 |         FileManager.default.createFile(atPath: testFile, contents: data)
   |                             `- warning: result of call to 'createFile(atPath:contents:attributes:)' is unused [#no-usage]
30 | 
31 |         let result = runCommand("strings", [testFile])

/var/home/hh/w/swift/swiftybox/Tests/SwiftyBoxTests/Consolidated/StringsTests.swift:41:29: warning: result of call to 'createFile(atPath:contents:attributes:)' is unused [#no-usage]
39 |         let testFile = "\(testDir!)/test.dat"
40 |         let data = Data("embedded string here".utf8)
41 |         FileManager.default.createFile(atPath: testFile, contents: data)
   |                             `- warning: result of call to 'createFile(atPath:contents:attributes:)' is unused [#no-usage]
42 | 
43 |         let result = runCommand("strings", ["-a", testFile])

/var/home/hh/w/swift/swiftybox/Tests/SwiftyBoxTests/Consolidated/StringsTests.swift:52:29: warning: result of call to 'createFile(atPath:contents:attributes:)' is unused [#no-usage]
50 |         // strings -f shows filename before each string
51 |         let testFile = "\(testDir!)/named.txt"
52 |         FileManager.default.createFile(atPath: testFile, contents: Data("test string".utf8))
   |                             `- warning: result of call to 'createFile(atPath:contents:attributes:)' is unused [#no-usage]
53 | 
54 |         let result = runCommand("strings", ["-f", testFile])

/var/home/hh/w/swift/swiftybox/Tests/SwiftyBoxTests/Consolidated/StringsTests.swift:63:29: warning: result of call to 'createFile(atPath:contents:attributes:)' is unused [#no-usage]
61 |     func testStringsEmptyFile() {
62 |         let testFile = "\(testDir!)/empty.dat"
63 |         FileManager.default.createFile(atPath: testFile, contents: Data())
   |                             `- warning: result of call to 'createFile(atPath:contents:attributes:)' is unused [#no-usage]
64 | 
65 |         let result = runCommand("strings", [testFile])

/var/home/hh/w/swift/swiftybox/Tests/SwiftyBoxTests/Consolidated/StringsTests.swift:74:29: warning: result of call to 'createFile(atPath:contents:attributes:)' is unused [#no-usage]
72 |         let testFile = "\(testDir!)/binary.dat"
73 |         let data = Data([0x00, 0x01, 0xFF, 0xFE, 0x12, 0x34])
74 |         FileManager.default.createFile(atPath: testFile, contents: data)
   |                             `- warning: result of call to 'createFile(atPath:contents:attributes:)' is unused [#no-usage]
75 | 
76 |         let result = runCommand("strings", [testFile])

/var/home/hh/w/swift/swiftybox/Tests/SwiftyBoxTests/Consolidated/StringsTests.swift:85:29: warning: result of call to 'createFile(atPath:contents:attributes:)' is unused [#no-usage]
83 |         let testFile = "\(testDir!)/text.txt"
84 |         let content = "This is a plain text file\nWith multiple lines\nAll readable\n"
85 |         FileManager.default.createFile(atPath: testFile, contents: Data(content.utf8))
   |                             `- warning: result of call to 'createFile(atPath:contents:attributes:)' is unused [#no-usage]
86 | 
87 |         let result = runCommand("strings", [testFile])
[5/12] /var/home/hh/w/swift/swiftybox/.build/x86_64-unknown-linux-gnu/debug/swiftyboxPackageDiscoveredTests.derived/all-discovered-tests.swift
[6/13] Write sources
[7/13] Wrapping AST for SwiftyBoxTests for debugging
[9/16] Emitting module swiftyboxPackageDiscoveredTests
[10/16] Compiling swiftyboxPackageDiscoveredTests all-discovered-tests.swift
[11/16] Compiling swiftyboxPackageDiscoveredTests SwiftyBoxTests.swift
[12/17] /var/home/hh/w/swift/swiftybox/.build/x86_64-unknown-linux-gnu/debug/swiftyboxPackageTests.derived/runner.swift
[13/18] Write sources
[14/18] Wrapping AST for swiftyboxPackageDiscoveredTests for debugging
[16/20] Emitting module swiftyboxPackageTests
[17/20] Compiling swiftyboxPackageTests runner.swift
[18/21] Wrapping AST for swiftyboxPackageTests for debugging
[19/21] Write Objects.LinkFileList
[20/21] Linking swiftyboxPackageTests.xctest
Build complete! (2.33s)
Test Suite 'All tests' started at 2025-11-14 20:14:03.803
Test Suite 'debug.xctest' started at 2025-11-14 20:14:03.805
Test Suite 'AshTests' started at 2025-11-14 20:14:03.805
Test Case 'AshTests.testTestName_1' started at 2025-11-14 20:14:03.805
FAIL: test name
Expected output:
expected result
Actual output:

Exit code: 127

==================================================
Test Summary:
  Total:  1
  Passed: 0
  Failed: 1
  Success: 0.0%
==================================================
/var/home/hh/w/swift/swiftybox/Tests/SwiftyBoxTests/Consolidated/AshTests.swift:22: error: AshTests.testTestName_1 : XCTAssertEqual failed: ("1") is not equal to ("0") - 1 tests failed
Test Case 'AshTests.testTestName_1' failed (0.054 seconds)
Test Suite 'AshTests' failed at 2025-11-14 20:14:03.859
	 Executed 1 test, with 1 failure (0 unexpected) in 0.054 (0.054) seconds
Test Suite 'BasenameTests' started at 2025-11-14 20:14:03.859
Test Case 'BasenameTests.testBasename_doesNotRemoveIdenticalExtension' started at 2025-11-14 20:14:03.859
/var/home/hh/w/swift/swiftybox/Tests/SwiftyBoxTests/Consolidated/BasenameTests.swift:39: error: BasenameTests.testBasename_doesNotRemoveIdenticalExtension : XCTAssertEqual failed: ("") is not equal to ("foo") - basename foo foo should return 'foo'
Test Case 'BasenameTests.testBasename_doesNotRemoveIdenticalExtension' failed (0.052 seconds)
Test Case 'BasenameTests.testBasename_worksWithCurrentDirectory' started at 2025-11-14 20:14:03.911
Test Case 'BasenameTests.testBasename_worksWithCurrentDirectory' passed (0.103 seconds)
Test Suite 'BasenameTests' failed at 2025-11-14 20:14:04.014
	 Executed 2 tests, with 1 failure (0 unexpected) in 0.155 (0.155) seconds
Test Suite 'BasicCommandTests' started at 2025-11-14 20:14:04.014
Test Case 'BasicCommandTests.testBasename_simple' started at 2025-11-14 20:14:04.014
PASS: basename simple path

==================================================
Test Summary:
  Total:  1
  Passed: 1
  Failed: 0
  Success: 100.0%
==================================================
Test Case 'BasicCommandTests.testBasename_simple' passed (0.052 seconds)
Test Case 'BasicCommandTests.testBasename_withSuffix' started at 2025-11-14 20:14:04.066
PASS: basename with suffix removal

==================================================
Test Summary:
  Total:  1
  Passed: 1
  Failed: 0
  Success: 100.0%
==================================================
Test Case 'BasicCommandTests.testBasename_withSuffix' passed (0.051 seconds)
Test Case 'BasicCommandTests.testCat_fromFile' started at 2025-11-14 20:14:04.117
PASS: cat from file

==================================================
Test Summary:
  Total:  1
  Passed: 1
  Failed: 0
  Success: 100.0%
==================================================
Test Case 'BasicCommandTests.testCat_fromFile' passed (0.051 seconds)
Test Case 'BasicCommandTests.testCat_fromStdin' started at 2025-11-14 20:14:04.169
PASS: cat from stdin

==================================================
Test Summary:
  Total:  1
  Passed: 1
  Failed: 0
  Success: 100.0%
==================================================
Test Case 'BasicCommandTests.testCat_fromStdin' passed (0.053 seconds)
Test Case 'BasicCommandTests.testDirname_root' started at 2025-11-14 20:14:04.221
PASS: dirname root path

==================================================
Test Summary:
  Total:  1
  Passed: 1
  Failed: 0
  Success: 100.0%
==================================================
Test Case 'BasicCommandTests.testDirname_root' passed (0.052 seconds)
Test Case 'BasicCommandTests.testDirname_simple' started at 2025-11-14 20:14:04.273
PASS: dirname simple path

==================================================
Test Summary:
  Total:  1
  Passed: 1
  Failed: 0
  Success: 100.0%
==================================================
Test Case 'BasicCommandTests.testDirname_simple' passed (0.051 seconds)
Test Case 'BasicCommandTests.testEcho_printsArgument' started at 2025-11-14 20:14:04.324
PASS: echo prints argument

==================================================
Test Summary:
  Total:  1
  Passed: 1
  Failed: 0
  Success: 100.0%
==================================================
Test Case 'BasicCommandTests.testEcho_printsArgument' passed (0.052 seconds)
Test Case 'BasicCommandTests.testEcho_printsArguments' started at 2025-11-14 20:14:04.376
PASS: echo prints multiple arguments

==================================================
Test Summary:
  Total:  1
  Passed: 1
  Failed: 0
  Success: 100.0%
==================================================
Test Case 'BasicCommandTests.testEcho_printsArguments' passed (0.051 seconds)
Test Case 'BasicCommandTests.testEcho_printsDash' started at 2025-11-14 20:14:04.427
PASS: echo prints -

==================================================
Test Summary:
  Total:  1
  Passed: 1
  Failed: 0
  Success: 100.0%
==================================================
Test Case 'BasicCommandTests.testEcho_printsDash' passed (0.052 seconds)
Test Case 'BasicCommandTests.testEcho_printsNewline' started at 2025-11-14 20:14:04.479
PASS: echo prints newline

==================================================
Test Summary:
  Total:  1
  Passed: 1
  Failed: 0
  Success: 100.0%
==================================================
Test Case 'BasicCommandTests.testEcho_printsNewline' passed (0.052 seconds)
Test Case 'BasicCommandTests.testEcho_printsNonOpts' started at 2025-11-14 20:14:04.530
PASS: echo prints non-options after --

==================================================
Test Summary:
  Total:  1
  Passed: 1
  Failed: 0
  Success: 100.0%
==================================================
Test Case 'BasicCommandTests.testEcho_printsNonOpts' passed (0.051 seconds)
Test Case 'BasicCommandTests.testEcho_suppressNewline' started at 2025-11-14 20:14:04.582
PASS: echo -n suppresses newline

==================================================
Test Summary:
  Total:  1
  Passed: 1
  Failed: 0
  Success: 100.0%
==================================================
Test Case 'BasicCommandTests.testEcho_suppressNewline' passed (0.052 seconds)
Test Case 'BasicCommandTests.testFalse_returnsOne' started at 2025-11-14 20:14:04.634

==================================================
Test Summary:
  Total:  0
  Passed: 0
  Failed: 0
==================================================
Test Case 'BasicCommandTests.testFalse_returnsOne' passed (0.152 seconds)
Test Case 'BasicCommandTests.testHead_customLines' started at 2025-11-14 20:14:04.785
PASS: head -n 2

==================================================
Test Summary:
  Total:  1
  Passed: 1
  Failed: 0
  Success: 100.0%
==================================================
Test Case 'BasicCommandTests.testHead_customLines' passed (0.052 seconds)
Test Case 'BasicCommandTests.testHead_defaultLines' started at 2025-11-14 20:14:04.837
PASS: head default 10 lines

==================================================
Test Summary:
  Total:  1
  Passed: 1
  Failed: 0
  Success: 100.0%
==================================================
Test Case 'BasicCommandTests.testHead_defaultLines' passed (0.052 seconds)
Test Case 'BasicCommandTests.testPwd_printsWorkingDirectory' started at 2025-11-14 20:14:04.889
PASS: pwd prints working directory

==================================================
Test Summary:
  Total:  1
  Passed: 1
  Failed: 0
  Success: 100.0%
==================================================
Test Case 'BasicCommandTests.testPwd_printsWorkingDirectory' passed (0.052 seconds)
Test Case 'BasicCommandTests.testSeq_range' started at 2025-11-14 20:14:04.940
PASS: seq with start and end

==================================================
Test Summary:
  Total:  1
  Passed: 1
  Failed: 0
  Success: 100.0%
==================================================
Test Case 'BasicCommandTests.testSeq_range' passed (0.051 seconds)
Test Case 'BasicCommandTests.testSeq_simple' started at 2025-11-14 20:14:04.992
PASS: seq 1 to 5

==================================================
Test Summary:
  Total:  1
  Passed: 1
  Failed: 0
  Success: 100.0%
==================================================
Test Case 'BasicCommandTests.testSeq_simple' passed (0.051 seconds)
Test Case 'BasicCommandTests.testSeq_step' started at 2025-11-14 20:14:05.043
PASS: seq with step

==================================================
Test Summary:
  Total:  1
  Passed: 1
  Failed: 0
  Success: 100.0%
==================================================
Test Case 'BasicCommandTests.testSeq_step' passed (0.052 seconds)
Test Case 'BasicCommandTests.testTail_customLines' started at 2025-11-14 20:14:05.095
PASS: tail -n 2

==================================================
Test Summary:
  Total:  1
  Passed: 1
  Failed: 0
  Success: 100.0%
==================================================
Test Case 'BasicCommandTests.testTail_customLines' passed (0.052 seconds)
Test Case 'BasicCommandTests.testTail_defaultLines' started at 2025-11-14 20:14:05.147
PASS: tail default 10 lines

==================================================
Test Summary:
  Total:  1
  Passed: 1
  Failed: 0
  Success: 100.0%
==================================================
Test Case 'BasicCommandTests.testTail_defaultLines' passed (0.052 seconds)
Test Case 'BasicCommandTests.testTrue_returnsZero' started at 2025-11-14 20:14:05.199
PASS: true returns 0

==================================================
Test Summary:
  Total:  1
  Passed: 1
  Failed: 0
  Success: 100.0%
==================================================
Test Case 'BasicCommandTests.testTrue_returnsZero' passed (0.052 seconds)
Test Case 'BasicCommandTests.testUname_all' started at 2025-11-14 20:14:05.252

==================================================
Test Summary:
  Total:  0
  Passed: 0
  Failed: 0
==================================================
Test Case 'BasicCommandTests.testUname_all' passed (0.052 seconds)
Test Case 'BasicCommandTests.testWc_countBytes' started at 2025-11-14 20:14:05.304
FAIL: wc -c counts bytes
Expected output:
5

Actual output:
       5

Exit code: 0

==================================================
Test Summary:
  Total:  1
  Passed: 0
  Failed: 1
  Success: 0.0%
==================================================
/var/home/hh/w/swift/swiftybox/Tests/SwiftyBoxTests/BasicCommandTests.swift:21: error: BasicCommandTests.testWc_countBytes : XCTAssertEqual failed: ("1") is not equal to ("0") - 1 tests failed
Test Case 'BasicCommandTests.testWc_countBytes' failed (0.052 seconds)
Test Case 'BasicCommandTests.testWc_countLines' started at 2025-11-14 20:14:05.356
FAIL: wc -l counts lines
Expected output:
3

Actual output:
       4

Exit code: 0

==================================================
Test Summary:
  Total:  1
  Passed: 0
  Failed: 1
  Success: 0.0%
==================================================
/var/home/hh/w/swift/swiftybox/Tests/SwiftyBoxTests/BasicCommandTests.swift:21: error: BasicCommandTests.testWc_countLines : XCTAssertEqual failed: ("1") is not equal to ("0") - 1 tests failed
Test Case 'BasicCommandTests.testWc_countLines' failed (0.052 seconds)
Test Case 'BasicCommandTests.testWc_countWords' started at 2025-11-14 20:14:05.408
FAIL: wc -w counts words
Expected output:
5

Actual output:
       5

Exit code: 0

==================================================
Test Summary:
  Total:  1
  Passed: 0
  Failed: 1
  Success: 0.0%
==================================================
/var/home/hh/w/swift/swiftybox/Tests/SwiftyBoxTests/BasicCommandTests.swift:21: error: BasicCommandTests.testWc_countWords : XCTAssertEqual failed: ("1") is not equal to ("0") - 1 tests failed
Test Case 'BasicCommandTests.testWc_countWords' failed (0.052 seconds)
Test Case 'BasicCommandTests.testYes_default' started at 2025-11-14 20:14:05.459

==================================================
Test Summary:
  Total:  0
  Passed: 0
  Failed: 0
==================================================
Test Case 'BasicCommandTests.testYes_default' passed (0.012 seconds)
Test Suite 'BasicCommandTests' failed at 2025-11-14 20:14:05.472
	 Executed 27 tests, with 3 failures (0 unexpected) in 1.457 (1.457) seconds
Test Suite 'Bunzip2Tests' started at 2025-11-14 20:14:05.472
Test Case 'Bunzip2Tests.testBunzip2Placeholder' started at 2025-11-14 20:14:05.472
Test Case 'Bunzip2Tests.testBunzip2Placeholder' passed (0.0 seconds)
Test Suite 'Bunzip2Tests' passed at 2025-11-14 20:14:05.472
	 Executed 1 test, with 0 failures (0 unexpected) in 0.0 (0.0) seconds
Test Suite 'BzcatTests' started at 2025-11-14 20:14:05.472
Test Case 'BzcatTests.testBzcatPlaceholder' started at 2025-11-14 20:14:05.472
Test Case 'BzcatTests.testBzcatPlaceholder' passed (0.0 seconds)
Test Suite 'BzcatTests' passed at 2025-11-14 20:14:05.472
	 Executed 1 test, with 0 failures (0 unexpected) in 0.0 (0.0) seconds
Test Suite 'CalTests' started at 2025-11-14 20:14:05.472
Test Case 'CalTests.testCal2000_2' started at 2025-11-14 20:14:05.472
FAIL: cal 2000
Expected output:
\
    January 2000
Su Mo Tu We Th Fr Sa
                   1
 2  3  4  5  6  7  8
 9 10 11 12 13 14 15
16 17 18 19 20 21 22
23 24 25 26 27 28 29
30 31

Actual output:

Exit code: 127

==================================================
Test Summary:
  Total:  1
  Passed: 0
  Failed: 1
  Success: 0.0%
==================================================
/var/home/hh/w/swift/swiftybox/Tests/SwiftyBoxTests/Consolidated/CalTests.swift:22: error: CalTests.testCal2000_2 : XCTAssertEqual failed: ("1") is not equal to ("0") - 1 tests failed
Test Case 'CalTests.testCal2000_2' failed (0.051 seconds)
Test Case 'CalTests.testTestName_1' started at 2025-11-14 20:14:05.524
FAIL: test name
Expected output:
expected result
Actual output:

Exit code: 0

==================================================
Test Summary:
  Total:  1
  Passed: 0
  Failed: 1
  Success: 0.0%
==================================================
/var/home/hh/w/swift/swiftybox/Tests/SwiftyBoxTests/Consolidated/CalTests.swift:22: error: CalTests.testTestName_1 : XCTAssertEqual failed: ("1") is not equal to ("0") - 1 tests failed
Test Case 'CalTests.testTestName_1' failed (0.052 seconds)
Test Case 'CalTests.testUnicodeCal2000_3' started at 2025-11-14 20:14:05.576
FAIL: unicode cal 2000
Expected output:
\
    一月 2000
日 一 二 三 四 五 六
                   1
 2  3  4  5  6  7  8
 9 10 11 12 13 14 15
16 17 18 19 20 21 22
23 24 25 26 27 28 29
30 31

Actual output:

Exit code: 127

==================================================
Test Summary:
  Total:  1
  Passed: 0
  Failed: 1
  Success: 0.0%
==================================================
/var/home/hh/w/swift/swiftybox/Tests/SwiftyBoxTests/Consolidated/CalTests.swift:22: error: CalTests.testUnicodeCal2000_3 : XCTAssertEqual failed: ("1") is not equal to ("0") - 1 tests failed
Test Case 'CalTests.testUnicodeCal2000_3' failed (0.052 seconds)
Test Suite 'CalTests' failed at 2025-11-14 20:14:05.628
	 Executed 3 tests, with 3 failures (0 unexpected) in 0.156 (0.156) seconds
Test Suite 'CatTests' started at 2025-11-14 20:14:05.628
Test Case 'CatTests.testCat_printsFile' started at 2025-11-14 20:14:05.628
Test Case 'CatTests.testCat_printsFile' passed (0.053 seconds)
Test Case 'CatTests.testCat_printsFileAndStdin' started at 2025-11-14 20:14:05.681
Test Case 'CatTests.testCat_printsFileAndStdin' passed (0.052 seconds)
Test Suite 'CatTests' passed at 2025-11-14 20:14:05.733
	 Executed 2 tests, with 0 failures (0 unexpected) in 0.106 (0.106) seconds
Test Suite 'CmpTests' started at 2025-11-14 20:14:05.733
Test Case 'CmpTests.testCmpDetectsDifference' started at 2025-11-14 20:14:05.733
Test Case 'CmpTests.testCmpDetectsDifference' passed (0.051 seconds)
Test Case 'CmpTests.testCmpDifferentLengths' started at 2025-11-14 20:14:05.785
Test Case 'CmpTests.testCmpDifferentLengths' passed (0.052 seconds)
Test Case 'CmpTests.testCmpIdenticalFiles' started at 2025-11-14 20:14:05.837
/var/home/hh/w/swift/swiftybox/Tests/SwiftyBoxTests/Consolidated/CmpTests.swift:38: error: CmpTests.testCmpIdenticalFiles : XCTAssertEqual failed: ("127") is not equal to ("0") - cmp should return 0 for identical files
Test Case 'CmpTests.testCmpIdenticalFiles' failed (0.053 seconds)
Test Case 'CmpTests.testCmpWithoutSilentFlag' started at 2025-11-14 20:14:05.890
/var/home/hh/w/swift/swiftybox/Tests/SwiftyBoxTests/Consolidated/CmpTests.swift:49: error: CmpTests.testCmpWithoutSilentFlag : XCTAssertFalse failed - cmp should produce output showing difference location
Test Case 'CmpTests.testCmpWithoutSilentFlag' failed (0.053 seconds)
Test Suite 'CmpTests' failed at 2025-11-14 20:14:05.943
	 Executed 4 tests, with 2 failures (0 unexpected) in 0.21 (0.21) seconds
Test Suite 'CommTests' started at 2025-11-14 20:14:05.943
Test Case 'CommTests.testCommTest1_2' started at 2025-11-14 20:14:05.943
FAIL: comm test 1
Expected output:
\t123\n
Actual output:
456\n
	abc\n

Exit code: 0

==================================================
Test Summary:
  Total:  1
  Passed: 0
  Failed: 1
  Success: 0.0%
==================================================
/var/home/hh/w/swift/swiftybox/Tests/SwiftyBoxTests/Consolidated/CommTests.swift:22: error: CommTests.testCommTest1_2 : XCTAssertEqual failed: ("1") is not equal to ("0") - 1 tests failed
Test Case 'CommTests.testCommTest1_2' failed (0.052 seconds)
Test Case 'CommTests.testCommTest2_3' started at 2025-11-14 20:14:05.995
FAIL: comm test 2
Expected output:
123\n
Actual output:
	\t456\n
\tabc\n

Exit code: 0

==================================================
Test Summary:
  Total:  1
  Passed: 0
  Failed: 1
  Success: 0.0%
==================================================
/var/home/hh/w/swift/swiftybox/Tests/SwiftyBoxTests/Consolidated/CommTests.swift:22: error: CommTests.testCommTest2_3 : XCTAssertEqual failed: ("1") is not equal to ("0") - 1 tests failed
Test Case 'CommTests.testCommTest2_3' failed (0.052 seconds)
Test Case 'CommTests.testCommTest3_4' started at 2025-11-14 20:14:06.047
FAIL: comm test 3
Expected output:
abc\n
Actual output:
\tdef\n
	xyz\n

Exit code: 0

==================================================
Test Summary:
  Total:  1
  Passed: 0
  Failed: 1
  Success: 0.0%
==================================================
/var/home/hh/w/swift/swiftybox/Tests/SwiftyBoxTests/Consolidated/CommTests.swift:22: error: CommTests.testCommTest3_4 : XCTAssertEqual failed: ("1") is not equal to ("0") - 1 tests failed
Test Case 'CommTests.testCommTest3_4' failed (0.052 seconds)
Test Case 'CommTests.testCommTest4_5' started at 2025-11-14 20:14:06.099
FAIL: comm test 4
Expected output:
\tabc\n
Actual output:
	def\n
\txyz\n

Exit code: 0

==================================================
Test Summary:
  Total:  1
  Passed: 0
  Failed: 1
  Success: 0.0%
==================================================
/var/home/hh/w/swift/swiftybox/Tests/SwiftyBoxTests/Consolidated/CommTests.swift:22: error: CommTests.testCommTest4_5 : XCTAssertEqual failed: ("1") is not equal to ("0") - 1 tests failed
Test Case 'CommTests.testCommTest4_5' failed (0.052 seconds)
Test Case 'CommTests.testCommTest5_6' started at 2025-11-14 20:14:06.151
FAIL: comm test 5
Expected output:
123\n
Actual output:
abc\n
	\tdef\n

Exit code: 0

==================================================
Test Summary:
  Total:  1
  Passed: 0
  Failed: 1
  Success: 0.0%
==================================================
/var/home/hh/w/swift/swiftybox/Tests/SwiftyBoxTests/Consolidated/CommTests.swift:22: error: CommTests.testCommTest5_6 : XCTAssertEqual failed: ("1") is not equal to ("0") - 1 tests failed
Test Case 'CommTests.testCommTest5_6' failed (0.053 seconds)
Test Case 'CommTests.testCommTest6_7' started at 2025-11-14 20:14:06.204
FAIL: comm test 6
Expected output:
\t123\n
Actual output:
def\n
	\tabc\n

Exit code: 0

==================================================
Test Summary:
  Total:  1
  Passed: 0
  Failed: 1
  Success: 0.0%
==================================================
/var/home/hh/w/swift/swiftybox/Tests/SwiftyBoxTests/Consolidated/CommTests.swift:22: error: CommTests.testCommTest6_7 : XCTAssertEqual failed: ("1") is not equal to ("0") - 1 tests failed
Test Case 'CommTests.testCommTest6_7' failed (0.052 seconds)
Test Case 'CommTests.testCommUnterminatedLine1_8' started at 2025-11-14 20:14:06.256
FAIL: comm unterminated line 1
Expected output:
abc\n
Actual output:
	abc
\tdef\n

Exit code: 0

==================================================
Test Summary:
  Total:  1
  Passed: 0
  Failed: 1
  Success: 0.0%
==================================================
/var/home/hh/w/swift/swiftybox/Tests/SwiftyBoxTests/Consolidated/CommTests.swift:22: error: CommTests.testCommUnterminatedLine1_8 : XCTAssertEqual failed: ("1") is not equal to ("0") - 1 tests failed
Test Case 'CommTests.testCommUnterminatedLine1_8' failed (0.152 seconds)
Test Case 'CommTests.testCommUnterminatedLine2_9' started at 2025-11-14 20:14:06.408
FAIL: comm unterminated line 2
Expected output:
\tabc\n
Actual output:
abc
	def\n

Exit code: 0

==================================================
Test Summary:
  Total:  1
  Passed: 0
  Failed: 1
  Success: 0.0%
==================================================
/var/home/hh/w/swift/swiftybox/Tests/SwiftyBoxTests/Consolidated/CommTests.swift:22: error: CommTests.testCommUnterminatedLine2_9 : XCTAssertEqual failed: ("1") is not equal to ("0") - 1 tests failed
Test Case 'CommTests.testCommUnterminatedLine2_9' failed (0.053 seconds)
Test Case 'CommTests.testDescription_1' started at 2025-11-14 20:14:06.461
FAIL: description
Expected output:
result
Actual output:

Exit code: 0

==================================================
Test Summary:
  Total:  1
  Passed: 0
  Failed: 1
  Success: 0.0%
==================================================
/var/home/hh/w/swift/swiftybox/Tests/SwiftyBoxTests/Consolidated/CommTests.swift:22: error: CommTests.testDescription_1 : XCTAssertEqual failed: ("1") is not equal to ("0") - 1 tests failed
Test Case 'CommTests.testDescription_1' failed (0.053 seconds)
Test Suite 'CommTests' failed at 2025-11-14 20:14:06.514
	 Executed 9 tests, with 9 failures (0 unexpected) in 0.57 (0.57) seconds
Test Suite 'CpTests' started at 2025-11-14 20:14:06.514
Test Case 'CpTests.testCp_RHLDoesNotPreserveLinks' started at 2025-11-14 20:14:06.514
/var/home/hh/w/swift/swiftybox/Tests/SwiftyBoxTests/Consolidated/CpTests.swift:588: error: CpTests.testCp_RHLDoesNotPreserveLinks : XCTAssertFalse failed - With -L, symlinks should be dereferenced
Test Case 'CpTests.testCp_RHLDoesNotPreserveLinks' failed (0.052 seconds)
Test Case 'CpTests.testCp_archiveMultipleFilesToDir' started at 2025-11-14 20:14:06.566
cp: 'dir1' is a directory (not copied)
/var/home/hh/w/swift/swiftybox/Tests/SwiftyBoxTests/Consolidated/CpTests.swift:56: error: CpTests.testCp_archiveMultipleFilesToDir : XCTAssertEqual failed: ("1") is not equal to ("0") - cp -a should succeed
Test Case 'CpTests.testCp_archiveMultipleFilesToDir' failed (0.052 seconds)
Test Case 'CpTests.testCp_archivePreservesSymlinks' started at 2025-11-14 20:14:06.618
Test Case 'CpTests.testCp_archivePreservesSymlinks' passed (0.052 seconds)
Test Case 'CpTests.testCp_copiesDevFile' started at 2025-11-14 20:14:06.669
Test Case 'CpTests.testCp_copiesDevFile' passed (0.052 seconds)
Test Case 'CpTests.testCp_copiesEmptyFile' started at 2025-11-14 20:14:06.721
Test Case 'CpTests.testCp_copiesEmptyFile' passed (0.052 seconds)
Test Case 'CpTests.testCp_copiesLargeFile' started at 2025-11-14 20:14:06.773
1+0 records in
1+0 records out
512 bytes copied, 3.4294e-05 s, 14.9 MB/s
Test Case 'CpTests.testCp_copiesLargeFile' passed (0.11 seconds)
Test Case 'CpTests.testCp_copiesSmallFile' started at 2025-11-14 20:14:06.883
Test Case 'CpTests.testCp_copiesSmallFile' passed (0.051 seconds)
Test Case 'CpTests.testCp_dPreservesSymlinks' started at 2025-11-14 20:14:06.935
Test Case 'CpTests.testCp_dPreservesSymlinks' passed (0.052 seconds)
Test Case 'CpTests.testCp_failsOnUnreadableFile' started at 2025-11-14 20:14:06.986
cp: cannot copy 'foo' to 'bar': The operation could not be completed. You don’t have permission.
Test Case 'CpTests.testCp_failsOnUnreadableFile' passed (0.052 seconds)
Test Case 'CpTests.testCp_followsSymlinks' started at 2025-11-14 20:14:07.038
Test Case 'CpTests.testCp_followsSymlinks' passed (0.051 seconds)
Test Case 'CpTests.testCp_multipleFilesToDir' started at 2025-11-14 20:14:07.089
/var/home/hh/w/swift/swiftybox/Tests/SwiftyBoxTests/Consolidated/CpTests.swift:392: error: CpTests.testCp_multipleFilesToDir : XCTAssertFalse failed - Without -d, symlinks should be dereferenced
Test Case 'CpTests.testCp_multipleFilesToDir' failed (0.052 seconds)
Test Case 'CpTests.testCp_noDereferenceFilesToDir' started at 2025-11-14 20:14:07.141
Test Case 'CpTests.testCp_noDereferenceFilesToDir' passed (0.052 seconds)
Test Case 'CpTests.testCp_parentsOption' started at 2025-11-14 20:14:07.193
/var/home/hh/w/swift/swiftybox/Tests/SwiftyBoxTests/Consolidated/CpTests.swift:453: error: CpTests.testCp_parentsOption : XCTAssertTrue failed - 
Test Case 'CpTests.testCp_parentsOption' failed (0.152 seconds)
Test Case 'CpTests.testCp_preservesHardLinks' started at 2025-11-14 20:14:07.345
/var/home/hh/w/swift/swiftybox/Tests/SwiftyBoxTests/Consolidated/CpTests.swift:492: error: CpTests.testCp_preservesHardLinks : XCTAssertEqual failed: ("10450") is not equal to ("10451") - Hard links should be preserved
Test Case 'CpTests.testCp_preservesHardLinks' failed (0.054 seconds)
Test Case 'CpTests.testCp_preservesSourceFile' started at 2025-11-14 20:14:07.399
Test Case 'CpTests.testCp_preservesSourceFile' passed (0.052 seconds)
Test Case 'CpTests.testCp_recursiveCopyCreatesDir' started at 2025-11-14 20:14:07.450
Test Case 'CpTests.testCp_recursiveCopyCreatesDir' passed (0.052 seconds)
Test Case 'CpTests.testCp_recursiveCopyToExistingDir' started at 2025-11-14 20:14:07.502
Test Case 'CpTests.testCp_recursiveCopyToExistingDir' passed (0.052 seconds)
Test Suite 'CpTests' failed at 2025-11-14 20:14:07.554
	 Executed 17 tests, with 5 failures (0 unexpected) in 1.04 (1.04) seconds
Test Suite 'CutTests' started at 2025-11-14 20:14:07.554
Test Case 'CutTests.testCut_cutsCharacter' started at 2025-11-14 20:14:07.555
Test Case 'CutTests.testCut_cutsCharacter' passed (0.051 seconds)
Test Case 'CutTests.testCut_cutsClosedRange' started at 2025-11-14 20:14:07.606
Test Case 'CutTests.testCut_cutsClosedRange' passed (0.052 seconds)
Test Case 'CutTests.testCut_cutsField' started at 2025-11-14 20:14:07.657
Test Case 'CutTests.testCut_cutsField' passed (0.052 seconds)
Test Case 'CutTests.testCut_cutsOpenRange' started at 2025-11-14 20:14:07.709
cut: invalid character list: '-3'
/var/home/hh/w/swift/swiftybox/Tests/SwiftyBoxTests/Consolidated/CutTests.swift:122: error: CutTests.testCut_cutsOpenRange : XCTAssertEqual failed: ("1") is not equal to ("0") - cut -c -3 should succeed
/var/home/hh/w/swift/swiftybox/Tests/SwiftyBoxTests/Consolidated/CutTests.swift:123: error: CutTests.testCut_cutsOpenRange : XCTAssertEqual failed: ("") is not equal to ("abc") - cut -c -3 should return 'abc' from 'abcd'
Test Case 'CutTests.testCut_cutsOpenRange' failed (0.052 seconds)
Test Case 'CutTests.testCut_cutsUnclosedRange' started at 2025-11-14 20:14:07.761
cut: invalid character list: '3-'
/var/home/hh/w/swift/swiftybox/Tests/SwiftyBoxTests/Consolidated/CutTests.swift:148: error: CutTests.testCut_cutsUnclosedRange : XCTAssertEqual failed: ("1") is not equal to ("0") - cut -c 3- should succeed
/var/home/hh/w/swift/swiftybox/Tests/SwiftyBoxTests/Consolidated/CutTests.swift:149: error: CutTests.testCut_cutsUnclosedRange : XCTAssertEqual failed: ("") is not equal to ("cd") - cut -c 3- should return 'cd' from 'abcd'
Test Case 'CutTests.testCut_cutsUnclosedRange' failed (0.051 seconds)
Test Suite 'CutTests' failed at 2025-11-14 20:14:07.812
	 Executed 5 tests, with 4 failures (0 unexpected) in 0.258 (0.258) seconds
Test Suite 'DateTests' started at 2025-11-14 20:14:07.812
Test Case 'DateTests.testDate_basicOutput' started at 2025-11-14 20:14:07.812
/var/home/hh/w/swift/swiftybox/Tests/SwiftyBoxTests/Consolidated/DateTests.swift:44: error: DateTests.testDate_basicOutput : XCTAssertNotNil failed - date output should match expected format, got: Fri Nov 14 20:14:07 GMT-6 2025
Test Case 'DateTests.testDate_basicOutput' failed (0.054 seconds)
Test Case 'DateTests.testDate_isoFormat' started at 2025-11-14 20:14:07.866
/var/home/hh/w/swift/swiftybox/Tests/SwiftyBoxTests/Consolidated/DateTests.swift:179: error: DateTests.testDate_isoFormat : XCTAssertTrue failed - Should parse ISO format correctly
Test Case 'DateTests.testDate_isoFormat' failed (0.051 seconds)
Test Case 'DateTests.testDate_parseTimeFormats' started at 2025-11-14 20:14:07.917
/var/home/hh/w/swift/swiftybox/Tests/SwiftyBoxTests/Consolidated/DateTests.swift:146: error: DateTests.testDate_parseTimeFormats : XCTAssertEqual failed: ("%") is not equal to ("01:02:00") - Should parse time 1:2 as 01:02:00
/var/home/hh/w/swift/swiftybox/Tests/SwiftyBoxTests/Consolidated/DateTests.swift:161: error: DateTests.testDate_parseTimeFormats : XCTAssertEqual failed: ("%") is not equal to ("01:02:03") - Should parse time 1:2:3 as 01:02:03
Test Case 'DateTests.testDate_parseTimeFormats' failed (0.104 seconds)
Test Case 'DateTests.testDate_rfc2822Format' started at 2025-11-14 20:14:08.021
/var/home/hh/w/swift/swiftybox/Tests/SwiftyBoxTests/Consolidated/DateTests.swift:106: error: DateTests.testDate_rfc2822Format : XCTAssertNotNil failed - date -R output should match RFC 2822 format, got: Fri Nov 14 20:14:08 GMT-6 2025
Test Case 'DateTests.testDate_rfc2822Format' failed (0.052 seconds)
Test Case 'DateTests.testDate_unixTimestamp' started at 2025-11-14 20:14:08.073
/var/home/hh/w/swift/swiftybox/Tests/SwiftyBoxTests/Consolidated/DateTests.swift:126: error: DateTests.testDate_unixTimestamp : XCTAssertTrue failed - Should show year 2010
/var/home/hh/w/swift/swiftybox/Tests/SwiftyBoxTests/Consolidated/DateTests.swift:127: error: DateTests.testDate_unixTimestamp : XCTAssertTrue failed - Should show October
Test Case 'DateTests.testDate_unixTimestamp' failed (0.052 seconds)
Test Case 'DateTests.testDate_utcFlag' started at 2025-11-14 20:14:08.124
/var/home/hh/w/swift/swiftybox/Tests/SwiftyBoxTests/Consolidated/DateTests.swift:83: error: DateTests.testDate_utcFlag : XCTAssertTrue failed - Should show correct UTC time
Test Case 'DateTests.testDate_utcFlag' failed (0.052 seconds)
Test Case 'DateTests.testDate_withFormatString' started at 2025-11-14 20:14:08.176
Test Case 'DateTests.testDate_withFormatString' passed (0.052 seconds)
Test Suite 'DateTests' failed at 2025-11-14 20:14:08.228
	 Executed 7 tests, with 8 failures (0 unexpected) in 0.415 (0.415) seconds
Test Suite 'DdTests' started at 2025-11-14 20:14:08.228
Test Case 'DdTests.testDdAcceptsInputFile' started at 2025-11-14 20:14:08.228
/var/home/hh/w/swift/swiftybox/Tests/SwiftyBoxTests/Consolidated/DdTests.swift:32: error: DdTests.testDdAcceptsInputFile : XCTAssertTrue failed - dd should read from if= file
Test Case 'DdTests.testDdAcceptsInputFile' failed (0.052 seconds)
Test Case 'DdTests.testDdAcceptsOutputFile' started at 2025-11-14 20:14:08.280
/var/home/hh/w/swift/swiftybox/Tests/SwiftyBoxTests/Consolidated/DdTests.swift:40: error: DdTests.testDdAcceptsOutputFile : XCTAssertEqual failed: ("127") is not equal to ("0") - dd should succeed writing to file
/var/home/hh/w/swift/swiftybox/Tests/SwiftyBoxTests/Consolidated/DdTests.swift:47: error: DdTests.testDdAcceptsOutputFile : failed - Output file should exist and be readable
Test Case 'DdTests.testDdAcceptsOutputFile' failed (0.052 seconds)
Test Case 'DdTests.testDdBlockSize' started at 2025-11-14 20:14:08.331
/var/home/hh/w/swift/swiftybox/Tests/SwiftyBoxTests/Consolidated/DdTests.swift:68: error: DdTests.testDdBlockSize : XCTAssertEqual failed: ("127") is not equal to ("0") - dd with bs= should succeed
Test Case 'DdTests.testDdBlockSize' failed (0.052 seconds)
Test Case 'DdTests.testDdCopiesStdinToStdout' started at 2025-11-14 20:14:08.384
/var/home/hh/w/swift/swiftybox/Tests/SwiftyBoxTests/Consolidated/DdTests.swift:24: error: DdTests.testDdCopiesStdinToStdout : XCTAssertTrue failed - dd should copy stdin to stdout
Test Case 'DdTests.testDdCopiesStdinToStdout' failed (0.051 seconds)
Test Case 'DdTests.testDdCount' started at 2025-11-14 20:14:08.435
/var/home/hh/w/swift/swiftybox/Tests/SwiftyBoxTests/Consolidated/DdTests.swift:85: error: DdTests.testDdCount : XCTAssertEqual failed: ("127") is not equal to ("0") - dd with count= should succeed
Test Case 'DdTests.testDdCount' failed (0.052 seconds)
Test Case 'DdTests.testDdCountBytes' started at 2025-11-14 20:14:08.487
/var/home/hh/w/swift/swiftybox/Tests/SwiftyBoxTests/Consolidated/DdTests.swift:57: error: DdTests.testDdCountBytes : XCTAssertTrue failed - dd count=3 should copy only 3 bytes
Test Case 'DdTests.testDdCountBytes' failed (0.052 seconds)
Test Case 'DdTests.testDdStatsToStderr' started at 2025-11-14 20:14:08.539
/var/home/hh/w/swift/swiftybox/Tests/SwiftyBoxTests/Consolidated/DdTests.swift:102: error: DdTests.testDdStatsToStderr : XCTAssertTrue failed - dd stderr should contain transfer statistics
Test Case 'DdTests.testDdStatsToStderr' failed (0.052 seconds)
Test Suite 'DdTests' failed at 2025-11-14 20:14:08.591
	 Executed 7 tests, with 8 failures (0 unexpected) in 0.363 (0.363) seconds
Test Suite 'DiffTests' started at 2025-11-14 20:14:08.591
Test Case 'DiffTests.testDiffAlwaysTakesContextFromOldFile_13' started at 2025-11-14 20:14:08.591
FAIL: diff always takes context from old file
Expected output:
 --- -
+++ input
@@ -1 +1,3 @@
+abc
 a c
+def

Actual output:

Exit code: 0

==================================================
Test Summary:
  Total:  1
  Passed: 0
  Failed: 1
  Success: 0.0%
==================================================
/var/home/hh/w/swift/swiftybox/Tests/SwiftyBoxTests/Consolidated/DiffTests.swift:22: error: DiffTests.testDiffAlwaysTakesContextFromOldFile_13 : XCTAssertEqual failed: ("1") is not equal to ("0") - 1 tests failed
Test Case 'DiffTests.testDiffAlwaysTakesContextFromOldFile_13' failed (0.152 seconds)
Test Case 'DiffTests.testDiffBDoesNotIgnoreChangesWhoseLinesAreNotAllBlank_10' started at 2025-11-14 20:14:08.743
FAIL: diff -B does not ignore changes whose lines are not all blank
Expected output:
 --- -
+++ input
@@ -1,3 +1 @@
-
-b
-
+a

Actual output:

Exit code: 0

==================================================
Test Summary:
  Total:  1
  Passed: 0
  Failed: 1
  Success: 0.0%
==================================================
/var/home/hh/w/swift/swiftybox/Tests/SwiftyBoxTests/Consolidated/DiffTests.swift:22: error: DiffTests.testDiffBDoesNotIgnoreChangesWhoseLinesAreNotAllBlank_10 : XCTAssertEqual failed: ("1") is not equal to ("0") - 1 tests failed
Test Case 'DiffTests.testDiffBDoesNotIgnoreChangesWhoseLinesAreNotAllBlank_10' failed (0.054 seconds)
Test Case 'DiffTests.testDiffBDoesNotIgnoreNonBlankSingleLineChange_12' started at 2025-11-14 20:14:08.797
FAIL: diff -B does not ignore non-blank single line change
Expected output:
Files - and input differ\n1\n
Actual output:
Files - and input differ
1

Exit code: 0

==================================================
Test Summary:
  Total:  1
  Passed: 0
  Failed: 1
  Success: 0.0%
==================================================
/var/home/hh/w/swift/swiftybox/Tests/SwiftyBoxTests/Consolidated/DiffTests.swift:22: error: DiffTests.testDiffBDoesNotIgnoreNonBlankSingleLineChange_12 : XCTAssertEqual failed: ("1") is not equal to ("0") - 1 tests failed
Test Case 'DiffTests.testDiffBDoesNotIgnoreNonBlankSingleLineChange_12' failed (0.052 seconds)
Test Case 'DiffTests.testDiffBIgnoresBlankSingleLineChange_11' started at 2025-11-14 20:14:08.849
FAIL: diff -B ignores blank single line change
Expected output:
0\n
Actual output:
Files - and input differ
1

Exit code: 0

==================================================
Test Summary:
  Total:  1
  Passed: 0
  Failed: 1
  Success: 0.0%
==================================================
/var/home/hh/w/swift/swiftybox/Tests/SwiftyBoxTests/Consolidated/DiffTests.swift:22: error: DiffTests.testDiffBIgnoresBlankSingleLineChange_11 : XCTAssertEqual failed: ("1") is not equal to ("0") - 1 tests failed
Test Case 'DiffTests.testDiffBIgnoresBlankSingleLineChange_11' failed (0.052 seconds)
Test Case 'DiffTests.testDiffBIgnoresChangesWhoseLinesAreAllBlank_9' started at 2025-11-14 20:14:08.901
FAIL: diff -B ignores changes whose lines are all blank
Expected output:
0\n
Actual output:
--- -	2025-11-14 20:14:08.905710949 -0600
+++ input	2025-11-14 20:14:08.900246718 -0600
@@ -1 +1 @@
-\na\n\n
\ No newline at end of file
+a\n
\ No newline at end of file
1

Exit code: 0

==================================================
Test Summary:
  Total:  1
  Passed: 0
  Failed: 1
  Success: 0.0%
==================================================
/var/home/hh/w/swift/swiftybox/Tests/SwiftyBoxTests/Consolidated/DiffTests.swift:22: error: DiffTests.testDiffBIgnoresChangesWhoseLinesAreAllBlank_9 : XCTAssertEqual failed: ("1") is not equal to ("0") - 1 tests failed
Test Case 'DiffTests.testDiffBIgnoresChangesWhoseLinesAreAllBlank_9' failed (0.053 seconds)
Test Case 'DiffTests.testDiffBTreatsAllSpacesAsEqual_8' started at 2025-11-14 20:14:08.954
FAIL: diff -b treats all spaces as equal
Expected output:
0\n
Actual output:
--- -	2025-11-14 20:14:08.956646345 -0600
+++ input	2025-11-14 20:14:08.953246118 -0600
@@ -1 +1 @@
-a\t \tc\n
\ No newline at end of file
+a \t c\n
\ No newline at end of file
1

Exit code: 0

==================================================
Test Summary:
  Total:  1
  Passed: 0
  Failed: 1
  Success: 0.0%
==================================================
/var/home/hh/w/swift/swiftybox/Tests/SwiftyBoxTests/Consolidated/DiffTests.swift:22: error: DiffTests.testDiffBTreatsAllSpacesAsEqual_8 : XCTAssertEqual failed: ("1") is not equal to ("0") - 1 tests failed
Test Case 'DiffTests.testDiffBTreatsAllSpacesAsEqual_8' failed (0.052 seconds)
Test Case 'DiffTests.testDiffBTreatsEofAsWhitespace_7' started at 2025-11-14 20:14:09.006
FAIL: diff -b treats EOF as whitespace
Expected output:
0\n
Actual output:
0

Exit code: 0

==================================================
Test Summary:
  Total:  1
  Passed: 0
  Failed: 1
  Success: 0.0%
==================================================
/var/home/hh/w/swift/swiftybox/Tests/SwiftyBoxTests/Consolidated/DiffTests.swift:22: error: DiffTests.testDiffBTreatsEofAsWhitespace_7 : XCTAssertEqual failed: ("1") is not equal to ("0") - 1 tests failed
Test Case 'DiffTests.testDiffBTreatsEofAsWhitespace_7' failed (0.052 seconds)
Test Case 'DiffTests.testDiffDiff1Diff2Subdir_15' started at 2025-11-14 20:14:09.058
FAIL: diff diff1 diff2/subdir
Expected output:
 --- diff1/-
+++ diff2/subdir/-
@@ -1 +1 @@
-qwe
+asd

Actual output:

Exit code: 0

==================================================
Test Summary:
  Total:  1
  Passed: 0
  Failed: 1
  Success: 0.0%
==================================================
/var/home/hh/w/swift/swiftybox/Tests/SwiftyBoxTests/Consolidated/DiffTests.swift:22: error: DiffTests.testDiffDiff1Diff2Subdir_15 : XCTAssertEqual failed: ("1") is not equal to ("0") - 1 tests failed
Test Case 'DiffTests.testDiffDiff1Diff2Subdir_15' failed (0.051 seconds)
Test Case 'DiffTests.testDiffDiff1Diff2_20' started at 2025-11-14 20:14:09.109
FAIL: diff diff1 diff2/
Expected output:
 --- diff1/-
+++ diff2/-
@@ -1 +1 @@
-qwe
+rty
--- .///diff1/-
+++ diff2////-
@@ -1 +1 @@
-qwe
+rty

Actual output:

Exit code: 0

==================================================
Test Summary:
  Total:  1
  Passed: 0
  Failed: 1
  Success: 0.0%
==================================================
/var/home/hh/w/swift/swiftybox/Tests/SwiftyBoxTests/Consolidated/DiffTests.swift:22: error: DiffTests.testDiffDiff1Diff2_20 : XCTAssertEqual failed: ("1") is not equal to ("0") - 1 tests failed
Test Case 'DiffTests.testDiffDiff1Diff2_20' failed (0.054 seconds)
Test Case 'DiffTests.testDiffDirDir2File_16' started at 2025-11-14 20:14:09.163
FAIL: diff dir dir2/file/-
Expected output:
 --- diff1/-
+++ diff2/subdir/-
@@ -1 +1 @@
-qwe
+asd

Actual output:

Exit code: 0

==================================================
Test Summary:
  Total:  1
  Passed: 0
  Failed: 1
  Success: 0.0%
==================================================
/var/home/hh/w/swift/swiftybox/Tests/SwiftyBoxTests/Consolidated/DiffTests.swift:22: error: DiffTests.testDiffDirDir2File_16 : XCTAssertEqual failed: ("1") is not equal to ("0") - 1 tests failed
Test Case 'DiffTests.testDiffDirDir2File_16' failed (0.052 seconds)
Test Case 'DiffTests.testDiffOfDirAndFifo_17' started at 2025-11-14 20:14:09.215
FAIL: diff of dir and fifo
Expected output:
 --- diff1/-
+++ diff2/subdir/-
@@ -1 +1 @@
-qwe
+asd
Only in diff2/subdir: test

Actual output:

Exit code: 0

==================================================
Test Summary:
  Total:  1
  Passed: 0
  Failed: 1
  Success: 0.0%
==================================================
/var/home/hh/w/swift/swiftybox/Tests/SwiftyBoxTests/Consolidated/DiffTests.swift:22: error: DiffTests.testDiffOfDirAndFifo_17 : XCTAssertEqual failed: ("1") is not equal to ("0") - 1 tests failed
Test Case 'DiffTests.testDiffOfDirAndFifo_17' failed (0.052 seconds)
Test Case 'DiffTests.testDiffOfEmptyFileAgainstNonemptyOne_6' started at 2025-11-14 20:14:09.267
FAIL: diff of empty file against nonempty one
Expected output:
 --- -
+++ input
@@ -0,0 +1 @@
+a

Actual output:

Exit code: 0

==================================================
Test Summary:
  Total:  1
  Passed: 0
  Failed: 1
  Success: 0.0%
==================================================
/var/home/hh/w/swift/swiftybox/Tests/SwiftyBoxTests/Consolidated/DiffTests.swift:22: error: DiffTests.testDiffOfEmptyFileAgainstNonemptyOne_6 : XCTAssertEqual failed: ("1") is not equal to ("0") - 1 tests failed
Test Case 'DiffTests.testDiffOfEmptyFileAgainstNonemptyOne_6' failed (0.053 seconds)
Test Case 'DiffTests.testDiffOfEmptyFileAgainstStdin_5' started at 2025-11-14 20:14:09.320
FAIL: diff of empty file against stdin
Expected output:
 --- -
+++ input
@@ -1 +0,0 @@
-a

Actual output:

Exit code: 0

==================================================
Test Summary:
  Total:  1
  Passed: 0
  Failed: 1
  Success: 0.0%
==================================================
/var/home/hh/w/swift/swiftybox/Tests/SwiftyBoxTests/Consolidated/DiffTests.swift:22: error: DiffTests.testDiffOfEmptyFileAgainstStdin_5 : XCTAssertEqual failed: ("1") is not equal to ("0") - 1 tests failed
Test Case 'DiffTests.testDiffOfEmptyFileAgainstStdin_5' failed (0.052 seconds)
Test Case 'DiffTests.testDiffOfFileAndFifo_18' started at 2025-11-14 20:14:09.371
FAIL: diff of file and fifo
Expected output:
 --- diff1/-
+++ diff2/subdir/-
@@ -1 +1 @@
-qwe
+asd
File diff2/subdir/test is not a regular file or directory and was skipped

Actual output:

Exit code: 0

==================================================
Test Summary:
  Total:  1
  Passed: 0
  Failed: 1
  Success: 0.0%
==================================================
/var/home/hh/w/swift/swiftybox/Tests/SwiftyBoxTests/Consolidated/DiffTests.swift:22: error: DiffTests.testDiffOfFileAndFifo_18 : XCTAssertEqual failed: ("1") is not equal to ("0") - 1 tests failed
Test Case 'DiffTests.testDiffOfFileAndFifo_18' failed (0.052 seconds)
Test Case 'DiffTests.testDiffOfStdinNoNewlineInTheFile_3' started at 2025-11-14 20:14:09.423
FAIL: diff of stdin, no newline in the file
Expected output:
 --- -
+++ input
@@ -1 +1,3 @@
+qwe
 asd
+zxc
\\ No newline at end of file

Actual output:

Exit code: 0

==================================================
Test Summary:
  Total:  1
  Passed: 0
  Failed: 1
  Success: 0.0%
==================================================
/var/home/hh/w/swift/swiftybox/Tests/SwiftyBoxTests/Consolidated/DiffTests.swift:22: error: DiffTests.testDiffOfStdinNoNewlineInTheFile_3 : XCTAssertEqual failed: ("1") is not equal to ("0") - 1 tests failed
Test Case 'DiffTests.testDiffOfStdinNoNewlineInTheFile_3' failed (0.052 seconds)
Test Case 'DiffTests.testDiffOfStdinTwice_4' started at 2025-11-14 20:14:09.475
FAIL: diff of stdin, twice
Expected output:
0\n5\n
Actual output:
0
5

Exit code: 0

==================================================
Test Summary:
  Total:  1
  Passed: 0
  Failed: 1
  Success: 0.0%
==================================================
/var/home/hh/w/swift/swiftybox/Tests/SwiftyBoxTests/Consolidated/DiffTests.swift:22: error: DiffTests.testDiffOfStdinTwice_4 : XCTAssertEqual failed: ("1") is not equal to ("0") - 1 tests failed
Test Case 'DiffTests.testDiffOfStdinTwice_4' failed (0.052 seconds)
Test Case 'DiffTests.testDiffOfStdin_2' started at 2025-11-14 20:14:09.527
FAIL: diff of stdin
Expected output:
 --- -
+++ input
@@ -1 +1,3 @@
+qwe
 asd
+zxc

Actual output:

Exit code: 0

==================================================
Test Summary:
  Total:  1
  Passed: 0
  Failed: 1
  Success: 0.0%
==================================================
/var/home/hh/w/swift/swiftybox/Tests/SwiftyBoxTests/Consolidated/DiffTests.swift:22: error: DiffTests.testDiffOfStdin_2 : XCTAssertEqual failed: ("1") is not equal to ("0") - 1 tests failed
Test Case 'DiffTests.testDiffOfStdin_2' failed (0.052 seconds)
Test Case 'DiffTests.testDiffRnDoesNotReadNonRegularFiles_19' started at 2025-11-14 20:14:09.579
FAIL: diff -rN does not read non-regular files
Expected output:
 --- diff1/-
+++ diff2/subdir/-
@@ -1 +1 @@
-qwe
+asd
File diff2/subdir/test is not a regular file or directory and was skipped
File diff1/test2 is not a regular file or directory and was skipped

Actual output:

Exit code: 0

==================================================
Test Summary:
  Total:  1
  Passed: 0
  Failed: 1
  Success: 0.0%
==================================================
/var/home/hh/w/swift/swiftybox/Tests/SwiftyBoxTests/Consolidated/DiffTests.swift:22: error: DiffTests.testDiffRnDoesNotReadNonRegularFiles_19 : XCTAssertEqual failed: ("1") is not equal to ("0") - 1 tests failed
Test Case 'DiffTests.testDiffRnDoesNotReadNonRegularFiles_19' failed (0.052 seconds)
Test Case 'DiffTests.testTestName_1' started at 2025-11-14 20:14:09.631
FAIL: test name
Expected output:
expected result
Actual output:

Exit code: 127

==================================================
Test Summary:
  Total:  1
  Passed: 0
  Failed: 1
  Success: 0.0%
==================================================
/var/home/hh/w/swift/swiftybox/Tests/SwiftyBoxTests/Consolidated/DiffTests.swift:22: error: DiffTests.testTestName_1 : XCTAssertEqual failed: ("1") is not equal to ("0") - 1 tests failed
Test Case 'DiffTests.testTestName_1' failed (0.052 seconds)
Test Case 'DiffTests.testTestName_14' started at 2025-11-14 20:14:09.683
FAIL: test name
Expected output:
expected result
Actual output:

Exit code: 127

==================================================
Test Summary:
  Total:  1
  Passed: 0
  Failed: 1
  Success: 0.0%
==================================================
/var/home/hh/w/swift/swiftybox/Tests/SwiftyBoxTests/Consolidated/DiffTests.swift:22: error: DiffTests.testTestName_14 : XCTAssertEqual failed: ("1") is not equal to ("0") - 1 tests failed
Test Case 'DiffTests.testTestName_14' failed (0.052 seconds)
Test Suite 'DiffTests' failed at 2025-11-14 20:14:09.735
	 Executed 20 tests, with 20 failures (0 unexpected) in 1.143 (1.143) seconds
Test Suite 'DirnameTests' started at 2025-11-14 20:14:09.735
Test Case 'DirnameTests.testDirname_handlesAbsolutePath' started at 2025-11-14 20:14:09.735
Test Case 'DirnameTests.testDirname_handlesAbsolutePath' passed (0.051 seconds)
Test Case 'DirnameTests.testDirname_handlesEmptyPath' started at 2025-11-14 20:14:09.786
Test Case 'DirnameTests.testDirname_handlesEmptyPath' passed (0.051 seconds)
Test Case 'DirnameTests.testDirname_handlesMultipleSlashes' started at 2025-11-14 20:14:09.837
Test Case 'DirnameTests.testDirname_handlesMultipleSlashes' passed (0.051 seconds)
Test Case 'DirnameTests.testDirname_handlesRelativePath' started at 2025-11-14 20:14:09.889
Test Case 'DirnameTests.testDirname_handlesRelativePath' passed (0.152 seconds)
Test Case 'DirnameTests.testDirname_handlesRoot' started at 2025-11-14 20:14:10.041
/var/home/hh/w/swift/swiftybox/Tests/SwiftyBoxTests/Consolidated/DirnameTests.swift:109: error: DirnameTests.testDirname_handlesRoot : XCTAssertEqual failed: (".") is not equal to ("/") - dirname of '/' should be '/'
Test Case 'DirnameTests.testDirname_handlesRoot' failed (0.052 seconds)
Test Case 'DirnameTests.testDirname_handlesSingleComponent' started at 2025-11-14 20:14:10.093
Test Case 'DirnameTests.testDirname_handlesSingleComponent' passed (0.052 seconds)
Test Case 'DirnameTests.testDirname_matchesSystemDirname' started at 2025-11-14 20:14:10.145
Test Case 'DirnameTests.testDirname_matchesSystemDirname' passed (0.103 seconds)
Test Suite 'DirnameTests' failed at 2025-11-14 20:14:10.247
	 Executed 7 tests, with 1 failure (0 unexpected) in 0.513 (0.513) seconds
Test Suite 'DuTests' started at 2025-11-14 20:14:10.247
Test Case 'DuTests.testDu_basicFunctionality' started at 2025-11-14 20:14:10.247
Test Case 'DuTests.testDu_basicFunctionality' passed (0.104 seconds)
Test Case 'DuTests.testDu_countHardLinks' started at 2025-11-14 20:14:10.351
/var/home/hh/w/swift/swiftybox/Tests/SwiftyBoxTests/Consolidated/DuTests.swift:139: error: DuTests.testDu_countHardLinks : XCTAssertTrue failed - Size with hard links should be approximately 144-156 KB, got 0
Test Case 'DuTests.testDu_countHardLinks' failed (0.053 seconds)
Test Case 'DuTests.testDu_humanReadableFlag' started at 2025-11-14 20:14:10.404
Test Case 'DuTests.testDu_humanReadableFlag' passed (0.053 seconds)
Test Case 'DuTests.testDu_kilobytesFlag' started at 2025-11-14 20:14:10.457
/var/home/hh/w/swift/swiftybox/Tests/SwiftyBoxTests/Consolidated/DuTests.swift:95: error: DuTests.testDu_kilobytesFlag : XCTAssertTrue failed - Size should be approximately 80-88 KB, got 0
Test Case 'DuTests.testDu_kilobytesFlag' failed (0.052 seconds)
Test Case 'DuTests.testDu_megabytesFlag' started at 2025-11-14 20:14:10.509
/var/home/hh/w/swift/swiftybox/Tests/SwiftyBoxTests/Consolidated/DuTests.swift:170: error: DuTests.testDu_megabytesFlag : XCTAssertTrue failed - Should show size as 1 MB
Test Case 'DuTests.testDu_megabytesFlag' failed (0.054 seconds)
Test Case 'DuTests.testDu_summaryFlag' started at 2025-11-14 20:14:10.563
Test Case 'DuTests.testDu_summaryFlag' passed (0.103 seconds)
Test Suite 'DuTests' failed at 2025-11-14 20:14:10.666
	 Executed 6 tests, with 3 failures (0 unexpected) in 0.419 (0.419) seconds
Test Suite 'EchoTests' started at 2025-11-14 20:14:10.666
Test Case 'EchoTests.testEcho_nSuppressesNewline' started at 2025-11-14 20:14:10.666
Test Case 'EchoTests.testEcho_nSuppressesNewline' passed (0.151 seconds)
Test Case 'EchoTests.testEcho_printsArgument' started at 2025-11-14 20:14:10.818
Test Case 'EchoTests.testEcho_printsArgument' passed (0.052 seconds)
Test Case 'EchoTests.testEcho_printsDash' started at 2025-11-14 20:14:10.870
Test Case 'EchoTests.testEcho_printsDash' passed (0.052 seconds)
Test Case 'EchoTests.testEcho_printsMultipleArguments' started at 2025-11-14 20:14:10.922
Test Case 'EchoTests.testEcho_printsMultipleArguments' passed (0.052 seconds)
Test Case 'EchoTests.testEcho_printsNewline' started at 2025-11-14 20:14:10.974
Test Case 'EchoTests.testEcho_printsNewline' passed (0.052 seconds)
Test Case 'EchoTests.testEcho_printsNonOptions' started at 2025-11-14 20:14:11.026
Test Case 'EchoTests.testEcho_printsNonOptions' passed (0.051 seconds)
Test Case 'EchoTests.testEcho_printsNullByte' started at 2025-11-14 20:14:11.077
/var/home/hh/w/swift/swiftybox/Tests/SwiftyBoxTests/Consolidated/EchoTests.swift:240: error: EchoTests.testEcho_printsNullByte : XCTAssertEqual failed: ("2d 65 20 2d 6e 20 6d 73 67 5c 6e 5c 30 0a") is not equal to ("6d 73 67 0a 00") - echo -e -n should output msg\n\0
Test Case 'EchoTests.testEcho_printsNullByte' failed (0.052 seconds)
Test Case 'EchoTests.testEcho_printsOctalEscape00041' started at 2025-11-14 20:14:11.129
/var/home/hh/w/swift/swiftybox/Tests/SwiftyBoxTests/Consolidated/EchoTests.swift:155: error: EchoTests.testEcho_printsOctalEscape00041 : XCTAssertEqual failed: ("2d 6e 65 20 5c 30 30 30 34 31 7a 0a") is not equal to ("04 31 7a") - echo -ne should parse \00041 as octal \0004 + '1'
Test Case 'EchoTests.testEcho_printsOctalEscape00041' failed (0.052 seconds)
Test Case 'EchoTests.testEcho_printsOctalEscape0041' started at 2025-11-14 20:14:11.181
/var/home/hh/w/swift/swiftybox/Tests/SwiftyBoxTests/Consolidated/EchoTests.swift:177: error: EchoTests.testEcho_printsOctalEscape0041 : XCTAssertEqual failed: ("2d 6e 65 20 5c 30 30 34 31 7a 0a") is not equal to ("21 7a") - echo -ne should parse \0041 as octal for '!'
Test Case 'EchoTests.testEcho_printsOctalEscape0041' failed (0.053 seconds)
Test Case 'EchoTests.testEcho_printsOctalEscape041' started at 2025-11-14 20:14:11.233
/var/home/hh/w/swift/swiftybox/Tests/SwiftyBoxTests/Consolidated/EchoTests.swift:198: error: EchoTests.testEcho_printsOctalEscape041 : XCTAssertEqual failed: ("2d 6e 65 20 5c 30 34 31 7a 0a") is not equal to ("21 7a") - echo -ne should parse \041 as octal for '!'
Test Case 'EchoTests.testEcho_printsOctalEscape041' failed (0.052 seconds)
Test Case 'EchoTests.testEcho_printsOctalEscape41' started at 2025-11-14 20:14:11.285
/var/home/hh/w/swift/swiftybox/Tests/SwiftyBoxTests/Consolidated/EchoTests.swift:219: error: EchoTests.testEcho_printsOctalEscape41 : XCTAssertEqual failed: ("2d 6e 65 20 5c 34 31 7a 0a") is not equal to ("21 7a") - echo -ne should parse \41 as octal for '!'
Test Case 'EchoTests.testEcho_printsOctalEscape41' failed (0.053 seconds)
Test Suite 'EchoTests' failed at 2025-11-14 20:14:11.339
	 Executed 11 tests, with 5 failures (0 unexpected) in 0.672 (0.672) seconds
Test Suite 'ExpandTests' started at 2025-11-14 20:14:11.339
Test Case 'ExpandTests.testExpandWithUnicodeCharacher0x394_3' started at 2025-11-14 20:14:11.339
FAIL: expand with unicode characher 0x394
Expected output:
Δ       12345ΔΔΔ        12345678\n
Actual output:
Δ\t12345ΔΔΔ\t12345678\n
Exit code: 0

==================================================
Test Summary:
  Total:  1
  Passed: 0
  Failed: 1
  Success: 0.0%
==================================================
/var/home/hh/w/swift/swiftybox/Tests/SwiftyBoxTests/Consolidated/ExpandTests.swift:22: error: ExpandTests.testExpandWithUnicodeCharacher0x394_3 : XCTAssertEqual failed: ("1") is not equal to ("0") - 1 tests failed
Test Case 'ExpandTests.testExpandWithUnicodeCharacher0x394_3' failed (0.052 seconds)
Test Case 'ExpandTests.testExpand_2' started at 2025-11-14 20:14:11.390
FAIL: expand
Expected output:
        12345678        12345678\n
Actual output:
\t12345678\t12345678\n
Exit code: 0

==================================================
Test Summary:
  Total:  1
  Passed: 0
  Failed: 1
  Success: 0.0%
==================================================
/var/home/hh/w/swift/swiftybox/Tests/SwiftyBoxTests/Consolidated/ExpandTests.swift:22: error: ExpandTests.testExpand_2 : XCTAssertEqual failed: ("1") is not equal to ("0") - 1 tests failed
Test Case 'ExpandTests.testExpand_2' failed (0.052 seconds)
Test Case 'ExpandTests.testTestName_1' started at 2025-11-14 20:14:11.442
FAIL: test name
Expected output:
expected result
Actual output:

Exit code: 127

==================================================
Test Summary:
  Total:  1
  Passed: 0
  Failed: 1
  Success: 0.0%
==================================================
/var/home/hh/w/swift/swiftybox/Tests/SwiftyBoxTests/Consolidated/ExpandTests.swift:22: error: ExpandTests.testTestName_1 : XCTAssertEqual failed: ("1") is not equal to ("0") - 1 tests failed
Test Case 'ExpandTests.testTestName_1' failed (0.052 seconds)
Test Suite 'ExpandTests' failed at 2025-11-14 20:14:11.494
	 Executed 3 tests, with 3 failures (0 unexpected) in 0.156 (0.156) seconds
Test Suite 'ExprTests' started at 2025-11-14 20:14:11.494
Test Case 'ExprTests.testAddition' started at 2025-11-14 20:14:11.494
Test Case 'ExprTests.testAddition' passed (0.051 seconds)
Test Case 'ExprTests.testAndOperation_BothFalse' started at 2025-11-14 20:14:11.546
/var/home/hh/w/swift/swiftybox/Tests/SwiftyBoxTests/Consolidated/ExprTests.swift:36: error: ExprTests.testAndOperation_BothFalse : XCTAssertEqual failed: ("CommandResult(exitCode: 1, stdout: "", stderr: "expr: unknown operator: &\n")") is not equal to ("CommandResult(exitCode: 1, stdout: "0\n", stderr: "")") - 
Test Case 'ExprTests.testAndOperation_BothFalse' failed (0.052 seconds)
Test Case 'ExprTests.testAndOperation_BothTrue' started at 2025-11-14 20:14:11.598
/var/home/hh/w/swift/swiftybox/Tests/SwiftyBoxTests/Consolidated/ExprTests.swift:24: error: ExprTests.testAndOperation_BothTrue : XCTAssertEqual failed: ("CommandResult(exitCode: 1, stdout: "", stderr: "expr: unknown operator: &\n")") is not equal to ("CommandResult(exitCode: 0, stdout: "1\n", stderr: "")") - 
Test Case 'ExprTests.testAndOperation_BothTrue' failed (0.051 seconds)
Test Case 'ExprTests.testAndOperation_FirstFalse' started at 2025-11-14 20:14:11.649
/var/home/hh/w/swift/swiftybox/Tests/SwiftyBoxTests/Consolidated/ExprTests.swift:28: error: ExprTests.testAndOperation_FirstFalse : XCTAssertEqual failed: ("CommandResult(exitCode: 1, stdout: "", stderr: "expr: unknown operator: &\n")") is not equal to ("CommandResult(exitCode: 1, stdout: "0\n", stderr: "")") - 
Test Case 'ExprTests.testAndOperation_FirstFalse' failed (0.051 seconds)
Test Case 'ExprTests.testAndOperation_SecondFalse' started at 2025-11-14 20:14:11.700
/var/home/hh/w/swift/swiftybox/Tests/SwiftyBoxTests/Consolidated/ExprTests.swift:32: error: ExprTests.testAndOperation_SecondFalse : XCTAssertEqual failed: ("CommandResult(exitCode: 1, stdout: "", stderr: "expr: unknown operator: &\n")") is not equal to ("CommandResult(exitCode: 1, stdout: "0\n", stderr: "")") - 
Test Case 'ExprTests.testAndOperation_SecondFalse' failed (0.051 seconds)
Test Case 'ExprTests.testBigNumber_MaxInt64' started at 2025-11-14 20:14:11.752
Test Case 'ExprTests.testBigNumber_MaxInt64' passed (0.052 seconds)
Test Case 'ExprTests.testBigNumber_NegativeComparison' started at 2025-11-14 20:14:11.804
Test Case 'ExprTests.testBigNumber_NegativeComparison' passed (0.052 seconds)
Test Case 'ExprTests.testBigNumber_Overflow32Bit' started at 2025-11-14 20:14:11.856
Test Case 'ExprTests.testBigNumber_Overflow32Bit' passed (0.052 seconds)
Test Case 'ExprTests.testDivision' started at 2025-11-14 20:14:11.908
Test Case 'ExprTests.testDivision' passed (0.052 seconds)
Test Case 'ExprTests.testGreaterThanOrEqual_False' started at 2025-11-14 20:14:11.960
/var/home/hh/w/swift/swiftybox/Tests/SwiftyBoxTests/Consolidated/ExprTests.swift:78: error: ExprTests.testGreaterThanOrEqual_False : XCTAssertEqual failed: ("CommandResult(exitCode: 0, stdout: "0\n", stderr: "")") is not equal to ("CommandResult(exitCode: 1, stdout: "0\n", stderr: "")") - 
Test Case 'ExprTests.testGreaterThanOrEqual_False' failed (0.051 seconds)
Test Case 'ExprTests.testGreaterThanOrEqual_True_Equal' started at 2025-11-14 20:14:12.011
Test Case 'ExprTests.testGreaterThanOrEqual_True_Equal' passed (0.052 seconds)
Test Case 'ExprTests.testGreaterThanOrEqual_True_Greater' started at 2025-11-14 20:14:12.063
Test Case 'ExprTests.testGreaterThanOrEqual_True_Greater' passed (0.052 seconds)
Test Case 'ExprTests.testGreaterThan_False' started at 2025-11-14 20:14:12.114
/var/home/hh/w/swift/swiftybox/Tests/SwiftyBoxTests/Consolidated/ExprTests.swift:54: error: ExprTests.testGreaterThan_False : XCTAssertEqual failed: ("CommandResult(exitCode: 0, stdout: "0\n", stderr: "")") is not equal to ("CommandResult(exitCode: 1, stdout: "0\n", stderr: "")") - 
Test Case 'ExprTests.testGreaterThan_False' failed (0.052 seconds)
Test Case 'ExprTests.testGreaterThan_True' started at 2025-11-14 20:14:12.166
Test Case 'ExprTests.testGreaterThan_True' passed (0.052 seconds)
Test Case 'ExprTests.testLessThanOrEqual_False' started at 2025-11-14 20:14:12.218
/var/home/hh/w/swift/swiftybox/Tests/SwiftyBoxTests/Consolidated/ExprTests.swift:66: error: ExprTests.testLessThanOrEqual_False : XCTAssertEqual failed: ("CommandResult(exitCode: 0, stdout: "0\n", stderr: "")") is not equal to ("CommandResult(exitCode: 1, stdout: "0\n", stderr: "")") - 
Test Case 'ExprTests.testLessThanOrEqual_False' failed (0.052 seconds)
Test Case 'ExprTests.testLessThanOrEqual_True_Equal' started at 2025-11-14 20:14:12.269
Test Case 'ExprTests.testLessThanOrEqual_True_Equal' passed (0.051 seconds)
Test Case 'ExprTests.testLessThanOrEqual_True_Less' started at 2025-11-14 20:14:12.321
Test Case 'ExprTests.testLessThanOrEqual_True_Less' passed (0.051 seconds)
Test Case 'ExprTests.testLessThan_False' started at 2025-11-14 20:14:12.372
/var/home/hh/w/swift/swiftybox/Tests/SwiftyBoxTests/Consolidated/ExprTests.swift:46: error: ExprTests.testLessThan_False : XCTAssertEqual failed: ("CommandResult(exitCode: 0, stdout: "0\n", stderr: "")") is not equal to ("CommandResult(exitCode: 1, stdout: "0\n", stderr: "")") - 
Test Case 'ExprTests.testLessThan_False' failed (0.152 seconds)
Test Case 'ExprTests.testLessThan_True' started at 2025-11-14 20:14:12.524
Test Case 'ExprTests.testLessThan_True' passed (0.051 seconds)
Test Case 'ExprTests.testModulus' started at 2025-11-14 20:14:12.575
Test Case 'ExprTests.testModulus' passed (0.051 seconds)
Test Case 'ExprTests.testMultiplication' started at 2025-11-14 20:14:12.626
Test Case 'ExprTests.testMultiplication' passed (0.051 seconds)
Test Case 'ExprTests.testOrOperation_BothFalse' started at 2025-11-14 20:14:12.678
/var/home/hh/w/swift/swiftybox/Tests/SwiftyBoxTests/Consolidated/ExprTests.swift:20: error: ExprTests.testOrOperation_BothFalse : XCTAssertEqual failed: ("CommandResult(exitCode: 1, stdout: "", stderr: "expr: unknown operator: |\n")") is not equal to ("CommandResult(exitCode: 1, stdout: "0\n", stderr: "")") - 
Test Case 'ExprTests.testOrOperation_BothFalse' failed (0.051 seconds)
Test Case 'ExprTests.testOrOperation_BothTrue' started at 2025-11-14 20:14:12.729
/var/home/hh/w/swift/swiftybox/Tests/SwiftyBoxTests/Consolidated/ExprTests.swift:8: error: ExprTests.testOrOperation_BothTrue : XCTAssertEqual failed: ("CommandResult(exitCode: 1, stdout: "", stderr: "expr: unknown operator: |\n")") is not equal to ("CommandResult(exitCode: 0, stdout: "1\n", stderr: "")") - 
Test Case 'ExprTests.testOrOperation_BothTrue' failed (0.051 seconds)
Test Case 'ExprTests.testOrOperation_FirstTrue' started at 2025-11-14 20:14:12.780
/var/home/hh/w/swift/swiftybox/Tests/SwiftyBoxTests/Consolidated/ExprTests.swift:12: error: ExprTests.testOrOperation_FirstTrue : XCTAssertEqual failed: ("CommandResult(exitCode: 1, stdout: "", stderr: "expr: unknown operator: |\n")") is not equal to ("CommandResult(exitCode: 0, stdout: "1\n", stderr: "")") - 
Test Case 'ExprTests.testOrOperation_FirstTrue' failed (0.051 seconds)
Test Case 'ExprTests.testOrOperation_SecondTrue' started at 2025-11-14 20:14:12.832
/var/home/hh/w/swift/swiftybox/Tests/SwiftyBoxTests/Consolidated/ExprTests.swift:16: error: ExprTests.testOrOperation_SecondTrue : XCTAssertEqual failed: ("CommandResult(exitCode: 1, stdout: "", stderr: "expr: unknown operator: |\n")") is not equal to ("CommandResult(exitCode: 0, stdout: "1\n", stderr: "")") - 
Test Case 'ExprTests.testOrOperation_SecondTrue' failed (0.051 seconds)
Test Case 'ExprTests.testSubtraction' started at 2025-11-14 20:14:12.883
Test Case 'ExprTests.testSubtraction' passed (0.051 seconds)
Test Suite 'ExprTests' failed at 2025-11-14 20:14:12.935
	 Executed 26 tests, with 12 failures (0 unexpected) in 1.44 (1.44) seconds
Test Suite 'FactorTests' started at 2025-11-14 20:14:12.935
Test Case 'FactorTests.testFactor1024_3' started at 2025-11-14 20:14:12.935
FAIL: factor 1024
Expected output:
1024: 2 2 2 2 2 2 2 2 2 2\n
Actual output:
1024: 2 2 2 2 2 2 2 2 2 2

Exit code: 0

==================================================
Test Summary:
  Total:  1
  Passed: 0
  Failed: 1
  Success: 0.0%
==================================================
/var/home/hh/w/swift/swiftybox/Tests/SwiftyBoxTests/Consolidated/FactorTests.swift:22: error: FactorTests.testFactor1024_3 : XCTAssertEqual failed: ("1") is not equal to ("0") - 1 tests failed
Test Case 'FactorTests.testFactor1024_3' failed (0.052 seconds)
Test Case 'FactorTests.testFactor1316_12' started at 2025-11-14 20:14:12.986
FAIL: factor 13^16
Expected output:
665416609183179841: 13 13 13 13 13 13 13 13 13 13 13 13 13 13 13 13\n
Actual output:
665416609183179841: 13 13 13 13 13 13 13 13 13 13 13 13 13 13 13 13

Exit code: 0

==================================================
Test Summary:
  Total:  1
  Passed: 0
  Failed: 1
  Success: 0.0%
==================================================
/var/home/hh/w/swift/swiftybox/Tests/SwiftyBoxTests/Consolidated/FactorTests.swift:22: error: FactorTests.testFactor1316_12 : XCTAssertEqual failed: ("1") is not equal to ("0") - 1 tests failed
Test Case 'FactorTests.testFactor1316_12' failed (0.052 seconds)
Test Case 'FactorTests.testFactor1_2' started at 2025-11-14 20:14:13.038
FAIL: factor +1
Expected output:
1:\n
Actual output:
1:

Exit code: 0

==================================================
Test Summary:
  Total:  1
  Passed: 0
  Failed: 1
  Success: 0.0%
==================================================
/var/home/hh/w/swift/swiftybox/Tests/SwiftyBoxTests/Consolidated/FactorTests.swift:22: error: FactorTests.testFactor1_2 : XCTAssertEqual failed: ("1") is not equal to ("0") - 1 tests failed
Test Case 'FactorTests.testFactor1_2' failed (0.052 seconds)
Test Case 'FactorTests.testFactor230370004933037000493_8' started at 2025-11-14 20:14:13.090
FAIL: factor 2 * 3037000493 * 3037000493
Expected output:
18446743988964486098: 2 3037000493 3037000493\n
Actual output:
18446743988964486098: 2 3037000493 3037000493

Exit code: 0

==================================================
Test Summary:
  Total:  1
  Passed: 0
  Failed: 1
  Success: 0.0%
==================================================
/var/home/hh/w/swift/swiftybox/Tests/SwiftyBoxTests/Consolidated/FactorTests.swift:22: error: FactorTests.testFactor230370004933037000493_8 : XCTAssertEqual failed: ("1") is not equal to ("0") - 1 tests failed
Test Case 'FactorTests.testFactor230370004933037000493_8' failed (0.052 seconds)
Test Case 'FactorTests.testFactor23571113171923293137414347_7' started at 2025-11-14 20:14:13.142
FAIL: factor \$((2*3*5*7*11*13*17*19*23*29*31*37*41*43*47))
Expected output:
614889782588491410: 2 3 5 7 11 13 17 19 23 29 31 37 41 43 47\n
Actual output:

Exit code: 2

==================================================
Test Summary:
  Total:  1
  Passed: 0
  Failed: 1
  Success: 0.0%
==================================================
/var/home/hh/w/swift/swiftybox/Tests/SwiftyBoxTests/Consolidated/FactorTests.swift:22: error: FactorTests.testFactor23571113171923293137414347_7 : XCTAssertEqual failed: ("1") is not equal to ("0") - 1 tests failed
Test Case 'FactorTests.testFactor23571113171923293137414347_7' failed (0.052 seconds)
Test Case 'FactorTests.testFactor2611_4' started at 2025-11-14 20:14:13.194
FAIL: factor 2^61-1
Expected output:
2305843009213693951: 2305843009213693951\n
Actual output:
2305843009213693951: 2305843009213693951

Exit code: 0

==================================================
Test Summary:
  Total:  1
  Passed: 0
  Failed: 1
  Success: 0.0%
==================================================
/var/home/hh/w/swift/swiftybox/Tests/SwiftyBoxTests/Consolidated/FactorTests.swift:22: error: FactorTests.testFactor2611_4 : XCTAssertEqual failed: ("1") is not equal to ("0") - 1 tests failed
Test Case 'FactorTests.testFactor2611_4' failed (0.052 seconds)
Test Case 'FactorTests.testFactor2621_5' started at 2025-11-14 20:14:13.246
FAIL: factor 2^62-1
Expected output:
4611686018427387903: 3 715827883 2147483647\n
Actual output:
4611686018427387903: 3 715827883 2147483647

Exit code: 0

==================================================
Test Summary:
  Total:  1
  Passed: 0
  Failed: 1
  Success: 0.0%
==================================================
/var/home/hh/w/swift/swiftybox/Tests/SwiftyBoxTests/Consolidated/FactorTests.swift:22: error: FactorTests.testFactor2621_5 : XCTAssertEqual failed: ("1") is not equal to ("0") - 1 tests failed
Test Case 'FactorTests.testFactor2621_5' failed (0.052 seconds)
Test Case 'FactorTests.testFactor2641_6' started at 2025-11-14 20:14:13.298
FAIL: factor 2^64-1
Expected output:
18446744073709551615: 3 5 17 257 641 65537 6700417\n
Actual output:
18446744073709551615: 3 5 17 257 641 65537 6700417

Exit code: 0

==================================================
Test Summary:
  Total:  1
  Passed: 0
  Failed: 1
  Success: 0.0%
==================================================
/var/home/hh/w/swift/swiftybox/Tests/SwiftyBoxTests/Consolidated/FactorTests.swift:22: error: FactorTests.testFactor2641_6 : XCTAssertEqual failed: ("1") is not equal to ("0") - 1 tests failed
Test Case 'FactorTests.testFactor2641_6' failed (0.053 seconds)
Test Case 'FactorTests.testFactor31316_11' started at 2025-11-14 20:14:13.351
FAIL: factor 3 * 13^16
Expected output:
1996249827549539523: 3 13 13 13 13 13 13 13 13 13 13 13 13 13 13 13 13\n
Actual output:
1996249827549539523: 3 13 13 13 13 13 13 13 13 13 13 13 13 13 13 13 13

Exit code: 0

==================================================
Test Summary:
  Total:  1
  Passed: 0
  Failed: 1
  Success: 0.0%
==================================================
/var/home/hh/w/swift/swiftybox/Tests/SwiftyBoxTests/Consolidated/FactorTests.swift:22: error: FactorTests.testFactor31316_11 : XCTAssertEqual failed: ("1") is not equal to ("0") - 1 tests failed
Test Case 'FactorTests.testFactor31316_11' failed (0.052 seconds)
Test Case 'FactorTests.testFactor324797005132479700513_9' started at 2025-11-14 20:14:13.402
FAIL: factor 3 * 2479700513 * 2479700513
Expected output:
18446743902517389507: 3 2479700513 2479700513\n
Actual output:
18446743902517389507: 3 2479700513 2479700513

Exit code: 0

==================================================
Test Summary:
  Total:  1
  Passed: 0
  Failed: 1
  Success: 0.0%
==================================================
/var/home/hh/w/swift/swiftybox/Tests/SwiftyBoxTests/Consolidated/FactorTests.swift:22: error: FactorTests.testFactor324797005132479700513_9 : XCTAssertEqual failed: ("1") is not equal to ("0") - 1 tests failed
Test Case 'FactorTests.testFactor324797005132479700513_9' failed (0.152 seconds)
Test Case 'FactorTests.testFactor337831378313783137831_10' started at 2025-11-14 20:14:13.555
FAIL: factor 3 * 37831 * 37831 * 37831 * 37831
Expected output:
6144867742934288163: 3 37831 37831 37831 37831\n
Actual output:
6144867742934288163: 3 37831 37831 37831 37831

Exit code: 0

==================================================
Test Summary:
  Total:  1
  Passed: 0
  Failed: 1
  Success: 0.0%
==================================================
/var/home/hh/w/swift/swiftybox/Tests/SwiftyBoxTests/Consolidated/FactorTests.swift:22: error: FactorTests.testFactor337831378313783137831_10 : XCTAssertEqual failed: ("1") is not equal to ("0") - 1 tests failed
Test Case 'FactorTests.testFactor337831378313783137831_10' failed (0.052 seconds)
Test Case 'FactorTests.testTestName_1' started at 2025-11-14 20:14:13.607
FAIL: test name
Expected output:
expected result
Actual output:

Exit code: 0

==================================================
Test Summary:
  Total:  1
  Passed: 0
  Failed: 1
  Success: 0.0%
==================================================
/var/home/hh/w/swift/swiftybox/Tests/SwiftyBoxTests/Consolidated/FactorTests.swift:22: error: FactorTests.testTestName_1 : XCTAssertEqual failed: ("1") is not equal to ("0") - 1 tests failed
Test Case 'FactorTests.testTestName_1' failed (0.052 seconds)
Test Suite 'FactorTests' failed at 2025-11-14 20:14:13.659
	 Executed 12 tests, with 12 failures (0 unexpected) in 0.724 (0.724) seconds
Test Suite 'FalseTests' started at 2025-11-14 20:14:13.659
Test Case 'FalseTests.testFalseIsSilent' started at 2025-11-14 20:14:13.659
Test Case 'FalseTests.testFalseIsSilent' passed (0.051 seconds)
Test Case 'FalseTests.testFalseReturnsFailure' started at 2025-11-14 20:14:13.710
Test Case 'FalseTests.testFalseReturnsFailure' passed (0.051 seconds)
Test Suite 'FalseTests' passed at 2025-11-14 20:14:13.761
	 Executed 2 tests, with 0 failures (0 unexpected) in 0.102 (0.102) seconds
Test Suite 'FileOperationTests' started at 2025-11-14 20:14:13.761
Test Case 'FileOperationTests.testChmod_octalMode' started at 2025-11-14 20:14:13.761

==================================================
Test Summary:
  Total:  0
  Passed: 0
  Failed: 0
==================================================
Test Case 'FileOperationTests.testChmod_octalMode' passed (0.052 seconds)
Test Case 'FileOperationTests.testCp_singleFile' started at 2025-11-14 20:14:13.813
PASS: cp copies file

==================================================
Test Summary:
  Total:  1
  Passed: 1
  Failed: 0
  Success: 100.0%
==================================================
Test Case 'FileOperationTests.testCp_singleFile' passed (0.052 seconds)
Test Case 'FileOperationTests.testLn_hardLink' started at 2025-11-14 20:14:13.865
PASS: ln creates hard link

==================================================
Test Summary:
  Total:  1
  Passed: 1
  Failed: 0
  Success: 100.0%
==================================================
Test Case 'FileOperationTests.testLn_hardLink' passed (0.051 seconds)
Test Case 'FileOperationTests.testLn_symbolicLink' started at 2025-11-14 20:14:13.916
PASS: ln -s creates symbolic link

==================================================
Test Summary:
  Total:  1
  Passed: 1
  Failed: 0
  Success: 100.0%
==================================================
Test Case 'FileOperationTests.testLn_symbolicLink' passed (0.052 seconds)
Test Case 'FileOperationTests.testLs_currentDirectory' started at 2025-11-14 20:14:13.968

==================================================
Test Summary:
  Total:  0
  Passed: 0
  Failed: 0
==================================================
Test Case 'FileOperationTests.testLs_currentDirectory' passed (0.052 seconds)
Test Case 'FileOperationTests.testLs_longFormat' started at 2025-11-14 20:14:14.020

==================================================
Test Summary:
  Total:  0
  Passed: 0
  Failed: 0
==================================================
Test Case 'FileOperationTests.testLs_longFormat' passed (0.052 seconds)
Test Case 'FileOperationTests.testMkdir_parents' started at 2025-11-14 20:14:14.071
FAIL: mkdir -p creates parent directories
Expected output:

Actual output:

Exit code: 2

==================================================
Test Summary:
  Total:  1
  Passed: 0
  Failed: 1
  Success: 0.0%
==================================================
/var/home/hh/w/swift/swiftybox/Tests/SwiftyBoxTests/FileOperationTests.swift:21: error: FileOperationTests.testMkdir_parents : XCTAssertEqual failed: ("1") is not equal to ("0") - 1 tests failed
Test Case 'FileOperationTests.testMkdir_parents' failed (0.052 seconds)
Test Case 'FileOperationTests.testMkdir_simple' started at 2025-11-14 20:14:14.123
FAIL: mkdir creates directory
Expected output:

Actual output:

Exit code: 2

==================================================
Test Summary:
  Total:  1
  Passed: 0
  Failed: 1
  Success: 0.0%
==================================================
/var/home/hh/w/swift/swiftybox/Tests/SwiftyBoxTests/FileOperationTests.swift:21: error: FileOperationTests.testMkdir_simple : XCTAssertEqual failed: ("1") is not equal to ("0") - 1 tests failed
Test Case 'FileOperationTests.testMkdir_simple' failed (0.052 seconds)
Test Case 'FileOperationTests.testMv_renameFile' started at 2025-11-14 20:14:14.176
PASS: mv renames file

==================================================
Test Summary:
  Total:  1
  Passed: 1
  Failed: 0
  Success: 100.0%
==================================================
Test Case 'FileOperationTests.testMv_renameFile' passed (0.052 seconds)
Test Case 'FileOperationTests.testRm_singleFile' started at 2025-11-14 20:14:14.228
PASS: rm removes file

==================================================
Test Summary:
  Total:  1
  Passed: 1
  Failed: 0
  Success: 100.0%
==================================================
Test Case 'FileOperationTests.testRm_singleFile' passed (0.052 seconds)
Test Case 'FileOperationTests.testTouch_createFile' started at 2025-11-14 20:14:14.280
PASS: touch creates file

==================================================
Test Summary:
  Total:  1
  Passed: 1
  Failed: 0
  Success: 100.0%
==================================================
Test Case 'FileOperationTests.testTouch_createFile' passed (0.051 seconds)
Test Suite 'FileOperationTests' failed at 2025-11-14 20:14:14.332
	 Executed 11 tests, with 2 failures (0 unexpected) in 0.57 (0.57) seconds
Test Suite 'FindTests' started at 2025-11-14 20:14:14.332
Test Case 'FindTests.testFindBasic' started at 2025-11-14 20:14:14.332
/var/home/hh/w/swift/swiftybox/Tests/SwiftyBoxTests/Consolidated/FindTests.swift:26: error: FindTests.testFindBasic : XCTAssertEqual failed: ("127") is not equal to ("0") - find should succeed
/var/home/hh/w/swift/swiftybox/Tests/SwiftyBoxTests/Consolidated/FindTests.swift:27: error: FindTests.testFindBasic : XCTAssertTrue failed - find should list files
Test Case 'FindTests.testFindBasic' failed (0.051 seconds)
Test Case 'FindTests.testFindByName' started at 2025-11-14 20:14:14.383
/var/home/hh/w/swift/swiftybox/Tests/SwiftyBoxTests/Consolidated/FindTests.swift:36: error: FindTests.testFindByName : XCTAssertEqual failed: ("127") is not equal to ("0") - find -name should succeed
/var/home/hh/w/swift/swiftybox/Tests/SwiftyBoxTests/Consolidated/FindTests.swift:37: error: FindTests.testFindByName : XCTAssertTrue failed - find should find target file
Test Case 'FindTests.testFindByName' failed (0.052 seconds)
Test Case 'FindTests.testFindByType' started at 2025-11-14 20:14:14.435
/var/home/hh/w/swift/swiftybox/Tests/SwiftyBoxTests/Consolidated/FindTests.swift:45: error: FindTests.testFindByType : XCTAssertEqual failed: ("127") is not equal to ("0") - find -type f should succeed
/var/home/hh/w/swift/swiftybox/Tests/SwiftyBoxTests/Consolidated/FindTests.swift:46: error: FindTests.testFindByType : XCTAssertTrue failed - find should find files
Test Case 'FindTests.testFindByType' failed (0.052 seconds)
Test Suite 'FindTests' failed at 2025-11-14 20:14:14.486
	 Executed 3 tests, with 6 failures (0 unexpected) in 0.154 (0.154) seconds
Test Suite 'FoldTests' started at 2025-11-14 20:14:14.486
Test Case 'FoldTests.testFoldS_2' started at 2025-11-14 20:14:14.486
FAIL: fold -s
Expected output:
123456\n\t\nasdf
Actual output:
123456\
tasdf
Exit code: 0

==================================================
Test Summary:
  Total:  1
  Passed: 0
  Failed: 1
  Success: 0.0%
==================================================
/var/home/hh/w/swift/swiftybox/Tests/SwiftyBoxTests/Consolidated/FoldTests.swift:22: error: FoldTests.testFoldS_2 : XCTAssertEqual failed: ("1") is not equal to ("0") - 1 tests failed
Test Case 'FoldTests.testFoldS_2' failed (0.051 seconds)
Test Case 'FoldTests.testFoldSw66WithUnicodeInput_5' started at 2025-11-14 20:14:14.538
FAIL: fold -sw66 with unicode input
Expected output:
 The Andromeda Galaxy (pronounced /ænˈdrɒmədə/, also known as \n Messier 31, M31, or NGC224; often referred to as the Great \n Andromeda Nebula in older texts) is a spiral galaxy approximately \n 2,500,000 light-years (1.58×10^11 AU) away in the constellation \n Andromeda. It is the nearest spiral galaxy to our own, the Milky \n Way.\n Галактика або Туманність Андромеди (також відома як M31 за \n каталогом Мессьє та NGC224 за Новим загальним каталогом) — \n спіральна галактика, що знаходиться на відстані приблизно у 2,5 \n мільйони світлових років від нашої планети у сузір
Actual output:

Exit code: 0

==================================================
Test Summary:
  Total:  1
  Passed: 0
  Failed: 1
  Success: 0.0%
==================================================
/var/home/hh/w/swift/swiftybox/Tests/SwiftyBoxTests/Consolidated/FoldTests.swift:22: error: FoldTests.testFoldSw66WithUnicodeInput_5 : XCTAssertEqual failed: ("1") is not equal to ("0") - 1 tests failed
Test Case 'FoldTests.testFoldSw66WithUnicodeInput_5' failed (0.153 seconds)
Test Case 'FoldTests.testFoldW1_3' started at 2025-11-14 20:14:14.690
FAIL: fold -w1
Expected output:
q\nq\n \nw\n \ne\ne\ne\n \nr\n \nt\nt\nt\nt\n \ny
Actual output:
q
q
 
w
 
e
e
e
 
r
 
t
t
t
t
 
y
Exit code: 0

==================================================
Test Summary:
  Total:  1
  Passed: 0
  Failed: 1
  Success: 0.0%
==================================================
/var/home/hh/w/swift/swiftybox/Tests/SwiftyBoxTests/Consolidated/FoldTests.swift:22: error: FoldTests.testFoldW1_3 : XCTAssertEqual failed: ("1") is not equal to ("0") - 1 tests failed
Test Case 'FoldTests.testFoldW1_3' failed (0.052 seconds)
Test Case 'FoldTests.testFoldWithNuls_4' started at 2025-11-14 20:14:14.742
FAIL: fold with NULs
Expected output:
 The NUL is here:>\0< \n and another one is \n here:>\0< - they must \n be preserved

Actual output:
The NUL is here:>\0< 
and another one is 
here:>\0< - they must 
be preserved

Exit code: 0

==================================================
Test Summary:
  Total:  1
  Passed: 0
  Failed: 1
  Success: 0.0%
==================================================
/var/home/hh/w/swift/swiftybox/Tests/SwiftyBoxTests/Consolidated/FoldTests.swift:22: error: FoldTests.testFoldWithNuls_4 : XCTAssertEqual failed: ("1") is not equal to ("0") - 1 tests failed
Test Case 'FoldTests.testFoldWithNuls_4' failed (0.051 seconds)
Test Case 'FoldTests.testTestName_1' started at 2025-11-14 20:14:14.793
FAIL: test name
Expected output:
expected result
Actual output:

Exit code: 127

==================================================
Test Summary:
  Total:  1
  Passed: 0
  Failed: 1
  Success: 0.0%
==================================================
/var/home/hh/w/swift/swiftybox/Tests/SwiftyBoxTests/Consolidated/FoldTests.swift:22: error: FoldTests.testTestName_1 : XCTAssertEqual failed: ("1") is not equal to ("0") - 1 tests failed
Test Case 'FoldTests.testTestName_1' failed (0.053 seconds)
Test Suite 'FoldTests' failed at 2025-11-14 20:14:14.846
	 Executed 5 tests, with 5 failures (0 unexpected) in 0.359 (0.359) seconds
Test Suite 'GrepTests' started at 2025-11-14 20:14:14.846
Test Case 'GrepTests.testGrepDefaultToStdin_2' started at 2025-11-14 20:14:14.846
FAIL: grep (default to stdin)
Expected output:
two\n
Actual output:

Exit code: 1

==================================================
Test Summary:
  Total:  1
  Passed: 0
  Failed: 1
  Success: 0.0%
==================================================
/var/home/hh/w/swift/swiftybox/Tests/SwiftyBoxTests/Consolidated/GrepTests.swift:22: error: GrepTests.testGrepDefaultToStdin_2 : XCTAssertEqual failed: ("1") is not equal to ("0") - 1 tests failed
Test Case 'GrepTests.testGrepDefaultToStdin_2' failed (0.052 seconds)
Test Case 'GrepTests.testGrepESupportsExtendedRegexps_8' started at 2025-11-14 20:14:14.898
FAIL: grep -E supports extended regexps
Expected output:
foo\n
Actual output:

Exit code: 1

==================================================
Test Summary:
  Total:  1
  Passed: 0
  Failed: 1
  Success: 0.0%
==================================================
/var/home/hh/w/swift/swiftybox/Tests/SwiftyBoxTests/Consolidated/GrepTests.swift:22: error: GrepTests.testGrepESupportsExtendedRegexps_8 : XCTAssertEqual failed: ("1") is not equal to ("0") - 1 tests failed
Test Case 'GrepTests.testGrepESupportsExtendedRegexps_8' failed (0.052 seconds)
Test Case 'GrepTests.testGrepHandlesNulInFiles_6' started at 2025-11-14 20:14:14.950
FAIL: grep handles NUL in files
Expected output:
\0foo\n
Actual output:
\0foo\n\n

Exit code: 0

==================================================
Test Summary:
  Total:  1
  Passed: 0
  Failed: 1
  Success: 0.0%
==================================================
/var/home/hh/w/swift/swiftybox/Tests/SwiftyBoxTests/Consolidated/GrepTests.swift:22: error: GrepTests.testGrepHandlesNulInFiles_6 : XCTAssertEqual failed: ("1") is not equal to ("0") - 1 tests failed
Test Case 'GrepTests.testGrepHandlesNulInFiles_6' failed (0.052 seconds)
Test Case 'GrepTests.testGrepHandlesNulOnStdin_7' started at 2025-11-14 20:14:15.002
FAIL: grep handles NUL on stdin
Expected output:
\0foo\n
Actual output:
\0foo\n\n

Exit code: 0

==================================================
Test Summary:
  Total:  1
  Passed: 0
  Failed: 1
  Success: 0.0%
==================================================
/var/home/hh/w/swift/swiftybox/Tests/SwiftyBoxTests/Consolidated/GrepTests.swift:22: error: GrepTests.testGrepHandlesNulOnStdin_7 : XCTAssertEqual failed: ("1") is not equal to ("0") - 1 tests failed
Test Case 'GrepTests.testGrepHandlesNulOnStdin_7' failed (0.052 seconds)
Test Case 'GrepTests.testGrepInputSpecifyFile_4' started at 2025-11-14 20:14:15.055
FAIL: grep input (specify file)
Expected output:
two\n
Actual output:

Exit code: 2

==================================================
Test Summary:
  Total:  1
  Passed: 0
  Failed: 1
  Success: 0.0%
==================================================
/var/home/hh/w/swift/swiftybox/Tests/SwiftyBoxTests/Consolidated/GrepTests.swift:22: error: GrepTests.testGrepInputSpecifyFile_4 : XCTAssertEqual failed: ("1") is not equal to ("0") - 1 tests failed
Test Case 'GrepTests.testGrepInputSpecifyFile_4' failed (0.052 seconds)
Test Case 'GrepTests.testGrepIsAlsoEgrep_9' started at 2025-11-14 20:14:15.106
FAIL: grep is also egrep
Expected output:
foo\n
Actual output:
foo\nbar\n

Exit code: 0

==================================================
Test Summary:
  Total:  1
  Passed: 0
  Failed: 1
  Success: 0.0%
==================================================
/var/home/hh/w/swift/swiftybox/Tests/SwiftyBoxTests/Consolidated/GrepTests.swift:22: error: GrepTests.testGrepIsAlsoEgrep_9 : XCTAssertEqual failed: ("1") is not equal to ("0") - 1 tests failed
Test Case 'GrepTests.testGrepIsAlsoEgrep_9' failed (0.051 seconds)
Test Case 'GrepTests.testGrepNoNewlineAtEol_5' started at 2025-11-14 20:14:15.157
FAIL: grep (no newline at EOL)
Expected output:
bug\n
Actual output:
bug

Exit code: 0

==================================================
Test Summary:
  Total:  1
  Passed: 0
  Failed: 1
  Success: 0.0%
==================================================
/var/home/hh/w/swift/swiftybox/Tests/SwiftyBoxTests/Consolidated/GrepTests.swift:22: error: GrepTests.testGrepNoNewlineAtEol_5 : XCTAssertEqual failed: ("1") is not equal to ("0") - 1 tests failed
Test Case 'GrepTests.testGrepNoNewlineAtEol_5' failed (0.051 seconds)
Test Case 'GrepTests.testGrepSpecifyStdin_3' started at 2025-11-14 20:14:15.209
FAIL: grep - (specify stdin)
Expected output:
two\n
Actual output:

Exit code: 1

==================================================
Test Summary:
  Total:  1
  Passed: 0
  Failed: 1
  Success: 0.0%
==================================================
/var/home/hh/w/swift/swiftybox/Tests/SwiftyBoxTests/Consolidated/GrepTests.swift:22: error: GrepTests.testGrepSpecifyStdin_3 : XCTAssertEqual failed: ("1") is not equal to ("0") - 1 tests failed
Test Case 'GrepTests.testGrepSpecifyStdin_3' failed (0.052 seconds)
Test Case 'GrepTests.testTestName_1' started at 2025-11-14 20:14:15.260
FAIL: test name
Expected output:
expected result
Actual output:

Exit code: 127

==================================================
Test Summary:
  Total:  1
  Passed: 0
  Failed: 1
  Success: 0.0%
==================================================
/var/home/hh/w/swift/swiftybox/Tests/SwiftyBoxTests/Consolidated/GrepTests.swift:22: error: GrepTests.testTestName_1 : XCTAssertEqual failed: ("1") is not equal to ("0") - 1 tests failed
Test Case 'GrepTests.testTestName_1' failed (0.052 seconds)
Test Case 'GrepTests.testTestName_10' started at 2025-11-14 20:14:15.312
FAIL: test name
Expected output:
expected result
Actual output:

Exit code: 127

==================================================
Test Summary:
  Total:  1
  Passed: 0
  Failed: 1
  Success: 0.0%
==================================================
/var/home/hh/w/swift/swiftybox/Tests/SwiftyBoxTests/Consolidated/GrepTests.swift:22: error: GrepTests.testTestName_10 : XCTAssertEqual failed: ("1") is not equal to ("0") - 1 tests failed
Test Case 'GrepTests.testTestName_10' failed (0.052 seconds)
Test Suite 'GrepTests' failed at 2025-11-14 20:14:15.364
	 Executed 10 tests, with 10 failures (0 unexpected) in 0.518 (0.518) seconds
Test Suite 'GunzipTests' started at 2025-11-14 20:14:15.364
Test Case 'GunzipTests.testGunzipBasic' started at 2025-11-14 20:14:15.364
/var/home/hh/w/swift/swiftybox/Tests/SwiftyBoxTests/Consolidated/GunzipTests.swift:25: error: GunzipTests.testGunzipBasic : XCTAssertTrue failed - gunzip command should be recognized
Test Case 'GunzipTests.testGunzipBasic' failed (0.052 seconds)
Test Suite 'GunzipTests' failed at 2025-11-14 20:14:15.416
	 Executed 1 test, with 1 failure (0 unexpected) in 0.052 (0.052) seconds
Test Suite 'GzipTests' started at 2025-11-14 20:14:15.416
Test Case 'GzipTests.testGzipBasic' started at 2025-11-14 20:14:15.416
/var/home/hh/w/swift/swiftybox/Tests/SwiftyBoxTests/Consolidated/GzipTests.swift:25: error: GzipTests.testGzipBasic : XCTAssertEqual failed: ("127") is not equal to ("0") - gzip should succeed
/var/home/hh/w/swift/swiftybox/Tests/SwiftyBoxTests/Consolidated/GzipTests.swift:28: error: GzipTests.testGzipBasic : XCTAssertTrue failed - gzip should create .gz file
Test Case 'GzipTests.testGzipBasic' failed (0.053 seconds)
Test Case 'GzipTests.testGzipToStdout' started at 2025-11-14 20:14:15.469
/var/home/hh/w/swift/swiftybox/Tests/SwiftyBoxTests/Consolidated/GzipTests.swift:37: error: GzipTests.testGzipToStdout : XCTAssertEqual failed: ("127") is not equal to ("0") - gzip -c should succeed
/var/home/hh/w/swift/swiftybox/Tests/SwiftyBoxTests/Consolidated/GzipTests.swift:38: error: GzipTests.testGzipToStdout : XCTAssertFalse failed - gzip -c should output to stdout
Test Case 'GzipTests.testGzipToStdout' failed (0.052 seconds)
Test Suite 'GzipTests' failed at 2025-11-14 20:14:15.521
	 Executed 2 tests, with 4 failures (0 unexpected) in 0.105 (0.105) seconds
Test Suite 'HeadTests' started at 2025-11-14 20:14:15.521
Test Case 'HeadTests.testHeadNNegativeNumber_4' started at 2025-11-14 20:14:15.521
FAIL: head -n <negative number>
Expected output:
line 1\nline 2\nline 3\n
Actual output:

Exit code: 1

==================================================
Test Summary:
  Total:  1
  Passed: 0
  Failed: 1
  Success: 0.0%
==================================================
/var/home/hh/w/swift/swiftybox/Tests/SwiftyBoxTests/Consolidated/HeadTests.swift:22: error: HeadTests.testHeadNNegativeNumber_4 : XCTAssertEqual failed: ("1") is not equal to ("0") - 1 tests failed
Test Case 'HeadTests.testHeadNNegativeNumber_4' failed (0.052 seconds)
Test Case 'HeadTests.testHeadNPositiveNumber_3' started at 2025-11-14 20:14:15.573
FAIL: head -n <positive number>
Expected output:
line 1\nline 2\n
Actual output:

Exit code: 1

==================================================
Test Summary:
  Total:  1
  Passed: 0
  Failed: 1
  Success: 0.0%
==================================================
/var/home/hh/w/swift/swiftybox/Tests/SwiftyBoxTests/Consolidated/HeadTests.swift:22: error: HeadTests.testHeadNPositiveNumber_3 : XCTAssertEqual failed: ("1") is not equal to ("0") - 1 tests failed
Test Case 'HeadTests.testHeadNPositiveNumber_3' failed (0.052 seconds)
Test Case 'HeadTests.testHeadWithoutArgs_2' started at 2025-11-14 20:14:15.625
FAIL: head (without args)
Expected output:
line 1\nline 2\nline 3\nline 4\nline 5\nline 6\nline 7\nline 8\nline 9\nline 10\n
Actual output:

Exit code: 1

==================================================
Test Summary:
  Total:  1
  Passed: 0
  Failed: 1
  Success: 0.0%
==================================================
/var/home/hh/w/swift/swiftybox/Tests/SwiftyBoxTests/Consolidated/HeadTests.swift:22: error: HeadTests.testHeadWithoutArgs_2 : XCTAssertEqual failed: ("1") is not equal to ("0") - 1 tests failed
Test Case 'HeadTests.testHeadWithoutArgs_2' failed (0.052 seconds)
Test Case 'HeadTests.testTestName_1' started at 2025-11-14 20:14:15.676
FAIL: test name
Expected output:
expected result
Actual output:

Exit code: 0

==================================================
Test Summary:
  Total:  1
  Passed: 0
  Failed: 1
  Success: 0.0%
==================================================
/var/home/hh/w/swift/swiftybox/Tests/SwiftyBoxTests/Consolidated/HeadTests.swift:22: error: HeadTests.testTestName_1 : XCTAssertEqual failed: ("1") is not equal to ("0") - 1 tests failed
Test Case 'HeadTests.testTestName_1' failed (0.052 seconds)
Test Suite 'HeadTests' failed at 2025-11-14 20:14:15.728
	 Executed 4 tests, with 4 failures (0 unexpected) in 0.207 (0.207) seconds
Test Suite 'HexdumpTests' started at 2025-11-14 20:14:15.728
Test Case 'HexdumpTests.testDescription_1' started at 2025-11-14 20:14:15.728
FAIL: description
Expected output:
result
Actual output:

Exit code: 0

==================================================
Test Summary:
  Total:  1
  Passed: 0
  Failed: 1
  Success: 0.0%
==================================================
/var/home/hh/w/swift/swiftybox/Tests/SwiftyBoxTests/Consolidated/HexdumpTests.swift:22: error: HexdumpTests.testDescription_1 : XCTAssertEqual failed: ("1") is not equal to ("0") - 1 tests failed
Test Case 'HexdumpTests.testDescription_1' failed (0.051 seconds)
Test Suite 'HexdumpTests' failed at 2025-11-14 20:14:15.780
	 Executed 1 test, with 1 failure (0 unexpected) in 0.051 (0.051) seconds
Test Suite 'HostidTests' started at 2025-11-14 20:14:15.780
Test Case 'HostidTests.testHostidWorks' started at 2025-11-14 20:14:15.780
Test Case 'HostidTests.testHostidWorks' passed (0.051 seconds)
Test Suite 'HostidTests' passed at 2025-11-14 20:14:15.831
	 Executed 1 test, with 0 failures (0 unexpected) in 0.051 (0.051) seconds
Test Suite 'HostnameTests' started at 2025-11-14 20:14:15.831
Test Case 'HostnameTests.testHostnameConsistency' started at 2025-11-14 20:14:15.831
Test Case 'HostnameTests.testHostnameConsistency' passed (0.155 seconds)
Test Case 'HostnameTests.testHostnameDomainOption' started at 2025-11-14 20:14:15.986
/var/home/hh/w/swift/swiftybox/Tests/SwiftyBoxTests/Consolidated/HostnameTests.swift:27: error: HostnameTests.testHostnameDomainOption : XCTAssertEqual failed: ("127") is not equal to ("0") - hostname -d should succeed
Test Case 'HostnameTests.testHostnameDomainOption' failed (0.051 seconds)
Test Case 'HostnameTests.testHostnameFQDN' started at 2025-11-14 20:14:16.037
/var/home/hh/w/swift/swiftybox/Tests/SwiftyBoxTests/Consolidated/HostnameTests.swift:35: error: HostnameTests.testHostnameFQDN : XCTAssertEqual failed: ("127") is not equal to ("0") - hostname -f should succeed
/var/home/hh/w/swift/swiftybox/Tests/SwiftyBoxTests/Consolidated/HostnameTests.swift:36: error: HostnameTests.testHostnameFQDN : XCTAssertFalse failed - hostname -f should output FQDN
Test Case 'HostnameTests.testHostnameFQDN' failed (0.051 seconds)
Test Case 'HostnameTests.testHostnameIPAddress' started at 2025-11-14 20:14:16.088
/var/home/hh/w/swift/swiftybox/Tests/SwiftyBoxTests/Consolidated/HostnameTests.swift:44: error: HostnameTests.testHostnameIPAddress : XCTAssertTrue failed - hostname -i should exit with 0 or 1
Test Case 'HostnameTests.testHostnameIPAddress' failed (0.051 seconds)
Test Case 'HostnameTests.testHostnameShortOption' started at 2025-11-14 20:14:16.139
/var/home/hh/w/swift/swiftybox/Tests/SwiftyBoxTests/Consolidated/HostnameTests.swift:17: error: HostnameTests.testHostnameShortOption : XCTAssertEqual failed: ("127") is not equal to ("0") - hostname -s should succeed
/var/home/hh/w/swift/swiftybox/Tests/SwiftyBoxTests/Consolidated/HostnameTests.swift:18: error: HostnameTests.testHostnameShortOption : XCTAssertFalse failed - hostname -s should output short hostname
Test Case 'HostnameTests.testHostnameShortOption' failed (0.051 seconds)
Test Case 'HostnameTests.testHostnameWorks' started at 2025-11-14 20:14:16.190
/var/home/hh/w/swift/swiftybox/Tests/SwiftyBoxTests/Consolidated/HostnameTests.swift:7: error: HostnameTests.testHostnameWorks : XCTAssertEqual failed: ("127") is not equal to ("0") - hostname should succeed
/var/home/hh/w/swift/swiftybox/Tests/SwiftyBoxTests/Consolidated/HostnameTests.swift:8: error: HostnameTests.testHostnameWorks : XCTAssertFalse failed - hostname should output the system hostname
/var/home/hh/w/swift/swiftybox/Tests/SwiftyBoxTests/Consolidated/HostnameTests.swift:11: error: HostnameTests.testHostnameWorks : XCTAssertFalse failed - hostname should not be empty
Test Case 'HostnameTests.testHostnameWorks' failed (0.051 seconds)
Test Suite 'HostnameTests' failed at 2025-11-14 20:14:16.242
	 Executed 6 tests, with 9 failures (0 unexpected) in 0.41 (0.41) seconds
Test Suite 'IdTests' started at 2025-11-14 20:14:16.242
Test Case 'IdTests.testId_gFlagWorks' started at 2025-11-14 20:14:16.242
Test Case 'IdTests.testId_gFlagWorks' passed (0.102 seconds)
Test Case 'IdTests.testId_uFlagWorks' started at 2025-11-14 20:14:16.344
Test Case 'IdTests.testId_uFlagWorks' passed (0.102 seconds)
Test Case 'IdTests.testId_unFlagsWork' started at 2025-11-14 20:14:16.447
/var/home/hh/w/swift/swiftybox/Tests/SwiftyBoxTests/Consolidated/IdTests.swift:124: error: IdTests.testId_unFlagsWork : XCTAssertEqual failed: ("uid=1000(hh) gid=1000(ubuntu)") is not equal to ("hh") - id -un should match system id
Test Case 'IdTests.testId_unFlagsWork' failed (0.103 seconds)
Test Case 'IdTests.testId_urFlagsWork' started at 2025-11-14 20:14:16.549
/var/home/hh/w/swift/swiftybox/Tests/SwiftyBoxTests/Consolidated/IdTests.swift:159: error: IdTests.testId_urFlagsWork : XCTAssertEqual failed: ("uid=1000(hh) gid=1000(ubuntu)") is not equal to ("1000") - id -ur should match system id
Test Case 'IdTests.testId_urFlagsWork' failed (0.103 seconds)
Test Suite 'IdTests' failed at 2025-11-14 20:14:16.652
	 Executed 4 tests, with 2 failures (0 unexpected) in 0.41 (0.41) seconds
Test Suite 'LnTests' started at 2025-11-14 20:14:16.652
Test Case 'LnTests.testLn_createsHardLinks' started at 2025-11-14 20:14:16.652
Test Case 'LnTests.testLn_createsHardLinks' passed (0.053 seconds)
Test Case 'LnTests.testLn_createsSoftLinks' started at 2025-11-14 20:14:16.705
Test Case 'LnTests.testLn_createsSoftLinks' passed (0.052 seconds)
Test Case 'LnTests.testLn_forceCreatesHardLinks' started at 2025-11-14 20:14:16.757
Test Case 'LnTests.testLn_forceCreatesHardLinks' passed (0.052 seconds)
Test Case 'LnTests.testLn_forceCreatesSoftLinks' started at 2025-11-14 20:14:16.809
Test Case 'LnTests.testLn_forceCreatesSoftLinks' passed (0.053 seconds)
Test Case 'LnTests.testLn_preservesHardLinks' started at 2025-11-14 20:14:16.862
Test Case 'LnTests.testLn_preservesHardLinks' passed (0.053 seconds)
Test Case 'LnTests.testLn_preservesSoftLinks' started at 2025-11-14 20:14:16.915
Test Case 'LnTests.testLn_preservesSoftLinks' passed (0.052 seconds)
Test Suite 'LnTests' passed at 2025-11-14 20:14:16.967
	 Executed 6 tests, with 0 failures (0 unexpected) in 0.315 (0.315) seconds
Test Suite 'LsTests' started at 2025-11-14 20:14:16.967
Test Case 'LsTests.testLsEmptyDirectory' started at 2025-11-14 20:14:16.967
Test Case 'LsTests.testLsEmptyDirectory' passed (0.051 seconds)
Test Case 'LsTests.testLsHumanReadable' started at 2025-11-14 20:14:17.018
Test Case 'LsTests.testLsHumanReadable' passed (0.052 seconds)
Test Case 'LsTests.testLsLongFormat' started at 2025-11-14 20:14:17.070
Test Case 'LsTests.testLsLongFormat' passed (0.053 seconds)
Test Case 'LsTests.testLsNonexistentDirectory' started at 2025-11-14 20:14:17.123
Test Case 'LsTests.testLsNonexistentDirectory' passed (0.052 seconds)
Test Case 'LsTests.testLsOneColumnFormat' started at 2025-11-14 20:14:17.174
/var/home/hh/w/swift/swiftybox/Tests/SwiftyBoxTests/Consolidated/LsTests.swift:32: error: LsTests.testLsOneColumnFormat : XCTAssertTrue failed - Should list file1.txt
/var/home/hh/w/swift/swiftybox/Tests/SwiftyBoxTests/Consolidated/LsTests.swift:33: error: LsTests.testLsOneColumnFormat : XCTAssertTrue failed - Should list file2.txt
/var/home/hh/w/swift/swiftybox/Tests/SwiftyBoxTests/Consolidated/LsTests.swift:34: error: LsTests.testLsOneColumnFormat : XCTAssertTrue failed - Should list file3.txt
/var/home/hh/w/swift/swiftybox/Tests/SwiftyBoxTests/Consolidated/LsTests.swift:35: error: LsTests.testLsOneColumnFormat : XCTAssertGreaterThanOrEqual failed: ("1") is less than ("3") - Should have at least 3 files
Test Case 'LsTests.testLsOneColumnFormat' failed (0.052 seconds)
Test Case 'LsTests.testLsSortedOutput' started at 2025-11-14 20:14:17.226
/var/home/hh/w/swift/swiftybox/Tests/SwiftyBoxTests/Consolidated/LsTests.swift:116: error: LsTests.testLsSortedOutput : XCTAssertNotNil failed - Should list apple.txt
/var/home/hh/w/swift/swiftybox/Tests/SwiftyBoxTests/Consolidated/LsTests.swift:117: error: LsTests.testLsSortedOutput : XCTAssertNotNil failed - Should list monkey.txt
/var/home/hh/w/swift/swiftybox/Tests/SwiftyBoxTests/Consolidated/LsTests.swift:118: error: LsTests.testLsSortedOutput : XCTAssertNotNil failed - Should list zebra.txt
Test Case 'LsTests.testLsSortedOutput' failed (0.052 seconds)
Test Case 'LsTests.testLsWithSizeOption' started at 2025-11-14 20:14:17.278
/var/home/hh/w/swift/swiftybox/Tests/SwiftyBoxTests/Consolidated/LsTests.swift:80: error: LsTests.testLsWithSizeOption : XCTAssertTrue failed - Output with -s should show block sizes
Test Case 'LsTests.testLsWithSizeOption' failed (0.051 seconds)
Test Suite 'LsTests' failed at 2025-11-14 20:14:17.329
	 Executed 7 tests, with 8 failures (0 unexpected) in 0.362 (0.362) seconds
Test Suite 'Md5sumTests' started at 2025-11-14 20:14:17.329
Test Case 'Md5sumTests.testMd5sumBasic' started at 2025-11-14 20:14:17.329
Test Case 'Md5sumTests.testMd5sumBasic' passed (0.052 seconds)
Test Case 'Md5sumTests.testMd5sumEmptyFile' started at 2025-11-14 20:14:17.381
/var/home/hh/w/swift/swiftybox/Tests/SwiftyBoxTests/Consolidated/Md5sumTests.swift:47: error: Md5sumTests.testMd5sumEmptyFile : XCTAssertTrue failed - MD5 of empty file should be d41d8cd98f00b204e9800998ecf8427e
Test Case 'Md5sumTests.testMd5sumEmptyFile' failed (0.052 seconds)
Test Case 'Md5sumTests.testMd5sumKnownHash' started at 2025-11-14 20:14:17.433
/var/home/hh/w/swift/swiftybox/Tests/SwiftyBoxTests/Consolidated/Md5sumTests.swift:101: error: Md5sumTests.testMd5sumKnownHash : XCTAssertTrue failed - MD5('abc') should be 900150983cd24fb0d6963f7d28e17f72
Test Case 'Md5sumTests.testMd5sumKnownHash' failed (0.052 seconds)
Test Case 'Md5sumTests.testMd5sumMultipleFiles' started at 2025-11-14 20:14:17.485
Test Case 'Md5sumTests.testMd5sumMultipleFiles' passed (0.052 seconds)
Test Case 'Md5sumTests.testMd5sumNonexistentFile' started at 2025-11-14 20:14:17.537
Test Case 'Md5sumTests.testMd5sumNonexistentFile' passed (0.052 seconds)
Test Case 'Md5sumTests.testMd5sumVerifyNonBinaryFile' started at 2025-11-14 20:14:17.589
/var/home/hh/w/swift/swiftybox/Tests/SwiftyBoxTests/Consolidated/Md5sumTests.swift:66: error: Md5sumTests.testMd5sumVerifyNonBinaryFile : XCTAssertEqual failed: ("1") is not equal to ("0") - Verifying md5sum should succeed
/var/home/hh/w/swift/swiftybox/Tests/SwiftyBoxTests/Consolidated/Md5sumTests.swift:67: error: Md5sumTests.testMd5sumVerifyNonBinaryFile : XCTAssertTrue failed - Verification should report OK
Test Case 'Md5sumTests.testMd5sumVerifyNonBinaryFile' failed (0.104 seconds)
Test Suite 'Md5sumTests' failed at 2025-11-14 20:14:17.693
	 Executed 6 tests, with 4 failures (0 unexpected) in 0.364 (0.364) seconds
Test Suite 'MkdirTests' started at 2025-11-14 20:14:17.693
Test Case 'MkdirTests.testMkdir_makesDirectory' started at 2025-11-14 20:14:17.693
Test Case 'MkdirTests.testMkdir_makesDirectory' passed (0.052 seconds)
Test Case 'MkdirTests.testMkdir_makesParentDirectories' started at 2025-11-14 20:14:17.745
Test Case 'MkdirTests.testMkdir_makesParentDirectories' passed (0.052 seconds)
Test Suite 'MkdirTests' passed at 2025-11-14 20:14:17.797
	 Executed 2 tests, with 0 failures (0 unexpected) in 0.104 (0.104) seconds
Test Suite 'MvTests' started at 2025-11-14 20:14:17.797
Test Case 'MvTests.testMv_filesWithTargetDirOption' started at 2025-11-14 20:14:17.797
/var/home/hh/w/swift/swiftybox/Tests/SwiftyBoxTests/Consolidated/MvTests.swift:113: error: MvTests.testMv_filesWithTargetDirOption : XCTAssertTrue failed - 
/var/home/hh/w/swift/swiftybox/Tests/SwiftyBoxTests/Consolidated/MvTests.swift:114: error: MvTests.testMv_filesWithTargetDirOption : XCTAssertTrue failed - 
/var/home/hh/w/swift/swiftybox/Tests/SwiftyBoxTests/Consolidated/MvTests.swift:115: error: MvTests.testMv_filesWithTargetDirOption : XCTAssertTrue failed - 
Test Case 'MvTests.testMv_filesWithTargetDirOption' failed (0.051 seconds)
Test Case 'MvTests.testMv_followsSymlinks' started at 2025-11-14 20:14:17.849
Test Case 'MvTests.testMv_followsSymlinks' passed (0.051 seconds)
Test Case 'MvTests.testMv_movesEmptyFile' started at 2025-11-14 20:14:17.900
Test Case 'MvTests.testMv_movesEmptyFile' passed (0.052 seconds)
Test Case 'MvTests.testMv_movesFile' started at 2025-11-14 20:14:17.952
Test Case 'MvTests.testMv_movesFile' passed (0.052 seconds)
Test Case 'MvTests.testMv_movesHardlinks' started at 2025-11-14 20:14:18.005
Test Case 'MvTests.testMv_movesHardlinks' passed (0.052 seconds)
Test Case 'MvTests.testMv_movesLargeFile' started at 2025-11-14 20:14:18.056
1+0 records in
1+0 records out
512 bytes copied, 3.7681e-05 s, 13.6 MB/s
Test Case 'MvTests.testMv_movesLargeFile' passed (0.102 seconds)
Test Case 'MvTests.testMv_movesSmallFile' started at 2025-11-14 20:14:18.159
Test Case 'MvTests.testMv_movesSmallFile' passed (0.052 seconds)
Test Case 'MvTests.testMv_movesSymlinks' started at 2025-11-14 20:14:18.211
Test Case 'MvTests.testMv_movesSymlinks' passed (0.053 seconds)
Test Case 'MvTests.testMv_movesUnreadableFiles' started at 2025-11-14 20:14:18.263
Test Case 'MvTests.testMv_movesUnreadableFiles' passed (0.052 seconds)
Test Case 'MvTests.testMv_multipleFilesToDir' started at 2025-11-14 20:14:18.315
Test Case 'MvTests.testMv_multipleFilesToDir' passed (0.052 seconds)
Test Case 'MvTests.testMv_preservesHardLinks' started at 2025-11-14 20:14:18.367
Test Case 'MvTests.testMv_preservesHardLinks' passed (0.052 seconds)
Test Case 'MvTests.testMv_preservesSymlinks' started at 2025-11-14 20:14:18.419
Test Case 'MvTests.testMv_preservesSymlinks' passed (0.152 seconds)
Test Case 'MvTests.testMv_refusesMvDirToSubdir' started at 2025-11-14 20:14:18.571
mv: cannot move 'there' to 'there/dir1/there': The operation could not be completed. (NSCocoaErrorDomain error 512.)
Test Case 'MvTests.testMv_refusesMvDirToSubdir' passed (0.103 seconds)
Test Case 'MvTests.testMv_removesSourceFile' started at 2025-11-14 20:14:18.674
Test Case 'MvTests.testMv_removesSourceFile' passed (0.152 seconds)
Test Suite 'MvTests' failed at 2025-11-14 20:14:18.826
	 Executed 14 tests, with 3 failures (0 unexpected) in 1.029 (1.029) seconds
Test Suite 'NlTests' started at 2025-11-14 20:14:18.826
Test Case 'NlTests.testNlNumbersAllLines_2' started at 2025-11-14 20:14:18.826
FAIL: nl numbers all lines
Expected output:
 1	line 1
     2	
     3	line 3

Actual output:
     1	line 1\n\nline 3\n

Exit code: 0

==================================================
Test Summary:
  Total:  1
  Passed: 0
  Failed: 1
  Success: 0.0%
==================================================
/var/home/hh/w/swift/swiftybox/Tests/SwiftyBoxTests/Consolidated/NlTests.swift:22: error: NlTests.testNlNumbersAllLines_2 : XCTAssertEqual failed: ("1") is not equal to ("0") - 1 tests failed
Test Case 'NlTests.testNlNumbersAllLines_2' failed (0.152 seconds)
Test Case 'NlTests.testNlNumbersNoLines_4' started at 2025-11-14 20:14:18.978
FAIL: nl numbers no lines
Expected output:
 line 1
       
       line 3

Actual output:
       line 1\n\nline 3\n

Exit code: 0

==================================================
Test Summary:
  Total:  1
  Passed: 0
  Failed: 1
  Success: 0.0%
==================================================
/var/home/hh/w/swift/swiftybox/Tests/SwiftyBoxTests/Consolidated/NlTests.swift:22: error: NlTests.testNlNumbersNoLines_4 : XCTAssertEqual failed: ("1") is not equal to ("0") - 1 tests failed
Test Case 'NlTests.testNlNumbersNoLines_4' failed (0.052 seconds)
Test Case 'NlTests.testNlNumbersNonEmptyLines_3' started at 2025-11-14 20:14:19.030
FAIL: nl numbers non-empty lines
Expected output:
 1	line 1
       
     2	line 3

Actual output:
     1	line 1\n\nline 3\n

Exit code: 0

==================================================
Test Summary:
  Total:  1
  Passed: 0
  Failed: 1
  Success: 0.0%
==================================================
/var/home/hh/w/swift/swiftybox/Tests/SwiftyBoxTests/Consolidated/NlTests.swift:22: error: NlTests.testNlNumbersNonEmptyLines_3 : XCTAssertEqual failed: ("1") is not equal to ("0") - 1 tests failed
Test Case 'NlTests.testNlNumbersNonEmptyLines_3' failed (0.052 seconds)
Test Case 'NlTests.testTestName_1' started at 2025-11-14 20:14:19.082
FAIL: test name
Expected output:
expected result
Actual output:

Exit code: 127

==================================================
Test Summary:
  Total:  1
  Passed: 0
  Failed: 1
  Success: 0.0%
==================================================
/var/home/hh/w/swift/swiftybox/Tests/SwiftyBoxTests/Consolidated/NlTests.swift:22: error: NlTests.testTestName_1 : XCTAssertEqual failed: ("1") is not equal to ("0") - 1 tests failed
Test Case 'NlTests.testTestName_1' failed (0.052 seconds)
Test Suite 'NlTests' failed at 2025-11-14 20:14:19.134
	 Executed 4 tests, with 4 failures (0 unexpected) in 0.307 (0.307) seconds
Test Suite 'OdTests' started at 2025-11-14 20:14:19.134
Test Case 'OdTests.testOdADesktop_3' started at 2025-11-14 20:14:19.134
FAIL: od -a (!DESKTOP)
Expected output:
 0000000 nul soh stx etx eot enq ack bel  bs  ht  lf  vt  ff  cr  so  si
0000020 dle dc1 dc2 dc3 dc4 nak syn etb can  em sub esc  fs  gs  rs  us
0000040   p   q   r   s   t   u   v   w   x   y   z   {   |   }   ~ del
0000060  80  81  82  83  84  85  86  87  88  89  8a  8b  8c  8d  8e  8f
0000100  f0  f1  f2  f3  f4  f5  f6  f7  f8  f9  fa  fb  fc  fd  fe  ff
0000120

Actual output:
0000000   \   x   0   0   \   x   0   1   \   x   0   2   \   x   0   3
0000020   \   x   0   4   \   x   0   5   \   x   0   6   \   x   0   7
0000040   \   x   0   8   \   x   0   9   \   x   0   a   \   x   0   b
0000060   \   x   0   c   \   x   0   d   \   x   0   e   \   x   0   f
0000100

Exit code: 0

==================================================
Test Summary:
  Total:  1
  Passed: 0
  Failed: 1
  Success: 0.0%
==================================================
/var/home/hh/w/swift/swiftybox/Tests/SwiftyBoxTests/Consolidated/OdTests.swift:22: error: OdTests.testOdADesktop_3 : XCTAssertEqual failed: ("1") is not equal to ("0") - 1 tests failed
Test Case 'OdTests.testOdADesktop_3' failed (0.052 seconds)
Test Case 'OdTests.testOdADesktop_4' started at 2025-11-14 20:14:19.186
FAIL: od -a (DESKTOP)
Expected output:
 0000000 nul soh stx etx eot enq ack bel  bs  ht  nl  vt  ff  cr  so  si
0000020 dle dc1 dc2 dc3 dc4 nak syn etb can  em sub esc  fs  gs  rs  us
0000040   p   q   r   s   t   u   v   w   x   y   z   {   |   }   ~ del
0000060 nul soh stx etx eot enq ack bel  bs  ht  nl  vt  ff  cr  so  si
0000100   p   q   r   s   t   u   v   w   x   y   z   {   |   }   ~ del
0000120

Actual output:
0000000   \   x   0   0   \   x   0   1   \   x   0   2   \   x   0   3
0000020   \   x   0   4   \   x   0   5   \   x   0   6   \   x   0   7
0000040   \   x   0   8   \   x   0   9   \   x   0   a   \   x   0   b
0000060   \   x   0   c   \   x   0   d   \   x   0   e   \   x   0   f
0000100

Exit code: 0

==================================================
Test Summary:
  Total:  1
  Passed: 0
  Failed: 1
  Success: 0.0%
==================================================
/var/home/hh/w/swift/swiftybox/Tests/SwiftyBoxTests/Consolidated/OdTests.swift:22: error: OdTests.testOdADesktop_4 : XCTAssertEqual failed: ("1") is not equal to ("0") - 1 tests failed
Test Case 'OdTests.testOdADesktop_4' failed (0.052 seconds)
Test Case 'OdTests.testOdBTraditionalFile_26' started at 2025-11-14 20:14:19.238
FAIL: od -b --traditional FILE
Expected output:
 0000000 110 105 114 114 117
0000005

Actual output:
0000000 110 105 114 114 117
0000005

Exit code: 0

==================================================
Test Summary:
  Total:  1
  Passed: 0
  Failed: 1
  Success: 0.0%
==================================================
/var/home/hh/w/swift/swiftybox/Tests/SwiftyBoxTests/Consolidated/OdTests.swift:22: error: OdTests.testOdBTraditionalFile_26 : XCTAssertEqual failed: ("1") is not equal to ("0") - 1 tests failed
Test Case 'OdTests.testOdBTraditionalFile_26' failed (0.052 seconds)
Test Case 'OdTests.testOdBTraditional_25' started at 2025-11-14 20:14:19.290
FAIL: od -b --traditional
Expected output:
 0000000 110 105 114 114 117
0000005

Actual output:
0000000 110 105 114 114 117
0000005

Exit code: 0

==================================================
Test Summary:
  Total:  1
  Passed: 0
  Failed: 1
  Success: 0.0%
==================================================
/var/home/hh/w/swift/swiftybox/Tests/SwiftyBoxTests/Consolidated/OdTests.swift:22: error: OdTests.testOdBTraditional_25 : XCTAssertEqual failed: ("1") is not equal to ("0") - 1 tests failed
Test Case 'OdTests.testOdBTraditional_25' failed (0.053 seconds)
Test Case 'OdTests.testOdB_23' started at 2025-11-14 20:14:19.342
FAIL: od -b
Expected output:
 0000000 110 105 114 114 117
0000005

Actual output:
0000000 110 105 114 114 117
0000005

Exit code: 0

==================================================
Test Summary:
  Total:  1
  Passed: 0
  Failed: 1
  Success: 0.0%
==================================================
/var/home/hh/w/swift/swiftybox/Tests/SwiftyBoxTests/Consolidated/OdTests.swift:22: error: OdTests.testOdB_23 : XCTAssertEqual failed: ("1") is not equal to ("0") - 1 tests failed
Test Case 'OdTests.testOdB_23' failed (0.052 seconds)
Test Case 'OdTests.testOdB_5' started at 2025-11-14 20:14:19.394
FAIL: od -B
Expected output:
 0000000 001001 005003 041101 177103
0000010

Actual output:
0000000 064444 070156 072165
0000006

Exit code: 0

==================================================
Test Summary:
  Total:  1
  Passed: 0
  Failed: 1
  Success: 0.0%
==================================================
/var/home/hh/w/swift/swiftybox/Tests/SwiftyBoxTests/Consolidated/OdTests.swift:22: error: OdTests.testOdB_5 : XCTAssertEqual failed: ("1") is not equal to ("0") - 1 tests failed
Test Case 'OdTests.testOdB_5' failed (0.052 seconds)
Test Case 'OdTests.testOdB_7' started at 2025-11-14 20:14:19.446
FAIL: od -b
Expected output:
 0000000 001 002 003 012 101 102 103 376
0000010

Actual output:
0000000 044 151 156 160 165 164
0000006

Exit code: 0

==================================================
Test Summary:
  Total:  1
  Passed: 0
  Failed: 1
  Success: 0.0%
==================================================
/var/home/hh/w/swift/swiftybox/Tests/SwiftyBoxTests/Consolidated/OdTests.swift:22: error: OdTests.testOdB_7 : XCTAssertEqual failed: ("1") is not equal to ("0") - 1 tests failed
Test Case 'OdTests.testOdB_7' failed (0.051 seconds)
Test Case 'OdTests.testOdC_8' started at 2025-11-14 20:14:19.497
FAIL: od -c
Expected output:
 0000000 001 002 003  \\\\n   A   B   C 376
0000010

Actual output:
0000000   $   i   n   p   u   t
0000006

Exit code: 0

==================================================
Test Summary:
  Total:  1
  Passed: 0
  Failed: 1
  Success: 0.0%
==================================================
/var/home/hh/w/swift/swiftybox/Tests/SwiftyBoxTests/Consolidated/OdTests.swift:22: error: OdTests.testOdC_8 : XCTAssertEqual failed: ("1") is not equal to ("0") - 1 tests failed
Test Case 'OdTests.testOdC_8' failed (0.052 seconds)
Test Case 'OdTests.testOdDLittleEndian_10' started at 2025-11-14 20:14:19.549
FAIL: od -D (little-endian)
Expected output:
 0000000  167969281 4265820737
0000010

Actual output:
0000000 1886284068      29813
0000006

Exit code: 0

==================================================
Test Summary:
  Total:  1
  Passed: 0
  Failed: 1
  Success: 0.0%
==================================================
/var/home/hh/w/swift/swiftybox/Tests/SwiftyBoxTests/Consolidated/OdTests.swift:22: error: OdTests.testOdDLittleEndian_10 : XCTAssertEqual failed: ("1") is not equal to ("0") - 1 tests failed
Test Case 'OdTests.testOdDLittleEndian_10' failed (0.052 seconds)
Test Case 'OdTests.testOdDLittleEndian_9' started at 2025-11-14 20:14:19.601
FAIL: od -d (little-endian)
Expected output:
 0000000   513  2563 16961 65091
0000010

Actual output:
0000000 26916 28782 29813
0000006

Exit code: 0

==================================================
Test Summary:
  Total:  1
  Passed: 0
  Failed: 1
  Success: 0.0%
==================================================
/var/home/hh/w/swift/swiftybox/Tests/SwiftyBoxTests/Consolidated/OdTests.swift:22: error: OdTests.testOdDLittleEndian_9 : XCTAssertEqual failed: ("1") is not equal to ("0") - 1 tests failed
Test Case 'OdTests.testOdDLittleEndian_9' failed (0.052 seconds)
Test Case 'OdTests.testOdEDesktopLittleEndian_11' started at 2025-11-14 20:14:19.653
FAIL: od -e (!DESKTOP little-endian)
Expected output:
 0000000   -1.61218556514036e+300
0000010

Actual output:
0000000     6.3263992464204e-310
0000006

Exit code: 0

==================================================
Test Summary:
  Total:  1
  Passed: 0
  Failed: 1
  Success: 0.0%
==================================================
/var/home/hh/w/swift/swiftybox/Tests/SwiftyBoxTests/Consolidated/OdTests.swift:22: error: OdTests.testOdEDesktopLittleEndian_11 : XCTAssertEqual failed: ("1") is not equal to ("0") - 1 tests failed
Test Case 'OdTests.testOdEDesktopLittleEndian_11' failed (0.052 seconds)
Test Case 'OdTests.testOdFDesktopLittleEndian_12' started at 2025-11-14 20:14:19.705
FAIL: od -F (!DESKTOP little-endian)
Expected output:
 0000000   -1.61218556514036e+300
0000010

Actual output:
0000000     6.3263992464204e-310
0000006

Exit code: 0

==================================================
Test Summary:
  Total:  1
  Passed: 0
  Failed: 1
  Success: 0.0%
==================================================
/var/home/hh/w/swift/swiftybox/Tests/SwiftyBoxTests/Consolidated/OdTests.swift:22: error: OdTests.testOdFDesktopLittleEndian_12 : XCTAssertEqual failed: ("1") is not equal to ("0") - 1 tests failed
Test Case 'OdTests.testOdFDesktopLittleEndian_12' failed (0.052 seconds)
Test Case 'OdTests.testOdFLittleEndian_13' started at 2025-11-14 20:14:19.757
FAIL: od -f (little-endian)
Expected output:
 0000000   6.3077975e-33  -6.4885867e+37
0000010

Actual output:
0000000   2.9513816e+29      4.1777e-41
0000006

Exit code: 0

==================================================
Test Summary:
  Total:  1
  Passed: 0
  Failed: 1
  Success: 0.0%
==================================================
/var/home/hh/w/swift/swiftybox/Tests/SwiftyBoxTests/Consolidated/OdTests.swift:22: error: OdTests.testOdFLittleEndian_13 : XCTAssertEqual failed: ("1") is not equal to ("0") - 1 tests failed
Test Case 'OdTests.testOdFLittleEndian_13' failed (0.052 seconds)
Test Case 'OdTests.testOdF_24' started at 2025-11-14 20:14:19.809
FAIL: od -f
Expected output:
 0000000   0.0000000e+00   0.0000000e+00
0000010

Actual output:
0000000    6.419947e-10    6.419947e-10    6.419947e-10    6.419947e-10
*
0000040

Exit code: 0

==================================================
Test Summary:
  Total:  1
  Passed: 0
  Failed: 1
  Success: 0.0%
==================================================
/var/home/hh/w/swift/swiftybox/Tests/SwiftyBoxTests/Consolidated/OdTests.swift:22: error: OdTests.testOdF_24 : XCTAssertEqual failed: ("1") is not equal to ("0") - 1 tests failed
Test Case 'OdTests.testOdF_24' failed (0.052 seconds)
Test Case 'OdTests.testOdHLittleEndian_14' started at 2025-11-14 20:14:19.861
FAIL: od -H (little-endian)
Expected output:
 0000000 0a030201 fe434241
0000010

Actual output:
0000000 706e6924 00007475
0000006

Exit code: 0

==================================================
Test Summary:
  Total:  1
  Passed: 0
  Failed: 1
  Success: 0.0%
==================================================
/var/home/hh/w/swift/swiftybox/Tests/SwiftyBoxTests/Consolidated/OdTests.swift:22: error: OdTests.testOdHLittleEndian_14 : XCTAssertEqual failed: ("1") is not equal to ("0") - 1 tests failed
Test Case 'OdTests.testOdHLittleEndian_14' failed (0.052 seconds)
Test Case 'OdTests.testOdHLittleEndian_16' started at 2025-11-14 20:14:19.913
FAIL: od -h (little-endian)
Expected output:
 0000000 0201 0a03 4241 fe43
0000010

Actual output:
0000000 6924 706e 7475
0000006

Exit code: 0

==================================================
Test Summary:
  Total:  1
  Passed: 0
  Failed: 1
  Success: 0.0%
==================================================
/var/home/hh/w/swift/swiftybox/Tests/SwiftyBoxTests/Consolidated/OdTests.swift:22: error: OdTests.testOdHLittleEndian_16 : XCTAssertEqual failed: ("1") is not equal to ("0") - 1 tests failed
Test Case 'OdTests.testOdHLittleEndian_16' failed (0.052 seconds)
Test Case 'OdTests.testOdILittleEndian_18' started at 2025-11-14 20:14:19.965
FAIL: od -i (little-endian)
Expected output:
 0000000   167969281   -29146559
0000010

Actual output:
0000000  1886284068       29813
0000006

Exit code: 0

==================================================
Test Summary:
  Total:  1
  Passed: 0
  Failed: 1
  Success: 0.0%
==================================================
/var/home/hh/w/swift/swiftybox/Tests/SwiftyBoxTests/Consolidated/OdTests.swift:22: error: OdTests.testOdILittleEndian_18 : XCTAssertEqual failed: ("1") is not equal to ("0") - 1 tests failed
Test Case 'OdTests.testOdILittleEndian_18' failed (0.052 seconds)
Test Case 'OdTests.testOdILittleEndian_20' started at 2025-11-14 20:14:20.017
FAIL: od -I (little-endian)
Expected output:
 0000000  -125183517527965183
0000010

Actual output:
0000000      128047746279716
0000006

Exit code: 0

==================================================
Test Summary:
  Total:  1
  Passed: 0
  Failed: 1
  Success: 0.0%
==================================================
/var/home/hh/w/swift/swiftybox/Tests/SwiftyBoxTests/Consolidated/OdTests.swift:22: error: OdTests.testOdILittleEndian_20 : XCTAssertEqual failed: ("1") is not equal to ("0") - 1 tests failed
Test Case 'OdTests.testOdILittleEndian_20' failed (0.052 seconds)
Test Case 'OdTests.testOdLLittleEndian_21' started at 2025-11-14 20:14:20.068
FAIL: od -L (little-endian)
Expected output:
 0000000  -125183517527965183
0000010

Actual output:
0000000      128047746279716
0000006

Exit code: 0

==================================================
Test Summary:
  Total:  1
  Passed: 0
  Failed: 1
  Success: 0.0%
==================================================
/var/home/hh/w/swift/swiftybox/Tests/SwiftyBoxTests/Consolidated/OdTests.swift:22: error: OdTests.testOdLLittleEndian_21 : XCTAssertEqual failed: ("1") is not equal to ("0") - 1 tests failed
Test Case 'OdTests.testOdLLittleEndian_21' failed (0.051 seconds)
Test Case 'OdTests.testOdLLittleEndian_22' started at 2025-11-14 20:14:20.120
FAIL: od -l (little-endian)
Expected output:
 0000000  -125183517527965183
0000010

Actual output:
0000000      128047746279716
0000006

Exit code: 0

==================================================
Test Summary:
  Total:  1
  Passed: 0
  Failed: 1
  Success: 0.0%
==================================================
/var/home/hh/w/swift/swiftybox/Tests/SwiftyBoxTests/Consolidated/OdTests.swift:22: error: OdTests.testOdLLittleEndian_22 : XCTAssertEqual failed: ("1") is not equal to ("0") - 1 tests failed
Test Case 'OdTests.testOdLLittleEndian_22' failed (0.052 seconds)
Test Case 'OdTests.testOdLittleEndian_2' started at 2025-11-14 20:14:20.171
FAIL: od (little-endian)
Expected output:
 0000000 001001 005003 041101 177103
0000010

Actual output:
0000000 064444 070156 072165
0000006

Exit code: 0

==================================================
Test Summary:
  Total:  1
  Passed: 0
  Failed: 1
  Success: 0.0%
==================================================
/var/home/hh/w/swift/swiftybox/Tests/SwiftyBoxTests/Consolidated/OdTests.swift:22: error: OdTests.testOdLittleEndian_2 : XCTAssertEqual failed: ("1") is not equal to ("0") - 1 tests failed
Test Case 'OdTests.testOdLittleEndian_2' failed (0.051 seconds)
Test Case 'OdTests.testOdOLittleEndian_19' started at 2025-11-14 20:14:20.223
FAIL: od -O (little-endian)
Expected output:
 0000000 01200601001 37620641101
0000010

Actual output:
0000000 16033464444 00000072165
0000006

Exit code: 0

==================================================
Test Summary:
  Total:  1
  Passed: 0
  Failed: 1
  Success: 0.0%
==================================================
/var/home/hh/w/swift/swiftybox/Tests/SwiftyBoxTests/Consolidated/OdTests.swift:22: error: OdTests.testOdOLittleEndian_19 : XCTAssertEqual failed: ("1") is not equal to ("0") - 1 tests failed
Test Case 'OdTests.testOdOLittleEndian_19' failed (0.052 seconds)
Test Case 'OdTests.testOdOLittleEndian_6' started at 2025-11-14 20:14:20.274
FAIL: od -o (little-endian)
Expected output:
 0000000 001001 005003 041101 177103
0000010

Actual output:
0000000 064444 070156 072165
0000006

Exit code: 0

==================================================
Test Summary:
  Total:  1
  Passed: 0
  Failed: 1
  Success: 0.0%
==================================================
/var/home/hh/w/swift/swiftybox/Tests/SwiftyBoxTests/Consolidated/OdTests.swift:22: error: OdTests.testOdOLittleEndian_6 : XCTAssertEqual failed: ("1") is not equal to ("0") - 1 tests failed
Test Case 'OdTests.testOdOLittleEndian_6' failed (0.052 seconds)
Test Case 'OdTests.testOdXLittleEndian_15' started at 2025-11-14 20:14:20.326
FAIL: od -X (little-endian)
Expected output:
 0000000 0a030201 fe434241
0000010

Actual output:
0000000 706e6924 00007475
0000006

Exit code: 0

==================================================
Test Summary:
  Total:  1
  Passed: 0
  Failed: 1
  Success: 0.0%
==================================================
/var/home/hh/w/swift/swiftybox/Tests/SwiftyBoxTests/Consolidated/OdTests.swift:22: error: OdTests.testOdXLittleEndian_15 : XCTAssertEqual failed: ("1") is not equal to ("0") - 1 tests failed
Test Case 'OdTests.testOdXLittleEndian_15' failed (0.052 seconds)
Test Case 'OdTests.testOdXLittleEndian_17' started at 2025-11-14 20:14:20.378
FAIL: od -x (little-endian)
Expected output:
 0000000 0201 0a03 4241 fe43
0000010

Actual output:
0000000 6924 706e 7475
0000006

Exit code: 0

==================================================
Test Summary:
  Total:  1
  Passed: 0
  Failed: 1
  Success: 0.0%
==================================================
/var/home/hh/w/swift/swiftybox/Tests/SwiftyBoxTests/Consolidated/OdTests.swift:22: error: OdTests.testOdXLittleEndian_17 : XCTAssertEqual failed: ("1") is not equal to ("0") - 1 tests failed
Test Case 'OdTests.testOdXLittleEndian_17' failed (0.052 seconds)
Test Case 'OdTests.testTestName_1' started at 2025-11-14 20:14:20.429
FAIL: test name
Expected output:
expected result
Actual output:

Exit code: 127

==================================================
Test Summary:
  Total:  1
  Passed: 0
  Failed: 1
  Success: 0.0%
==================================================
/var/home/hh/w/swift/swiftybox/Tests/SwiftyBoxTests/Consolidated/OdTests.swift:22: error: OdTests.testTestName_1 : XCTAssertEqual failed: ("1") is not equal to ("0") - 1 tests failed
Test Case 'OdTests.testTestName_1' failed (0.052 seconds)
Test Suite 'OdTests' failed at 2025-11-14 20:14:20.481
	 Executed 26 tests, with 26 failures (0 unexpected) in 1.347 (1.347) seconds
Test Suite 'PasteTests' started at 2025-11-14 20:14:20.481
Test Case 'PasteTests.testPaste_backCutedLines' started at 2025-11-14 20:14:20.481
cut: invalid option: '-b'
cut: invalid option: '-b'
/var/home/hh/w/swift/swiftybox/Tests/SwiftyBoxTests/Consolidated/PasteTests.swift:131: error: PasteTests.testPaste_backCutedLines : XCTAssertEqual failed: ("Optional("\n")") is not equal to ("Optional("this is the first line\nthis is the second line\nthis is the third line\n")") - paste -d '\0' should rejoin cut lines
Test Case 'PasteTests.testPaste_backCutedLines' failed (0.156 seconds)
Test Case 'PasteTests.testPaste_basicFunctionality' started at 2025-11-14 20:14:20.637
/var/home/hh/w/swift/swiftybox/Tests/SwiftyBoxTests/Consolidated/PasteTests.swift:71: error: PasteTests.testPaste_basicFunctionality : XCTAssertEqual failed: ("Optional("foo1\tbar1\nfoo2\tbar2\nfoo3\tbar3\n\t\n")") is not equal to ("Optional("foo1\tbar1\nfoo2\tbar2\nfoo3\tbar3\n")") - paste should merge files with tabs
Test Case 'PasteTests.testPaste_basicFunctionality' failed (0.052 seconds)
Test Case 'PasteTests.testPaste_multiStdin' started at 2025-11-14 20:14:20.689
/var/home/hh/w/swift/swiftybox/Tests/SwiftyBoxTests/Consolidated/PasteTests.swift:179: error: PasteTests.testPaste_multiStdin : XCTAssertEqual failed: ("Optional("line1\nline2\nline3\nline4\nline5\nline6\n")") is not equal to ("Optional("line1\tline2\tline3\nline4\tline5\tline6\n")") - paste - - - should group 3 lines per output line
Test Case 'PasteTests.testPaste_multiStdin' failed (0.052 seconds)
Test Case 'PasteTests.testPaste_pairs' started at 2025-11-14 20:14:20.741
/var/home/hh/w/swift/swiftybox/Tests/SwiftyBoxTests/Consolidated/PasteTests.swift:218: error: PasteTests.testPaste_pairs : XCTAssertEqual failed: ("Optional("foo1\t\nbar1\t\nfoo2\t\nbar2\t\nfoo3\t\n\n")") is not equal to ("Optional("foo1\tbar1\nfoo2\tbar2\nfoo3\n")") - paste -s -d should pair lines alternating delimiters
Test Case 'PasteTests.testPaste_pairs' failed (0.053 seconds)
Test Case 'PasteTests.testPaste_separate' started at 2025-11-14 20:14:20.793
/var/home/hh/w/swift/swiftybox/Tests/SwiftyBoxTests/Consolidated/PasteTests.swift:259: error: PasteTests.testPaste_separate : XCTAssertEqual failed: ("Optional("foo1\tfoo2\tfoo3\t\nbar1\tbar2\tbar3\t\n")") is not equal to ("Optional("foo1\tfoo2\tfoo3\nbar1\tbar2\tbar3\n")") - paste -s should serialize each file into one line
Test Case 'PasteTests.testPaste_separate' failed (0.054 seconds)
Test Suite 'PasteTests' failed at 2025-11-14 20:14:20.847
	 Executed 5 tests, with 5 failures (0 unexpected) in 0.366 (0.366) seconds
Test Suite 'PatchTests' started at 2025-11-14 20:14:20.848
Test Case 'PatchTests.testPatchAtTheBeginning_12' started at 2025-11-14 20:14:20.848
FAIL: patch at the beginning
Expected output:
 patching file input
111changed
444
555
666
777
888
999

Actual output:
patching file input
Hunk #1 FAILED at 1.
1 out of 1 hunk FAILED -- saving rejects to file input.rej
 111
222
333
444
555
666
777
888
999

Exit code: 0

==================================================
Test Summary:
  Total:  1
  Passed: 0
  Failed: 1
  Success: 0.0%
==================================================
/var/home/hh/w/swift/swiftybox/Tests/SwiftyBoxTests/Consolidated/PatchTests.swift:22: error: PatchTests.testPatchAtTheBeginning_12 : XCTAssertEqual failed: ("1") is not equal to ("0") - 1 tests failed
Test Case 'PatchTests.testPatchAtTheBeginning_12' failed (0.051 seconds)
Test Case 'PatchTests.testPatchCreatesNewFile_14' started at 2025-11-14 20:14:20.899
FAIL: patch creates new file
Expected output:
 creating testfile
0
qwerty

Actual output:
patching file testfile
0
qwerty

Exit code: 0

==================================================
Test Summary:
  Total:  1
  Passed: 0
  Failed: 1
  Success: 0.0%
==================================================
/var/home/hh/w/swift/swiftybox/Tests/SwiftyBoxTests/Consolidated/PatchTests.swift:22: error: PatchTests.testPatchCreatesNewFile_14 : XCTAssertEqual failed: ("1") is not equal to ("0") - 1 tests failed
Test Case 'PatchTests.testPatchCreatesNewFile_14' failed (0.052 seconds)
Test Case 'PatchTests.testPatchDetectsAlreadyAppliedHunkAtTheEof_6' started at 2025-11-14 20:14:20.952
FAIL: patch detects already applied hunk at the EOF
Expected output:
 patching file input
Possibly reversed hunk 1 at 4
Hunk 1 FAILED 1/1.
 abc
 123
+456
1
abc
123
456

Actual output:
patching file input
Reversed (or previously applied) patch detected!  Assume -R? [n] 
Apply anyway? [n] 
Skipping patch.
1 out of 1 hunk ignored -- saving rejects to file input.rej
1
 abc
123
456

Exit code: 0

==================================================
Test Summary:
  Total:  1
  Passed: 0
  Failed: 1
  Success: 0.0%
==================================================
/var/home/hh/w/swift/swiftybox/Tests/SwiftyBoxTests/Consolidated/PatchTests.swift:22: error: PatchTests.testPatchDetectsAlreadyAppliedHunkAtTheEof_6 : XCTAssertEqual failed: ("1") is not equal to ("0") - 1 tests failed
Test Case 'PatchTests.testPatchDetectsAlreadyAppliedHunkAtTheEof_6' failed (0.052 seconds)
Test Case 'PatchTests.testPatchDetectsAlreadyAppliedHunk_5' started at 2025-11-14 20:14:21.003
FAIL: patch detects already applied hunk
Expected output:
 patching file input
Possibly reversed hunk 1 at 4
Hunk 1 FAILED 1/1.
 abc
+def
 123
1
abc
def
123

Actual output:
patching file input
Hunk #1 succeeded at 1 with fuzz 1.
0
 abc
def
def
123

Exit code: 0

==================================================
Test Summary:
  Total:  1
  Passed: 0
  Failed: 1
  Success: 0.0%
==================================================
/var/home/hh/w/swift/swiftybox/Tests/SwiftyBoxTests/Consolidated/PatchTests.swift:22: error: PatchTests.testPatchDetectsAlreadyAppliedHunk_5 : XCTAssertEqual failed: ("1") is not equal to ("0") - 1 tests failed
Test Case 'PatchTests.testPatchDetectsAlreadyAppliedHunk_5' failed (0.052 seconds)
Test Case 'PatchTests.testPatchFilePatch_10' started at 2025-11-14 20:14:21.055
FAIL: patch FILE PATCH
Expected output:
 patching file input
0
abc
def
123

Actual output:
patching file input
Hunk #1 succeeded at 1 with fuzz 1.
0
 abc
def
123

Exit code: 0

==================================================
Test Summary:
  Total:  1
  Passed: 0
  Failed: 1
  Success: 0.0%
==================================================
/var/home/hh/w/swift/swiftybox/Tests/SwiftyBoxTests/Consolidated/PatchTests.swift:22: error: PatchTests.testPatchFilePatch_10 : XCTAssertEqual failed: ("1") is not equal to ("0") - 1 tests failed
Test Case 'PatchTests.testPatchFilePatch_10' failed (0.053 seconds)
Test Case 'PatchTests.testPatchInternalBufferingBug_17' started at 2025-11-14 20:14:21.108
FAIL: patch internal buffering bug?
Expected output:
 patching file input
0
foo






1
2
3

bar

Actual output:
patching file input
0
 foo






1
2
3

bar

Exit code: 0

==================================================
Test Summary:
  Total:  1
  Passed: 0
  Failed: 1
  Success: 0.0%
==================================================
/var/home/hh/w/swift/swiftybox/Tests/SwiftyBoxTests/Consolidated/PatchTests.swift:22: error: PatchTests.testPatchInternalBufferingBug_17 : XCTAssertEqual failed: ("1") is not equal to ("0") - 1 tests failed
Test Case 'PatchTests.testPatchInternalBufferingBug_17' failed (0.052 seconds)
Test Case 'PatchTests.testPatchNIgnoresAlreadyAppliedHunk_8' started at 2025-11-14 20:14:21.160
FAIL: patch -N ignores already applied hunk
Expected output:
 patching file input
0
abc
def
123

Actual output:
patching file input
Hunk #1 succeeded at 1 with fuzz 1.
0
 abc
def
def
123

Exit code: 0

==================================================
Test Summary:
  Total:  1
  Passed: 0
  Failed: 1
  Success: 0.0%
==================================================
/var/home/hh/w/swift/swiftybox/Tests/SwiftyBoxTests/Consolidated/PatchTests.swift:22: error: PatchTests.testPatchNIgnoresAlreadyAppliedHunk_8 : XCTAssertEqual failed: ("1") is not equal to ("0") - 1 tests failed
Test Case 'PatchTests.testPatchNIgnoresAlreadyAppliedHunk_8' failed (0.052 seconds)
Test Case 'PatchTests.testPatchRWithNonexistentOldFile_4' started at 2025-11-14 20:14:21.212
FAIL: patch -R with nonexistent old_file
Expected output:
 patching file input
0
qwe
zxc

Actual output:
patching file input
Hunk #1 succeeded at 1 with fuzz 1.
0
 qwe
zxc

Exit code: 0

==================================================
Test Summary:
  Total:  1
  Passed: 0
  Failed: 1
  Success: 0.0%
==================================================
/var/home/hh/w/swift/swiftybox/Tests/SwiftyBoxTests/Consolidated/PatchTests.swift:22: error: PatchTests.testPatchRWithNonexistentOldFile_4 : XCTAssertEqual failed: ("1") is not equal to ("0") - 1 tests failed
Test Case 'PatchTests.testPatchRWithNonexistentOldFile_4' failed (0.053 seconds)
Test Case 'PatchTests.testPatchUnderstandsDirDir_16' started at 2025-11-14 20:14:21.265
FAIL: patch understands ...dir///dir...
Expected output:
 patching file dir2///file
patch: can
Actual output:
0

Exit code: 0

==================================================
Test Summary:
  Total:  1
  Passed: 0
  Failed: 1
  Success: 0.0%
==================================================
/var/home/hh/w/swift/swiftybox/Tests/SwiftyBoxTests/Consolidated/PatchTests.swift:22: error: PatchTests.testPatchUnderstandsDirDir_16 : XCTAssertEqual failed: ("1") is not equal to ("0") - 1 tests failed
Test Case 'PatchTests.testPatchUnderstandsDirDir_16' failed (0.052 seconds)
Test Case 'PatchTests.testPatchWithNonexistentOldFile_3' started at 2025-11-14 20:14:21.317
FAIL: patch with nonexistent old_file
Expected output:
 patching file input
0
qwe
asd
zxc

Actual output:
patching file input
Hunk #1 succeeded at 1 with fuzz 1.
0
 qwe
asd
zxc

Exit code: 0

==================================================
Test Summary:
  Total:  1
  Passed: 0
  Failed: 1
  Success: 0.0%
==================================================
/var/home/hh/w/swift/swiftybox/Tests/SwiftyBoxTests/Consolidated/PatchTests.swift:22: error: PatchTests.testPatchWithNonexistentOldFile_3 : XCTAssertEqual failed: ("1") is not equal to ("0") - 1 tests failed
Test Case 'PatchTests.testPatchWithNonexistentOldFile_3' failed (0.052 seconds)
Test Case 'PatchTests.testPatchWithOldFileNewFile_2' started at 2025-11-14 20:14:21.369
FAIL: patch with old_file == new_file
Expected output:
 patching file input
0
qwe
asd
zxc

Actual output:
patching file input
Hunk #1 succeeded at 1 with fuzz 1.
0
 qwe
asd
zxc

Exit code: 0

==================================================
Test Summary:
  Total:  1
  Passed: 0
  Failed: 1
  Success: 0.0%
==================================================
/var/home/hh/w/swift/swiftybox/Tests/SwiftyBoxTests/Consolidated/PatchTests.swift:22: error: PatchTests.testPatchWithOldFileNewFile_2 : XCTAssertEqual failed: ("1") is not equal to ("0") - 1 tests failed
Test Case 'PatchTests.testPatchWithOldFileNewFile_2' failed (0.052 seconds)
Test Case 'PatchTests.testTestName_1' started at 2025-11-14 20:14:21.421
FAIL: test name
Expected output:
expected result
Actual output:

Exit code: 2

==================================================
Test Summary:
  Total:  1
  Passed: 0
  Failed: 1
  Success: 0.0%
==================================================
/var/home/hh/w/swift/swiftybox/Tests/SwiftyBoxTests/Consolidated/PatchTests.swift:22: error: PatchTests.testTestName_1 : XCTAssertEqual failed: ("1") is not equal to ("0") - 1 tests failed
Test Case 'PatchTests.testTestName_1' failed (0.052 seconds)
Test Case 'PatchTests.testTestName_11' started at 2025-11-14 20:14:21.473
FAIL: test name
Expected output:
expected result
Actual output:

Exit code: 2

==================================================
Test Summary:
  Total:  1
  Passed: 0
  Failed: 1
  Success: 0.0%
==================================================
/var/home/hh/w/swift/swiftybox/Tests/SwiftyBoxTests/Consolidated/PatchTests.swift:22: error: PatchTests.testTestName_11 : XCTAssertEqual failed: ("1") is not equal to ("0") - 1 tests failed
Test Case 'PatchTests.testTestName_11' failed (0.152 seconds)
Test Case 'PatchTests.testTestName_13' started at 2025-11-14 20:14:21.625
FAIL: test name
Expected output:
expected result
Actual output:

Exit code: 2

==================================================
Test Summary:
  Total:  1
  Passed: 0
  Failed: 1
  Success: 0.0%
==================================================
/var/home/hh/w/swift/swiftybox/Tests/SwiftyBoxTests/Consolidated/PatchTests.swift:22: error: PatchTests.testTestName_13 : XCTAssertEqual failed: ("1") is not equal to ("0") - 1 tests failed
Test Case 'PatchTests.testTestName_13' failed (0.052 seconds)
Test Case 'PatchTests.testTestName_15' started at 2025-11-14 20:14:21.677
FAIL: test name
Expected output:
expected result
Actual output:

Exit code: 2

==================================================
Test Summary:
  Total:  1
  Passed: 0
  Failed: 1
  Success: 0.0%
==================================================
/var/home/hh/w/swift/swiftybox/Tests/SwiftyBoxTests/Consolidated/PatchTests.swift:22: error: PatchTests.testTestName_15 : XCTAssertEqual failed: ("1") is not equal to ("0") - 1 tests failed
Test Case 'PatchTests.testTestName_15' failed (0.052 seconds)
Test Case 'PatchTests.testTestName_7' started at 2025-11-14 20:14:21.729
FAIL: test name
Expected output:
expected result
Actual output:

Exit code: 2

==================================================
Test Summary:
  Total:  1
  Passed: 0
  Failed: 1
  Success: 0.0%
==================================================
/var/home/hh/w/swift/swiftybox/Tests/SwiftyBoxTests/Consolidated/PatchTests.swift:22: error: PatchTests.testTestName_7 : XCTAssertEqual failed: ("1") is not equal to ("0") - 1 tests failed
Test Case 'PatchTests.testTestName_7' failed (0.053 seconds)
Test Case 'PatchTests.testTestName_9' started at 2025-11-14 20:14:21.782
FAIL: test name
Expected output:
expected result
Actual output:

Exit code: 2

==================================================
Test Summary:
  Total:  1
  Passed: 0
  Failed: 1
  Success: 0.0%
==================================================
/var/home/hh/w/swift/swiftybox/Tests/SwiftyBoxTests/Consolidated/PatchTests.swift:22: error: PatchTests.testTestName_9 : XCTAssertEqual failed: ("1") is not equal to ("0") - 1 tests failed
Test Case 'PatchTests.testTestName_9' failed (0.052 seconds)
Test Suite 'PatchTests' failed at 2025-11-14 20:14:21.834
	 Executed 17 tests, with 17 failures (0 unexpected) in 0.986 (0.986) seconds
Test Suite 'PidofTests' started at 2025-11-14 20:14:21.834
Test Case 'PidofTests.testPidofOInit_6' started at 2025-11-14 20:14:21.834
FAIL: pidof -o init
Expected output:

Actual output:

Exit code: 1

==================================================
Test Summary:
  Total:  1
  Passed: 0
  Failed: 1
  Success: 0.0%
==================================================
/var/home/hh/w/swift/swiftybox/Tests/SwiftyBoxTests/Consolidated/PidofTests.swift:22: error: PidofTests.testPidofOInit_6 : XCTAssertEqual failed: ("1") is not equal to ("0") - 1 tests failed
Test Case 'PidofTests.testPidofOInit_6' failed (0.052 seconds)
Test Case 'PidofTests.testPidofOPpidNop_5' started at 2025-11-14 20:14:21.886
FAIL: pidof -o %PPID NOP
Expected output:
1\n
Actual output:

Exit code: 1

==================================================
Test Summary:
  Total:  1
  Passed: 0
  Failed: 1
  Success: 0.0%
==================================================
/var/home/hh/w/swift/swiftybox/Tests/SwiftyBoxTests/Consolidated/PidofTests.swift:22: error: PidofTests.testPidofOPpidNop_5 : XCTAssertEqual failed: ("1") is not equal to ("0") - 1 tests failed
Test Case 'PidofTests.testPidofOPpidNop_5' failed (0.051 seconds)
Test Case 'PidofTests.testPidofOPpid_4' started at 2025-11-14 20:14:21.937
FAIL: pidof -o %PPID
Expected output:

Actual output:

Exit code: 1

==================================================
Test Summary:
  Total:  1
  Passed: 0
  Failed: 1
  Success: 0.0%
==================================================
/var/home/hh/w/swift/swiftybox/Tests/SwiftyBoxTests/Consolidated/PidofTests.swift:22: error: PidofTests.testPidofOPpid_4 : XCTAssertEqual failed: ("1") is not equal to ("0") - 1 tests failed
Test Case 'PidofTests.testPidofOPpid_4' failed (0.051 seconds)
Test Case 'PidofTests.testPidofS_3' started at 2025-11-14 20:14:21.988
FAIL: pidof -s
Expected output:
1\n
Actual output:

Exit code: 1

==================================================
Test Summary:
  Total:  1
  Passed: 0
  Failed: 1
  Success: 0.0%
==================================================
/var/home/hh/w/swift/swiftybox/Tests/SwiftyBoxTests/Consolidated/PidofTests.swift:22: error: PidofTests.testPidofS_3 : XCTAssertEqual failed: ("1") is not equal to ("0") - 1 tests failed
Test Case 'PidofTests.testPidofS_3' failed (0.052 seconds)
Test Case 'PidofTests.testPidofThis_2' started at 2025-11-14 20:14:22.041
FAIL: pidof this
Expected output:
$$\n
Actual output:

Exit code: 1

==================================================
Test Summary:
  Total:  1
  Passed: 0
  Failed: 1
  Success: 0.0%
==================================================
/var/home/hh/w/swift/swiftybox/Tests/SwiftyBoxTests/Consolidated/PidofTests.swift:22: error: PidofTests.testPidofThis_2 : XCTAssertEqual failed: ("1") is not equal to ("0") - 1 tests failed
Test Case 'PidofTests.testPidofThis_2' failed (0.052 seconds)
Test Case 'PidofTests.testTestName_1' started at 2025-11-14 20:14:22.093
FAIL: test name
Expected output:
expected result
Actual output:

Exit code: 127

==================================================
Test Summary:
  Total:  1
  Passed: 0
  Failed: 1
  Success: 0.0%
==================================================
/var/home/hh/w/swift/swiftybox/Tests/SwiftyBoxTests/Consolidated/PidofTests.swift:22: error: PidofTests.testTestName_1 : XCTAssertEqual failed: ("1") is not equal to ("0") - 1 tests failed
Test Case 'PidofTests.testTestName_1' failed (0.053 seconds)
Test Suite 'PidofTests' failed at 2025-11-14 20:14:22.146
	 Executed 6 tests, with 6 failures (0 unexpected) in 0.312 (0.312) seconds
Test Suite 'PrintfTests' started at 2025-11-14 20:14:22.146
Test Case 'PrintfTests.testTestName_1' started at 2025-11-14 20:14:22.146
FAIL: test name
Expected output:
expected result
Actual output:

Exit code: 0

==================================================
Test Summary:
  Total:  1
  Passed: 0
  Failed: 1
  Success: 0.0%
==================================================
/var/home/hh/w/swift/swiftybox/Tests/SwiftyBoxTests/Consolidated/PrintfTests.swift:22: error: PrintfTests.testTestName_1 : XCTAssertEqual failed: ("1") is not equal to ("0") - 1 tests failed
Test Case 'PrintfTests.testTestName_1' failed (0.052 seconds)
Test Suite 'PrintfTests' failed at 2025-11-14 20:14:22.198
	 Executed 1 test, with 1 failure (0 unexpected) in 0.052 (0.052) seconds
Test Suite 'PwdTests' started at 2025-11-14 20:14:22.198
Test Case 'PwdTests.testPwd_printsWorkingDirectory' started at 2025-11-14 20:14:22.198
Test Case 'PwdTests.testPwd_printsWorkingDirectory' passed (0.154 seconds)
Test Suite 'PwdTests' passed at 2025-11-14 20:14:22.352
	 Executed 1 test, with 0 failures (0 unexpected) in 0.154 (0.154) seconds
Test Suite 'ReadlinkTests' started at 2025-11-14 20:14:22.352
Test Case 'ReadlinkTests.testReadlinkFOnAFile_3' started at 2025-11-14 20:14:22.352
FAIL: readlink -f on a file
Expected output:
$pwd/$TESTFILE\n
Actual output:
/tmp/swiftybox-test-65BB684C-0BA6-45C9-A3A0-2D9AC84CFA0D

Exit code: 0

==================================================
Test Summary:
  Total:  1
  Passed: 0
  Failed: 1
  Success: 0.0%
==================================================
/var/home/hh/w/swift/swiftybox/Tests/SwiftyBoxTests/Consolidated/ReadlinkTests.swift:22: error: ReadlinkTests.testReadlinkFOnAFile_3 : XCTAssertEqual failed: ("1") is not equal to ("0") - 1 tests failed
Test Case 'ReadlinkTests.testReadlinkFOnAFile_3' failed (0.052 seconds)
Test Case 'ReadlinkTests.testReadlinkFOnALink_4' started at 2025-11-14 20:14:22.404
FAIL: readlink -f on a link
Expected output:
$pwd/$TESTFILE\n
Actual output:
/tmp/swiftybox-test-2B6635D2-5F72-4F78-9A2B-89DE9515111C

Exit code: 0

==================================================
Test Summary:
  Total:  1
  Passed: 0
  Failed: 1
  Success: 0.0%
==================================================
/var/home/hh/w/swift/swiftybox/Tests/SwiftyBoxTests/Consolidated/ReadlinkTests.swift:22: error: ReadlinkTests.testReadlinkFOnALink_4 : XCTAssertEqual failed: ("1") is not equal to ("0") - 1 tests failed
Test Case 'ReadlinkTests.testReadlinkFOnALink_4' failed (0.051 seconds)
Test Case 'ReadlinkTests.testReadlinkFOnAWeirdDir_6' started at 2025-11-14 20:14:22.456
FAIL: readlink -f on a weird dir
Expected output:
$pwd/$TESTFILE\n
Actual output:
/

Exit code: 0

==================================================
Test Summary:
  Total:  1
  Passed: 0
  Failed: 1
  Success: 0.0%
==================================================
/var/home/hh/w/swift/swiftybox/Tests/SwiftyBoxTests/Consolidated/ReadlinkTests.swift:22: error: ReadlinkTests.testReadlinkFOnAWeirdDir_6 : XCTAssertEqual failed: ("1") is not equal to ("0") - 1 tests failed
Test Case 'ReadlinkTests.testReadlinkFOnAWeirdDir_6' failed (0.052 seconds)
Test Case 'ReadlinkTests.testReadlinkFOnAnInvalidLink_5' started at 2025-11-14 20:14:22.507
FAIL: readlink -f on an invalid link
Expected output:

Actual output:
/tmp/swiftybox-test-37276F18-CAF6-4808-BE94-FC8BEE963DDA

Exit code: 0

==================================================
Test Summary:
  Total:  1
  Passed: 0
  Failed: 1
  Success: 0.0%
==================================================
/var/home/hh/w/swift/swiftybox/Tests/SwiftyBoxTests/Consolidated/ReadlinkTests.swift:22: error: ReadlinkTests.testReadlinkFOnAnInvalidLink_5 : XCTAssertEqual failed: ("1") is not equal to ("0") - 1 tests failed
Test Case 'ReadlinkTests.testReadlinkFOnAnInvalidLink_5' failed (0.052 seconds)
Test Case 'ReadlinkTests.testReadlinkOnAFile_1' started at 2025-11-14 20:14:22.559
FAIL: readlink on a file
Expected output:

Actual output:

Exit code: 1

==================================================
Test Summary:
  Total:  1
  Passed: 0
  Failed: 1
  Success: 0.0%
==================================================
/var/home/hh/w/swift/swiftybox/Tests/SwiftyBoxTests/Consolidated/ReadlinkTests.swift:22: error: ReadlinkTests.testReadlinkOnAFile_1 : XCTAssertEqual failed: ("1") is not equal to ("0") - 1 tests failed
Test Case 'ReadlinkTests.testReadlinkOnAFile_1' failed (0.051 seconds)
Test Case 'ReadlinkTests.testReadlinkOnALink_2' started at 2025-11-14 20:14:22.610
FAIL: readlink on a link
Expected output:
./$TESTFILE\n
Actual output:

Exit code: 1

==================================================
Test Summary:
  Total:  1
  Passed: 0
  Failed: 1
  Success: 0.0%
==================================================
/var/home/hh/w/swift/swiftybox/Tests/SwiftyBoxTests/Consolidated/ReadlinkTests.swift:22: error: ReadlinkTests.testReadlinkOnALink_2 : XCTAssertEqual failed: ("1") is not equal to ("0") - 1 tests failed
Test Case 'ReadlinkTests.testReadlinkOnALink_2' failed (0.052 seconds)
Test Suite 'ReadlinkTests' failed at 2025-11-14 20:14:22.662
	 Executed 6 tests, with 6 failures (0 unexpected) in 0.31 (0.31) seconds
Test Suite 'RealpathTests' started at 2025-11-14 20:14:22.662
Test Case 'RealpathTests.testRealpathOnLinkToNonExistentFile1_7' started at 2025-11-14 20:14:22.662
FAIL: realpath on link to non-existent file 1
Expected output:
$pwd/$TESTDIR/not_file\n
Actual output:

Exit code: 1

==================================================
Test Summary:
  Total:  1
  Passed: 0
  Failed: 1
  Success: 0.0%
==================================================
/var/home/hh/w/swift/swiftybox/Tests/SwiftyBoxTests/Consolidated/RealpathTests.swift:22: error: RealpathTests.testRealpathOnLinkToNonExistentFile1_7 : XCTAssertEqual failed: ("1") is not equal to ("0") - 1 tests failed
Test Case 'RealpathTests.testRealpathOnLinkToNonExistentFile1_7' failed (0.052 seconds)
Test Case 'RealpathTests.testRealpathOnLinkToNonExistentFile2_8' started at 2025-11-14 20:14:22.714
FAIL: realpath on link to non-existent file 2
Expected output:
realpath: $TESTLINK2: No such file or directory\n
Actual output:
realpath: missing operand
Try 'realpath --help' for more information.

Exit code: 1

==================================================
Test Summary:
  Total:  1
  Passed: 0
  Failed: 1
  Success: 0.0%
==================================================
/var/home/hh/w/swift/swiftybox/Tests/SwiftyBoxTests/Consolidated/RealpathTests.swift:22: error: RealpathTests.testRealpathOnLinkToNonExistentFile2_8 : XCTAssertEqual failed: ("1") is not equal to ("0") - 1 tests failed
Test Case 'RealpathTests.testRealpathOnLinkToNonExistentFile2_8' failed (0.052 seconds)
Test Case 'RealpathTests.testRealpathOnLinkToNonExistentFile3_9' started at 2025-11-14 20:14:22.766
FAIL: realpath on link to non-existent file 3
Expected output:
$pwd/$TESTDIR/not_file\n
Actual output:
/tmp/swiftybox-test-F9E03C91-54E4-49D0-9C91-514289448448

Exit code: 0

==================================================
Test Summary:
  Total:  1
  Passed: 0
  Failed: 1
  Success: 0.0%
==================================================
/var/home/hh/w/swift/swiftybox/Tests/SwiftyBoxTests/Consolidated/RealpathTests.swift:22: error: RealpathTests.testRealpathOnLinkToNonExistentFile3_9 : XCTAssertEqual failed: ("1") is not equal to ("0") - 1 tests failed
Test Case 'RealpathTests.testRealpathOnLinkToNonExistentFile3_9' failed (0.052 seconds)
Test Case 'RealpathTests.testRealpathOnLinkToNonExistentFile4_10' started at 2025-11-14 20:14:22.818
FAIL: realpath on link to non-existent file 4
Expected output:
realpath: ./$TESTLINK2: No such file or directory\n
Actual output:
/tmp/swiftybox-test-EB073D6F-A822-4050-953A-CAF9F345EA3E

Exit code: 0

==================================================
Test Summary:
  Total:  1
  Passed: 0
  Failed: 1
  Success: 0.0%
==================================================
/var/home/hh/w/swift/swiftybox/Tests/SwiftyBoxTests/Consolidated/RealpathTests.swift:22: error: RealpathTests.testRealpathOnLinkToNonExistentFile4_10 : XCTAssertEqual failed: ("1") is not equal to ("0") - 1 tests failed
Test Case 'RealpathTests.testRealpathOnLinkToNonExistentFile4_10' failed (0.052 seconds)
Test Case 'RealpathTests.testRealpathOnNonExistentAbsolutePath1_1' started at 2025-11-14 20:14:22.869
FAIL: realpath on non-existent absolute path 1
Expected output:
/not_file\n
Actual output:
/not_file

Exit code: 0

==================================================
Test Summary:
  Total:  1
  Passed: 0
  Failed: 1
  Success: 0.0%
==================================================
/var/home/hh/w/swift/swiftybox/Tests/SwiftyBoxTests/Consolidated/RealpathTests.swift:22: error: RealpathTests.testRealpathOnNonExistentAbsolutePath1_1 : XCTAssertEqual failed: ("1") is not equal to ("0") - 1 tests failed
Test Case 'RealpathTests.testRealpathOnNonExistentAbsolutePath1_1' failed (0.052 seconds)
Test Case 'RealpathTests.testRealpathOnNonExistentAbsolutePath2_2' started at 2025-11-14 20:14:22.921
FAIL: realpath on non-existent absolute path 2
Expected output:
/not_file\n
Actual output:
/not_file

Exit code: 0

==================================================
Test Summary:
  Total:  1
  Passed: 0
  Failed: 1
  Success: 0.0%
==================================================
/var/home/hh/w/swift/swiftybox/Tests/SwiftyBoxTests/Consolidated/RealpathTests.swift:22: error: RealpathTests.testRealpathOnNonExistentAbsolutePath2_2 : XCTAssertEqual failed: ("1") is not equal to ("0") - 1 tests failed
Test Case 'RealpathTests.testRealpathOnNonExistentAbsolutePath2_2' failed (0.052 seconds)
Test Case 'RealpathTests.testRealpathOnNonExistentAbsolutePath3_3' started at 2025-11-14 20:14:22.973
FAIL: realpath on non-existent absolute path 3
Expected output:
/not_file\n
Actual output:
/not_file

Exit code: 0

==================================================
Test Summary:
  Total:  1
  Passed: 0
  Failed: 1
  Success: 0.0%
==================================================
/var/home/hh/w/swift/swiftybox/Tests/SwiftyBoxTests/Consolidated/RealpathTests.swift:22: error: RealpathTests.testRealpathOnNonExistentAbsolutePath3_3 : XCTAssertEqual failed: ("1") is not equal to ("0") - 1 tests failed
Test Case 'RealpathTests.testRealpathOnNonExistentAbsolutePath3_3' failed (0.051 seconds)
Test Case 'RealpathTests.testRealpathOnNonExistentAbsolutePath4_4' started at 2025-11-14 20:14:23.024
FAIL: realpath on non-existent absolute path 4
Expected output:
realpath: /not_dir/not_file: No such file or directory\n
Actual output:
realpath: /not_dir/not_file: No such file or directory

Exit code: 1

==================================================
Test Summary:
  Total:  1
  Passed: 0
  Failed: 1
  Success: 0.0%
==================================================
/var/home/hh/w/swift/swiftybox/Tests/SwiftyBoxTests/Consolidated/RealpathTests.swift:22: error: RealpathTests.testRealpathOnNonExistentAbsolutePath4_4 : XCTAssertEqual failed: ("1") is not equal to ("0") - 1 tests failed
Test Case 'RealpathTests.testRealpathOnNonExistentAbsolutePath4_4' failed (0.051 seconds)
Test Case 'RealpathTests.testRealpathOnNonExistentLocalFile1_5' started at 2025-11-14 20:14:23.075
FAIL: realpath on non-existent local file 1
Expected output:
$pwd/$TESTDIR/not_file\n
Actual output:
/not_file

Exit code: 0

==================================================
Test Summary:
  Total:  1
  Passed: 0
  Failed: 1
  Success: 0.0%
==================================================
/var/home/hh/w/swift/swiftybox/Tests/SwiftyBoxTests/Consolidated/RealpathTests.swift:22: error: RealpathTests.testRealpathOnNonExistentLocalFile1_5 : XCTAssertEqual failed: ("1") is not equal to ("0") - 1 tests failed
Test Case 'RealpathTests.testRealpathOnNonExistentLocalFile1_5' failed (0.053 seconds)
Test Case 'RealpathTests.testRealpathOnNonExistentLocalFile2_6' started at 2025-11-14 20:14:23.128
FAIL: realpath on non-existent local file 2
Expected output:
realpath: $TESTDIR/not_dir/not_file: No such file or directory\n
Actual output:
realpath: /not_dir/not_file: No such file or directory

Exit code: 1

==================================================
Test Summary:
  Total:  1
  Passed: 0
  Failed: 1
  Success: 0.0%
==================================================
/var/home/hh/w/swift/swiftybox/Tests/SwiftyBoxTests/Consolidated/RealpathTests.swift:22: error: RealpathTests.testRealpathOnNonExistentLocalFile2_6 : XCTAssertEqual failed: ("1") is not equal to ("0") - 1 tests failed
Test Case 'RealpathTests.testRealpathOnNonExistentLocalFile2_6' failed (0.152 seconds)
Test Suite 'RealpathTests' failed at 2025-11-14 20:14:23.280
	 Executed 10 tests, with 10 failures (0 unexpected) in 0.618 (0.618) seconds
Test Suite 'RevTests' started at 2025-11-14 20:14:23.280
Test Case 'RevTests.testRevFileWithLongLine_5' started at 2025-11-14 20:14:23.280
FAIL: rev file with long line
Expected output:
 +--------------+---------------+---------------+---------------+---------------+---------------+---------------+---------------+---------------+---------------+---------------+---------------+---------------+---------------+---------------+---------------
cba

Actual output:
n\cban\+--------------+---------------+---------------+---------------+---------------+---------------+---------------+---------------+---------------+---------------+---------------+---------------+---------------+---------------+---------------+---------------
Exit code: 0

==================================================
Test Summary:
  Total:  1
  Passed: 0
  Failed: 1
  Success: 0.0%
==================================================
/var/home/hh/w/swift/swiftybox/Tests/SwiftyBoxTests/Consolidated/RevTests.swift:22: error: RevTests.testRevFileWithLongLine_5 : XCTAssertEqual failed: ("1") is not equal to ("0") - 1 tests failed
Test Case 'RevTests.testRevFileWithLongLine_5' failed (0.053 seconds)
Test Case 'RevTests.testRevFileWithMissingNewline_3' started at 2025-11-14 20:14:23.333
FAIL: rev file with missing newline
Expected output:
 1 enil

3 enil
Actual output:
3 eniln\n\1 enil
Exit code: 0

==================================================
Test Summary:
  Total:  1
  Passed: 0
  Failed: 1
  Success: 0.0%
==================================================
/var/home/hh/w/swift/swiftybox/Tests/SwiftyBoxTests/Consolidated/RevTests.swift:22: error: RevTests.testRevFileWithMissingNewline_3 : XCTAssertEqual failed: ("1") is not equal to ("0") - 1 tests failed
Test Case 'RevTests.testRevFileWithMissingNewline_3' failed (0.052 seconds)
Test Case 'RevTests.testRevFileWithNulCharacter_4' started at 2025-11-14 20:14:23.384
FAIL: rev file with NUL character
Expected output:
 nil
3 enil

Actual output:
n\3 eniln\n\1 e000\nil
Exit code: 0

==================================================
Test Summary:
  Total:  1
  Passed: 0
  Failed: 1
  Success: 0.0%
==================================================
/var/home/hh/w/swift/swiftybox/Tests/SwiftyBoxTests/Consolidated/RevTests.swift:22: error: RevTests.testRevFileWithNulCharacter_4 : XCTAssertEqual failed: ("1") is not equal to ("0") - 1 tests failed
Test Case 'RevTests.testRevFileWithNulCharacter_4' failed (0.052 seconds)
Test Case 'RevTests.testRevWorks_2' started at 2025-11-14 20:14:23.436
FAIL: rev works
Expected output:
 1 enil

3 enil

Actual output:
n\3 eniln\n\1 enil
Exit code: 0

==================================================
Test Summary:
  Total:  1
  Passed: 0
  Failed: 1
  Success: 0.0%
==================================================
/var/home/hh/w/swift/swiftybox/Tests/SwiftyBoxTests/Consolidated/RevTests.swift:22: error: RevTests.testRevWorks_2 : XCTAssertEqual failed: ("1") is not equal to ("0") - 1 tests failed
Test Case 'RevTests.testRevWorks_2' failed (0.052 seconds)
Test Case 'RevTests.testTestName_1' started at 2025-11-14 20:14:23.488
FAIL: test name
Expected output:
expected result
Actual output:

Exit code: 127

==================================================
Test Summary:
  Total:  1
  Passed: 0
  Failed: 1
  Success: 0.0%
==================================================
/var/home/hh/w/swift/swiftybox/Tests/SwiftyBoxTests/Consolidated/RevTests.swift:22: error: RevTests.testTestName_1 : XCTAssertEqual failed: ("1") is not equal to ("0") - 1 tests failed
Test Case 'RevTests.testTestName_1' failed (0.052 seconds)
Test Suite 'RevTests' failed at 2025-11-14 20:14:23.540
	 Executed 5 tests, with 5 failures (0 unexpected) in 0.26 (0.26) seconds
Test Suite 'RmTests' started at 2025-11-14 20:14:23.540
Test Case 'RmTests.testRm_removesFile' started at 2025-11-14 20:14:23.540
Test Case 'RmTests.testRm_removesFile' passed (0.204 seconds)
Test Suite 'RmTests' passed at 2025-11-14 20:14:23.743
	 Executed 1 test, with 0 failures (0 unexpected) in 0.204 (0.204) seconds
Test Suite 'RmdirTests' started at 2025-11-14 20:14:23.743
Test Case 'RmdirTests.testRmdir_removesParentDirectories' started at 2025-11-14 20:14:23.743
rmdir: invalid option '-p'
/var/home/hh/w/swift/swiftybox/Tests/SwiftyBoxTests/Consolidated/RmdirTests.swift:60: error: RmdirTests.testRmdir_removesParentDirectories : XCTAssertEqual failed: ("1") is not equal to ("0") - rmdir -p should succeed
/var/home/hh/w/swift/swiftybox/Tests/SwiftyBoxTests/Consolidated/RmdirTests.swift:64: error: RmdirTests.testRmdir_removesParentDirectories : XCTAssertFalse failed - Parent directory should be removed
Test Case 'RmdirTests.testRmdir_removesParentDirectories' failed (0.052 seconds)
Test Suite 'RmdirTests' failed at 2025-11-14 20:14:23.796
	 Executed 1 test, with 2 failures (0 unexpected) in 0.052 (0.052) seconds
Test Suite 'SedTests' started at 2025-11-14 20:14:23.796
Test Case 'SedTests.testDescription_1' started at 2025-11-14 20:14:23.796
FAIL: description
Expected output:
result
Actual output:

Exit code: 127

==================================================
Test Summary:
  Total:  1
  Passed: 0
  Failed: 1
  Success: 0.0%
==================================================
/var/home/hh/w/swift/swiftybox/Tests/SwiftyBoxTests/Consolidated/SedTests.swift:22: error: SedTests.testDescription_1 : XCTAssertEqual failed: ("1") is not equal to ("0") - 1 tests failed
Test Case 'SedTests.testDescription_1' failed (0.051 seconds)
Test Case 'SedTests.testDescription_10' started at 2025-11-14 20:14:23.847
FAIL: description
Expected output:
result
Actual output:

Exit code: 127

==================================================
Test Summary:
  Total:  1
  Passed: 0
  Failed: 1
  Success: 0.0%
==================================================
/var/home/hh/w/swift/swiftybox/Tests/SwiftyBoxTests/Consolidated/SedTests.swift:22: error: SedTests.testDescription_10 : XCTAssertEqual failed: ("1") is not equal to ("0") - 1 tests failed
Test Case 'SedTests.testDescription_10' failed (0.152 seconds)
Test Case 'SedTests.testDescription_9' started at 2025-11-14 20:14:24.000
FAIL: description
Expected output:
result
Actual output:

Exit code: 127

==================================================
Test Summary:
  Total:  1
  Passed: 0
  Failed: 1
  Success: 0.0%
==================================================
/var/home/hh/w/swift/swiftybox/Tests/SwiftyBoxTests/Consolidated/SedTests.swift:22: error: SedTests.testDescription_9 : XCTAssertEqual failed: ("1") is not equal to ("0") - 1 tests failed
Test Case 'SedTests.testDescription_9' failed (0.052 seconds)
Test Case 'SedTests.testSedGAppendHoldSpaceToPatternSpace_7' started at 2025-11-14 20:14:24.051
FAIL: sed G (append hold space to pattern space)
Expected output:
a\n\nb\n\nc\n\n
Actual output:

Exit code: 0

==================================================
Test Summary:
  Total:  1
  Passed: 0
  Failed: 1
  Success: 0.0%
==================================================
/var/home/hh/w/swift/swiftybox/Tests/SwiftyBoxTests/Consolidated/SedTests.swift:22: error: SedTests.testSedGAppendHoldSpaceToPatternSpace_7 : XCTAssertEqual failed: ("1") is not equal to ("0") - 1 tests failed
Test Case 'SedTests.testSedGAppendHoldSpaceToPatternSpace_7' failed (0.052 seconds)
Test Case 'SedTests.testSedNSP_4' started at 2025-11-14 20:14:24.103
PASS: sed -n s//p

==================================================
Test Summary:
  Total:  1
  Passed: 1
  Failed: 0
  Success: 100.0%
==================================================
Test Case 'SedTests.testSedNSP_4' passed (0.052 seconds)
Test Case 'SedTests.testSedN_2' started at 2025-11-14 20:14:24.155
PASS: sed -n

==================================================
Test Summary:
  Total:  1
  Passed: 1
  Failed: 0
  Success: 100.0%
==================================================
Test Case 'SedTests.testSedN_2' passed (0.053 seconds)
Test Case 'SedTests.testSedNulInCommand_8' started at 2025-11-14 20:14:24.208
FAIL: sed NUL in command
Expected output:
woo\nhe\0llo\n
Actual output:

Exit code: 4

==================================================
Test Summary:
  Total:  1
  Passed: 0
  Failed: 1
  Success: 0.0%
==================================================
/var/home/hh/w/swift/swiftybox/Tests/SwiftyBoxTests/Consolidated/SedTests.swift:22: error: SedTests.testSedNulInCommand_8 : XCTAssertEqual failed: ("1") is not equal to ("0") - 1 tests failed
Test Case 'SedTests.testSedNulInCommand_8' failed (0.052 seconds)
Test Case 'SedTests.testSedSChains2_6' started at 2025-11-14 20:14:24.259
PASS: sed s chains2

==================================================
Test Summary:
  Total:  1
  Passed: 1
  Failed: 0
  Success: 100.0%
==================================================
Test Case 'SedTests.testSedSChains2_6' passed (0.052 seconds)
Test Case 'SedTests.testSedSChains_5' started at 2025-11-14 20:14:24.311
PASS: sed s chains

==================================================
Test Summary:
  Total:  1
  Passed: 1
  Failed: 0
  Success: 100.0%
==================================================
Test Case 'SedTests.testSedSChains_5' passed (0.052 seconds)
Test Case 'SedTests.testSedSP_3' started at 2025-11-14 20:14:24.364
FAIL: sed s//p
Expected output:
bar\nbaz\nbaz\n
Actual output:

Exit code: 0

==================================================
Test Summary:
  Total:  1
  Passed: 0
  Failed: 1
  Success: 0.0%
==================================================
/var/home/hh/w/swift/swiftybox/Tests/SwiftyBoxTests/Consolidated/SedTests.swift:22: error: SedTests.testSedSP_3 : XCTAssertEqual failed: ("1") is not equal to ("0") - 1 tests failed
Test Case 'SedTests.testSedSP_3' failed (0.051 seconds)
Test Suite 'SedTests' failed at 2025-11-14 20:14:24.415
	 Executed 10 tests, with 6 failures (0 unexpected) in 0.619 (0.619) seconds
Test Suite 'SeqTests' started at 2025-11-14 20:14:24.415
Test Case 'SeqTests.testSeqCountBy30To4000_13' started at 2025-11-14 20:14:24.415
FAIL: seq count by .30 to 4.000
Expected output:
3.00\n3.30\n3.60\n3.90\n
Actual output:
3.00
3.30
3.60
3.90

Exit code: 0

==================================================
Test Summary:
  Total:  1
  Passed: 0
  Failed: 1
  Success: 0.0%
==================================================
/var/home/hh/w/swift/swiftybox/Tests/SwiftyBoxTests/Consolidated/SeqTests.swift:22: error: SeqTests.testSeqCountBy30To4000_13 : XCTAssertEqual failed: ("1") is not equal to ("0") - 1 tests failed
Test Case 'SeqTests.testSeqCountBy30To4000_13' failed (0.053 seconds)
Test Case 'SeqTests.testSeqCountBy30_12' started at 2025-11-14 20:14:24.468
FAIL: seq count by .30
Expected output:
3.00\n3.30\n3.60\n3.90\n
Actual output:
3.00
3.30
3.60
3.90

Exit code: 0

==================================================
Test Summary:
  Total:  1
  Passed: 0
  Failed: 1
  Success: 0.0%
==================================================
/var/home/hh/w/swift/swiftybox/Tests/SwiftyBoxTests/Consolidated/SeqTests.swift:22: error: SeqTests.testSeqCountBy30_12 : XCTAssertEqual failed: ("1") is not equal to ("0") - 1 tests failed
Test Case 'SeqTests.testSeqCountBy30_12' failed (0.052 seconds)
Test Case 'SeqTests.testSeqCountBy3WithPadding1_19' started at 2025-11-14 20:14:24.520
FAIL: seq count by .3 with padding 1
Expected output:
09.0\n09.3\n09.6\n09.9\n10.2\n10.5\n10.8\n
Actual output:
09.0
09.3
09.6
09.9
10.2
10.5
10.8

Exit code: 0

==================================================
Test Summary:
  Total:  1
  Passed: 0
  Failed: 1
  Success: 0.0%
==================================================
/var/home/hh/w/swift/swiftybox/Tests/SwiftyBoxTests/Consolidated/SeqTests.swift:22: error: SeqTests.testSeqCountBy3WithPadding1_19 : XCTAssertEqual failed: ("1") is not equal to ("0") - 1 tests failed
Test Case 'SeqTests.testSeqCountBy3WithPadding1_19' failed (0.052 seconds)
Test Case 'SeqTests.testSeqCountBy3WithPadding2_20' started at 2025-11-14 20:14:24.571
FAIL: seq count by .3 with padding 2
Expected output:
0003.0\n0003.3\n0003.6\n0003.9\n
Actual output:
0003.0
0003.3
0003.6
0003.9

Exit code: 0

==================================================
Test Summary:
  Total:  1
  Passed: 0
  Failed: 1
  Success: 0.0%
==================================================
/var/home/hh/w/swift/swiftybox/Tests/SwiftyBoxTests/Consolidated/SeqTests.swift:22: error: SeqTests.testSeqCountBy3WithPadding2_20 : XCTAssertEqual failed: ("1") is not equal to ("0") - 1 tests failed
Test Case 'SeqTests.testSeqCountBy3WithPadding2_20' failed (0.052 seconds)
Test Case 'SeqTests.testSeqCountBy3_11' started at 2025-11-14 20:14:24.624
FAIL: seq count by .3
Expected output:
3.0\n3.3\n3.6\n3.9\n
Actual output:
3.0
3.3
3.6
3.9

Exit code: 0

==================================================
Test Summary:
  Total:  1
  Passed: 0
  Failed: 1
  Success: 0.0%
==================================================
/var/home/hh/w/swift/swiftybox/Tests/SwiftyBoxTests/Consolidated/SeqTests.swift:22: error: SeqTests.testSeqCountBy3_11 : XCTAssertEqual failed: ("1") is not equal to ("0") - 1 tests failed
Test Case 'SeqTests.testSeqCountBy3_11' failed (0.051 seconds)
Test Case 'SeqTests.testSeqCountBy9_14' started at 2025-11-14 20:14:24.675
FAIL: seq count by -.9
Expected output:
0.7\n-0.2\n-1.1\n-2.0\n
Actual output:
0.7
-0.2
-1.1
-2.0

Exit code: 0

==================================================
Test Summary:
  Total:  1
  Passed: 0
  Failed: 1
  Success: 0.0%
==================================================
/var/home/hh/w/swift/swiftybox/Tests/SwiftyBoxTests/Consolidated/SeqTests.swift:22: error: SeqTests.testSeqCountBy9_14 : XCTAssertEqual failed: ("1") is not equal to ("0") - 1 tests failed
Test Case 'SeqTests.testSeqCountBy9_14' failed (0.052 seconds)
Test Case 'SeqTests.testSeqCountByZero_15' started at 2025-11-14 20:14:24.727
FAIL: seq count by zero
Expected output:
4\n4\n4\n4\n4\n4\n4\n4\n4\n4\n
Actual output:

Exit code: 0

==================================================
Test Summary:
  Total:  1
  Passed: 0
  Failed: 1
  Success: 0.0%
==================================================
/var/home/hh/w/swift/swiftybox/Tests/SwiftyBoxTests/Consolidated/SeqTests.swift:22: error: SeqTests.testSeqCountByZero_15 : XCTAssertEqual failed: ("1") is not equal to ("0") - 1 tests failed
Test Case 'SeqTests.testSeqCountByZero_15' failed (0.051 seconds)
Test Case 'SeqTests.testSeqCountDownBy2_8' started at 2025-11-14 20:14:24.778
FAIL: seq count down by 2
Expected output:
8\n6\n4\n
Actual output:
8
6
4

Exit code: 0

==================================================
Test Summary:
  Total:  1
  Passed: 0
  Failed: 1
  Success: 0.0%
==================================================
/var/home/hh/w/swift/swiftybox/Tests/SwiftyBoxTests/Consolidated/SeqTests.swift:22: error: SeqTests.testSeqCountDownBy2_8 : XCTAssertEqual failed: ("1") is not equal to ("0") - 1 tests failed
Test Case 'SeqTests.testSeqCountDownBy2_8' failed (0.052 seconds)
Test Case 'SeqTests.testSeqCountDownBy3WithPadding_18' started at 2025-11-14 20:14:24.830
FAIL: seq count down by 3 with padding
Expected output:
08\n05\n
Actual output:
08
05

Exit code: 0

==================================================
Test Summary:
  Total:  1
  Passed: 0
  Failed: 1
  Success: 0.0%
==================================================
/var/home/hh/w/swift/swiftybox/Tests/SwiftyBoxTests/Consolidated/SeqTests.swift:22: error: SeqTests.testSeqCountDownBy3WithPadding_18 : XCTAssertEqual failed: ("1") is not equal to ("0") - 1 tests failed
Test Case 'SeqTests.testSeqCountDownBy3WithPadding_18' failed (0.051 seconds)
Test Case 'SeqTests.testSeqCountUpBy2_7' started at 2025-11-14 20:14:24.882
FAIL: seq count up by 2
Expected output:
4\n6\n8\n
Actual output:
4
6
8

Exit code: 0

==================================================
Test Summary:
  Total:  1
  Passed: 0
  Failed: 1
  Success: 0.0%
==================================================
/var/home/hh/w/swift/swiftybox/Tests/SwiftyBoxTests/Consolidated/SeqTests.swift:22: error: SeqTests.testSeqCountUpBy2_7 : XCTAssertEqual failed: ("1") is not equal to ("0") - 1 tests failed
Test Case 'SeqTests.testSeqCountUpBy2_7' failed (0.052 seconds)
Test Case 'SeqTests.testSeqCountWrongWay1_9' started at 2025-11-14 20:14:24.934
PASS: seq count wrong way #1

==================================================
Test Summary:
  Total:  1
  Passed: 1
  Failed: 0
  Success: 100.0%
==================================================
Test Case 'SeqTests.testSeqCountWrongWay1_9' passed (0.052 seconds)
Test Case 'SeqTests.testSeqCountWrongWay2_10' started at 2025-11-14 20:14:24.986
PASS: seq count wrong way #2

==================================================
Test Summary:
  Total:  1
  Passed: 1
  Failed: 0
  Success: 100.0%
==================================================
Test Case 'SeqTests.testSeqCountWrongWay2_10' passed (0.052 seconds)
Test Case 'SeqTests.testSeqExitWithError_2' started at 2025-11-14 20:14:25.038
FAIL: seq (exit with error)
Expected output:
yes\n
Actual output:
yes

Exit code: 0

==================================================
Test Summary:
  Total:  1
  Passed: 0
  Failed: 1
  Success: 0.0%
==================================================
/var/home/hh/w/swift/swiftybox/Tests/SwiftyBoxTests/Consolidated/SeqTests.swift:22: error: SeqTests.testSeqExitWithError_2 : XCTAssertEqual failed: ("1") is not equal to ("0") - 1 tests failed
Test Case 'SeqTests.testSeqExitWithError_2' failed (0.052 seconds)
Test Case 'SeqTests.testSeqFrom0CountDownBy25_22' started at 2025-11-14 20:14:25.090
FAIL: seq from -.0 count down by .25
Expected output:
-0.00\n-0.25\n-0.50\n-0.75\n
Actual output:
-0.00
-0.25
-0.50
-0.75

Exit code: 0

==================================================
Test Summary:
  Total:  1
  Passed: 0
  Failed: 1
  Success: 0.0%
==================================================
/var/home/hh/w/swift/swiftybox/Tests/SwiftyBoxTests/Consolidated/SeqTests.swift:22: error: SeqTests.testSeqFrom0CountDownBy25_22 : XCTAssertEqual failed: ("1") is not equal to ("0") - 1 tests failed
Test Case 'SeqTests.testSeqFrom0CountDownBy25_22' failed (0.052 seconds)
Test Case 'SeqTests.testSeqFrom4CountDownBy2_21' started at 2025-11-14 20:14:25.141
FAIL: seq from -4 count down by 2
Expected output:
-4\n-6\n-8\n
Actual output:
-4
-6
-8

Exit code: 0

==================================================
Test Summary:
  Total:  1
  Passed: 0
  Failed: 1
  Success: 0.0%
==================================================
/var/home/hh/w/swift/swiftybox/Tests/SwiftyBoxTests/Consolidated/SeqTests.swift:22: error: SeqTests.testSeqFrom4CountDownBy2_21 : XCTAssertEqual failed: ("1") is not equal to ("0") - 1 tests failed
Test Case 'SeqTests.testSeqFrom4CountDownBy2_21' failed (0.052 seconds)
Test Case 'SeqTests.testSeqOneArgumentWithPadding_16' started at 2025-11-14 20:14:25.193
FAIL: seq one argument with padding
Expected output:
001\n002\n003\n
Actual output:
001
002
003

Exit code: 0

==================================================
Test Summary:
  Total:  1
  Passed: 0
  Failed: 1
  Success: 0.0%
==================================================
/var/home/hh/w/swift/swiftybox/Tests/SwiftyBoxTests/Consolidated/SeqTests.swift:22: error: SeqTests.testSeqOneArgumentWithPadding_16 : XCTAssertEqual failed: ("1") is not equal to ("0") - 1 tests failed
Test Case 'SeqTests.testSeqOneArgumentWithPadding_16' failed (0.052 seconds)
Test Case 'SeqTests.testSeqOneArgument_3' started at 2025-11-14 20:14:25.245
FAIL: seq one argument
Expected output:
1\n2\n3\n
Actual output:
1
2
3

Exit code: 0

==================================================
Test Summary:
  Total:  1
  Passed: 0
  Failed: 1
  Success: 0.0%
==================================================
/var/home/hh/w/swift/swiftybox/Tests/SwiftyBoxTests/Consolidated/SeqTests.swift:22: error: SeqTests.testSeqOneArgument_3 : XCTAssertEqual failed: ("1") is not equal to ("0") - 1 tests failed
Test Case 'SeqTests.testSeqOneArgument_3' failed (0.052 seconds)
Test Case 'SeqTests.testSeqSWithNegativeStart_23' started at 2025-11-14 20:14:25.297
FAIL: seq -s : with negative start
Expected output:
-1:0:1\n
Actual output:
-1:0:1

Exit code: 0

==================================================
Test Summary:
  Total:  1
  Passed: 0
  Failed: 1
  Success: 0.0%
==================================================
/var/home/hh/w/swift/swiftybox/Tests/SwiftyBoxTests/Consolidated/SeqTests.swift:22: error: SeqTests.testSeqSWithNegativeStart_23 : XCTAssertEqual failed: ("1") is not equal to ("0") - 1 tests failed
Test Case 'SeqTests.testSeqSWithNegativeStart_23' failed (0.052 seconds)
Test Case 'SeqTests.testSeqTwoArgumentsEqual_6' started at 2025-11-14 20:14:25.349
FAIL: seq two arguments equal
Expected output:
3\n
Actual output:
3

Exit code: 0

==================================================
Test Summary:
  Total:  1
  Passed: 0
  Failed: 1
  Success: 0.0%
==================================================
/var/home/hh/w/swift/swiftybox/Tests/SwiftyBoxTests/Consolidated/SeqTests.swift:22: error: SeqTests.testSeqTwoArgumentsEqual_6 : XCTAssertEqual failed: ("1") is not equal to ("0") - 1 tests failed
Test Case 'SeqTests.testSeqTwoArgumentsEqual_6' failed (0.052 seconds)
Test Case 'SeqTests.testSeqTwoArgumentsReversed_5' started at 2025-11-14 20:14:25.401
PASS: seq two arguments reversed

==================================================
Test Summary:
  Total:  1
  Passed: 1
  Failed: 0
  Success: 100.0%
==================================================
Test Case 'SeqTests.testSeqTwoArgumentsReversed_5' passed (0.052 seconds)
Test Case 'SeqTests.testSeqTwoArgumentsWithPadding_17' started at 2025-11-14 20:14:25.452
FAIL: seq two arguments with padding
Expected output:
005\n006\n007\n
Actual output:
005
006
007

Exit code: 0

==================================================
Test Summary:
  Total:  1
  Passed: 0
  Failed: 1
  Success: 0.0%
==================================================
/var/home/hh/w/swift/swiftybox/Tests/SwiftyBoxTests/Consolidated/SeqTests.swift:22: error: SeqTests.testSeqTwoArgumentsWithPadding_17 : XCTAssertEqual failed: ("1") is not equal to ("0") - 1 tests failed
Test Case 'SeqTests.testSeqTwoArgumentsWithPadding_17' failed (0.052 seconds)
Test Case 'SeqTests.testSeqTwoArguments_4' started at 2025-11-14 20:14:25.504
FAIL: seq two arguments
Expected output:
5\n6\n7\n
Actual output:
5
6
7

Exit code: 0

==================================================
Test Summary:
  Total:  1
  Passed: 0
  Failed: 1
  Success: 0.0%
==================================================
/var/home/hh/w/swift/swiftybox/Tests/SwiftyBoxTests/Consolidated/SeqTests.swift:22: error: SeqTests.testSeqTwoArguments_4 : XCTAssertEqual failed: ("1") is not equal to ("0") - 1 tests failed
Test Case 'SeqTests.testSeqTwoArguments_4' failed (0.052 seconds)
Test Case 'SeqTests.testTestName_1' started at 2025-11-14 20:14:25.556
FAIL: test name
Expected output:
expected result
Actual output:

Exit code: 127

==================================================
Test Summary:
  Total:  1
  Passed: 0
  Failed: 1
  Success: 0.0%
==================================================
/var/home/hh/w/swift/swiftybox/Tests/SwiftyBoxTests/Consolidated/SeqTests.swift:22: error: SeqTests.testTestName_1 : XCTAssertEqual failed: ("1") is not equal to ("0") - 1 tests failed
Test Case 'SeqTests.testTestName_1' failed (0.052 seconds)
Test Suite 'SeqTests' failed at 2025-11-14 20:14:25.608
	 Executed 23 tests, with 20 failures (0 unexpected) in 1.193 (1.193) seconds
Test Suite 'Sha1sumTests' started at 2025-11-14 20:14:25.608
Test Case 'Sha1sumTests.testTestName_1' started at 2025-11-14 20:14:25.608
FAIL: test name
Expected output:
expected result
Actual output:

Exit code: 127

==================================================
Test Summary:
  Total:  1
  Passed: 0
  Failed: 1
  Success: 0.0%
==================================================
/var/home/hh/w/swift/swiftybox/Tests/SwiftyBoxTests/Consolidated/Sha1sumTests.swift:22: error: Sha1sumTests.testTestName_1 : XCTAssertEqual failed: ("1") is not equal to ("0") - 1 tests failed
Test Case 'Sha1sumTests.testTestName_1' failed (0.052 seconds)
Test Suite 'Sha1sumTests' failed at 2025-11-14 20:14:25.660
	 Executed 1 test, with 1 failure (0 unexpected) in 0.052 (0.052) seconds
Test Suite 'SortTests' started at 2025-11-14 20:14:25.660
Test Case 'SortTests.testDescription_17' started at 2025-11-14 20:14:25.660
FAIL: description
Expected output:
result
Actual output:

Exit code: 2

==================================================
Test Summary:
  Total:  1
  Passed: 0
  Failed: 1
  Success: 0.0%
==================================================
/var/home/hh/w/swift/swiftybox/Tests/SwiftyBoxTests/Consolidated/SortTests.swift:22: error: SortTests.testDescription_17 : XCTAssertEqual failed: ("1") is not equal to ("0") - 1 tests failed
Test Case 'SortTests.testDescription_17' failed (0.052 seconds)
Test Case 'SortTests.testDescription_6' started at 2025-11-14 20:14:25.712
FAIL: description
Expected output:
result
Actual output:

Exit code: 2

==================================================
Test Summary:
  Total:  1
  Passed: 0
  Failed: 1
  Success: 0.0%
==================================================
/var/home/hh/w/swift/swiftybox/Tests/SwiftyBoxTests/Consolidated/SortTests.swift:22: error: SortTests.testDescription_6 : XCTAssertEqual failed: ("1") is not equal to ("0") - 1 tests failed
Test Case 'SortTests.testDescription_6' failed (0.052 seconds)
Test Case 'SortTests.testGlibcBuildSortUnique_14' started at 2025-11-14 20:14:25.764
PASS: glibc build sort unique

==================================================
Test Summary:
  Total:  1
  Passed: 1
  Failed: 0
  Success: 100.0%
==================================================
Test Case 'SortTests.testGlibcBuildSortUnique_14' passed (0.052 seconds)
Test Case 'SortTests.testGlibcBuildSort_13' started at 2025-11-14 20:14:25.816
PASS: glibc build sort

==================================================
Test Summary:
  Total:  1
  Passed: 1
  Failed: 0
  Success: 100.0%
==================================================
Test Case 'SortTests.testGlibcBuildSort_13' passed (0.051 seconds)
Test Case 'SortTests.testSort2_2' started at 2025-11-14 20:14:25.868
FAIL: sort #2
Expected output:
010\n1\n3\n
Actual output:
3\n1\n010\n

Exit code: 0

==================================================
Test Summary:
  Total:  1
  Passed: 0
  Failed: 1
  Success: 0.0%
==================================================
/var/home/hh/w/swift/swiftybox/Tests/SwiftyBoxTests/Consolidated/SortTests.swift:22: error: SortTests.testSort2_2 : XCTAssertEqual failed: ("1") is not equal to ("0") - 1 tests failed
Test Case 'SortTests.testSort2_2' failed (0.053 seconds)
Test Case 'SortTests.testSortKeyRangeWithTwoKOptions_7' started at 2025-11-14 20:14:25.920
PASS: sort key range with two -k options

==================================================
Test Summary:
  Total:  1
  Passed: 1
  Failed: 0
  Success: 100.0%
==================================================
Test Case 'SortTests.testSortKeyRangeWithTwoKOptions_7' passed (0.051 seconds)
Test Case 'SortTests.testSortNumeric_4' started at 2025-11-14 20:14:25.972
FAIL: sort numeric
Expected output:
1\n3\n010\n
Actual output:
3\n1\n010\n

Exit code: 0

==================================================
Test Summary:
  Total:  1
  Passed: 0
  Failed: 1
  Success: 0.0%
==================================================
/var/home/hh/w/swift/swiftybox/Tests/SwiftyBoxTests/Consolidated/SortTests.swift:22: error: SortTests.testSortNumeric_4 : XCTAssertEqual failed: ("1") is not equal to ("0") - 1 tests failed
Test Case 'SortTests.testSortNumeric_4' failed (0.052 seconds)
Test Case 'SortTests.testSortReverse_5' started at 2025-11-14 20:14:26.024
FAIL: sort reverse
Expected output:
wook\nwalrus\npoint\npabst\naargh\n
Actual output:

Exit code: 2

==================================================
Test Summary:
  Total:  1
  Passed: 0
  Failed: 1
  Success: 0.0%
==================================================
/var/home/hh/w/swift/swiftybox/Tests/SwiftyBoxTests/Consolidated/SortTests.swift:22: error: SortTests.testSortReverse_5 : XCTAssertEqual failed: ("1") is not equal to ("0") - 1 tests failed
Test Case 'SortTests.testSortReverse_5' failed (0.052 seconds)
Test Case 'SortTests.testSortStdin_3' started at 2025-11-14 20:14:26.076
FAIL: sort stdin
Expected output:
a\nb\nc\n
Actual output:
b\na\nc\n

Exit code: 0

==================================================
Test Summary:
  Total:  1
  Passed: 0
  Failed: 1
  Success: 0.0%
==================================================
/var/home/hh/w/swift/swiftybox/Tests/SwiftyBoxTests/Consolidated/SortTests.swift:22: error: SortTests.testSortStdin_3 : XCTAssertEqual failed: ("1") is not equal to ("0") - 1 tests failed
Test Case 'SortTests.testSortStdin_3' failed (0.051 seconds)
Test Case 'SortTests.testSortUShouldConsiderFieldOnlyWhenDiscarding_15' started at 2025-11-14 20:14:26.127
PASS: sort -u should consider field only when discarding

==================================================
Test Summary:
  Total:  1
  Passed: 1
  Failed: 0
  Success: 100.0%
==================================================
Test Case 'SortTests.testSortUShouldConsiderFieldOnlyWhenDiscarding_15' passed (0.052 seconds)
Test Case 'SortTests.testSortWithEndchar_12' started at 2025-11-14 20:14:26.179
PASS: sort with ENDCHAR

==================================================
Test Summary:
  Total:  1
  Passed: 1
  Failed: 0
  Success: 100.0%
==================================================
Test Case 'SortTests.testSortWithEndchar_12' passed (0.052 seconds)
Test Case 'SortTests.testSortWithNonDefaultLeadingDelim1_8' started at 2025-11-14 20:14:26.231
PASS: sort with non-default leading delim 1

==================================================
Test Summary:
  Total:  1
  Passed: 1
  Failed: 0
  Success: 100.0%
==================================================
Test Case 'SortTests.testSortWithNonDefaultLeadingDelim1_8' passed (0.052 seconds)
Test Case 'SortTests.testSortWithNonDefaultLeadingDelim2_9' started at 2025-11-14 20:14:26.283
PASS: sort with non-default leading delim 2

==================================================
Test Summary:
  Total:  1
  Passed: 1
  Failed: 0
  Success: 100.0%
==================================================
Test Case 'SortTests.testSortWithNonDefaultLeadingDelim2_9' passed (0.052 seconds)
Test Case 'SortTests.testSortWithNonDefaultLeadingDelim3_10' started at 2025-11-14 20:14:26.335
PASS: sort with non-default leading delim 3

==================================================
Test Summary:
  Total:  1
  Passed: 1
  Failed: 0
  Success: 100.0%
==================================================
Test Case 'SortTests.testSortWithNonDefaultLeadingDelim3_10' passed (0.052 seconds)
Test Case 'SortTests.testSortWithNonDefaultLeadingDelim4_11' started at 2025-11-14 20:14:26.387
PASS: sort with non-default leading delim 4

==================================================
Test Summary:
  Total:  1
  Passed: 1
  Failed: 0
  Success: 100.0%
==================================================
Test Case 'SortTests.testSortWithNonDefaultLeadingDelim4_11' passed (0.053 seconds)
Test Case 'SortTests.testSortZOutputsNulTerminatedLines_16' started at 2025-11-14 20:14:26.440
FAIL: sort -z outputs NUL terminated lines
Expected output:
\
one\0three\0two\0\

Actual output:
\
one\0two\0three\0\
 
Exit code: 0

==================================================
Test Summary:
  Total:  1
  Passed: 0
  Failed: 1
  Success: 0.0%
==================================================
/var/home/hh/w/swift/swiftybox/Tests/SwiftyBoxTests/Consolidated/SortTests.swift:22: error: SortTests.testSortZOutputsNulTerminatedLines_16 : XCTAssertEqual failed: ("1") is not equal to ("0") - 1 tests failed
Test Case 'SortTests.testSortZOutputsNulTerminatedLines_16' failed (0.052 seconds)
Test Case 'SortTests.testSort_1' started at 2025-11-14 20:14:26.492
FAIL: sort
Expected output:
a\nb\nc\n
Actual output:
c\na\nb\n

Exit code: 0

==================================================
Test Summary:
  Total:  1
  Passed: 0
  Failed: 1
  Success: 0.0%
==================================================
/var/home/hh/w/swift/swiftybox/Tests/SwiftyBoxTests/Consolidated/SortTests.swift:22: error: SortTests.testSort_1 : XCTAssertEqual failed: ("1") is not equal to ("0") - 1 tests failed
Test Case 'SortTests.testSort_1' failed (0.053 seconds)
Test Suite 'SortTests' failed at 2025-11-14 20:14:26.545
	 Executed 17 tests, with 8 failures (0 unexpected) in 0.884 (0.884) seconds
Test Suite 'StringsTests' started at 2025-11-14 20:14:26.545
Test Case 'StringsTests.testStringsBasic' started at 2025-11-14 20:14:26.545
/var/home/hh/w/swift/swiftybox/Tests/SwiftyBoxTests/Consolidated/StringsTests.swift:32: error: StringsTests.testStringsBasic : XCTAssertEqual failed: ("127") is not equal to ("0") - strings should succeed
/var/home/hh/w/swift/swiftybox/Tests/SwiftyBoxTests/Consolidated/StringsTests.swift:33: error: StringsTests.testStringsBasic : XCTAssertTrue failed - strings should extract printable strings
Test Case 'StringsTests.testStringsBasic' failed (0.052 seconds)
Test Case 'StringsTests.testStringsBinaryFile' started at 2025-11-14 20:14:26.597
/var/home/hh/w/swift/swiftybox/Tests/SwiftyBoxTests/Consolidated/StringsTests.swift:77: error: StringsTests.testStringsBinaryFile : XCTAssertEqual failed: ("127") is not equal to ("0") - strings should succeed even with no strings found
Test Case 'StringsTests.testStringsBinaryFile' failed (0.153 seconds)
Test Case 'StringsTests.testStringsEmptyFile' started at 2025-11-14 20:14:26.751
/var/home/hh/w/swift/swiftybox/Tests/SwiftyBoxTests/Consolidated/StringsTests.swift:66: error: StringsTests.testStringsEmptyFile : XCTAssertEqual failed: ("127") is not equal to ("0") - strings on empty file should succeed
Test Case 'StringsTests.testStringsEmptyFile' failed (0.052 seconds)
Test Case 'StringsTests.testStringsTextFile' started at 2025-11-14 20:14:26.802
/var/home/hh/w/swift/swiftybox/Tests/SwiftyBoxTests/Consolidated/StringsTests.swift:88: error: StringsTests.testStringsTextFile : XCTAssertEqual failed: ("127") is not equal to ("0") - strings on text file should succeed
/var/home/hh/w/swift/swiftybox/Tests/SwiftyBoxTests/Consolidated/StringsTests.swift:90: error: StringsTests.testStringsTextFile : XCTAssertFalse failed - strings should extract text from plain text file
Test Case 'StringsTests.testStringsTextFile' failed (0.052 seconds)
Test Case 'StringsTests.testStringsWithAllOption' started at 2025-11-14 20:14:26.855
/var/home/hh/w/swift/swiftybox/Tests/SwiftyBoxTests/Consolidated/StringsTests.swift:44: error: StringsTests.testStringsWithAllOption : XCTAssertEqual failed: ("127") is not equal to ("0") - strings -a should succeed
/var/home/hh/w/swift/swiftybox/Tests/SwiftyBoxTests/Consolidated/StringsTests.swift:45: error: StringsTests.testStringsWithAllOption : XCTAssertTrue failed - strings should find embedded strings
Test Case 'StringsTests.testStringsWithAllOption' failed (0.052 seconds)
Test Case 'StringsTests.testStringsWithFilenameOption' started at 2025-11-14 20:14:26.907
/var/home/hh/w/swift/swiftybox/Tests/SwiftyBoxTests/Consolidated/StringsTests.swift:55: error: StringsTests.testStringsWithFilenameOption : XCTAssertEqual failed: ("127") is not equal to ("0") - strings -f should succeed
/var/home/hh/w/swift/swiftybox/Tests/SwiftyBoxTests/Consolidated/StringsTests.swift:57: error: StringsTests.testStringsWithFilenameOption : XCTAssertTrue failed - strings -f should include filename in output
Test Case 'StringsTests.testStringsWithFilenameOption' failed (0.052 seconds)
Test Suite 'StringsTests' failed at 2025-11-14 20:14:26.958
	 Executed 6 tests, with 10 failures (0 unexpected) in 0.413 (0.413) seconds
Test Suite 'SumTests' started at 2025-11-14 20:14:26.959
Test Case 'SumTests.testTestName_1' started at 2025-11-14 20:14:26.959
FAIL: test name
Expected output:
expected result
Actual output:

Exit code: 127

==================================================
Test Summary:
  Total:  1
  Passed: 0
  Failed: 1
  Success: 0.0%
==================================================
/var/home/hh/w/swift/swiftybox/Tests/SwiftyBoxTests/Consolidated/SumTests.swift:22: error: SumTests.testTestName_1 : XCTAssertEqual failed: ("1") is not equal to ("0") - 1 tests failed
Test Case 'SumTests.testTestName_1' failed (0.053 seconds)
Test Suite 'SumTests' failed at 2025-11-14 20:14:27.012
	 Executed 1 test, with 1 failure (0 unexpected) in 0.053 (0.053) seconds
Test Suite 'TailTests' started at 2025-11-14 20:14:27.012
Test Case 'TailTests.testTail_nFlagWorks' started at 2025-11-14 20:14:27.012
Test Case 'TailTests.testTail_nFlagWorks' passed (0.053 seconds)
Test Case 'TailTests.testTail_susv2Format' started at 2025-11-14 20:14:27.065
Test Case 'TailTests.testTail_susv2Format' passed (0.053 seconds)
Test Suite 'TailTests' passed at 2025-11-14 20:14:27.117
	 Executed 2 tests, with 0 failures (0 unexpected) in 0.106 (0.106) seconds
Test Suite 'TarTests' started at 2025-11-14 20:14:27.117
Test Case 'TarTests.testTarCreate' started at 2025-11-14 20:14:27.117
/var/home/hh/w/swift/swiftybox/Tests/SwiftyBoxTests/Consolidated/TarTests.swift:26: error: TarTests.testTarCreate : XCTAssertEqual failed: ("127") is not equal to ("0") - tar -cf should succeed
/var/home/hh/w/swift/swiftybox/Tests/SwiftyBoxTests/Consolidated/TarTests.swift:27: error: TarTests.testTarCreate : XCTAssertTrue failed - tar should create archive file
Test Case 'TarTests.testTarCreate' failed (0.051 seconds)
Test Case 'TarTests.testTarExtract' started at 2025-11-14 20:14:27.168
Test Case 'TarTests.testTarExtract' passed (0.0 seconds)
Test Case 'TarTests.testTarList' started at 2025-11-14 20:14:27.169
Test Case 'TarTests.testTarList' passed (0.0 seconds)
Test Suite 'TarTests' failed at 2025-11-14 20:14:27.169
	 Executed 3 tests, with 2 failures (0 unexpected) in 0.052 (0.052) seconds
Test Suite 'TeeTests' started at 2025-11-14 20:14:27.169
Test Case 'TeeTests.testTee_appendsInput' started at 2025-11-14 20:14:27.169
Test Case 'TeeTests.testTee_appendsInput' passed (0.052 seconds)
Test Case 'TeeTests.testTee_teesInput' started at 2025-11-14 20:14:27.221
Test Case 'TeeTests.testTee_teesInput' passed (0.052 seconds)
Test Suite 'TeeTests' passed at 2025-11-14 20:14:27.273
	 Executed 2 tests, with 0 failures (0 unexpected) in 0.104 (0.104) seconds
Test Suite 'TestTests' started at 2025-11-14 20:14:27.273
Test Case 'TestTests.testTestAAShouldBeTrue0_10' started at 2025-11-14 20:14:27.273
FAIL: test a -a !: should be true (0)
Expected output:
0\n
Actual output:
$?

Exit code: 0

==================================================
Test Summary:
  Total:  1
  Passed: 0
  Failed: 1
  Success: 0.0%
==================================================
/var/home/hh/w/swift/swiftybox/Tests/SwiftyBoxTests/Consolidated/TestTests.swift:22: error: TestTests.testTestAAShouldBeTrue0_10 : XCTAssertEqual failed: ("1") is not equal to ("0") - 1 tests failed
Test Case 'TestTests.testTestAAShouldBeTrue0_10' failed (0.051 seconds)
Test Case 'TestTests.testTestAAShouldBeTrue0_8' started at 2025-11-14 20:14:27.325
FAIL: test a = a: should be true (0)
Expected output:
0\n
Actual output:
$?

Exit code: 0

==================================================
Test Summary:
  Total:  1
  Passed: 0
  Failed: 1
  Success: 0.0%
==================================================
/var/home/hh/w/swift/swiftybox/Tests/SwiftyBoxTests/Consolidated/TestTests.swift:22: error: TestTests.testTestAAShouldBeTrue0_8 : XCTAssertEqual failed: ("1") is not equal to ("0") - 1 tests failed
Test Case 'TestTests.testTestAAShouldBeTrue0_8' failed (0.052 seconds)
Test Case 'TestTests.testTestABACCShouldBeFalse1_12' started at 2025-11-14 20:14:27.377
FAIL: test ! a = b -a ! c = c: should be false (1)
Expected output:
1\n
Actual output:
$?

Exit code: 0

==================================================
Test Summary:
  Total:  1
  Passed: 0
  Failed: 1
  Success: 0.0%
==================================================
/var/home/hh/w/swift/swiftybox/Tests/SwiftyBoxTests/Consolidated/TestTests.swift:22: error: TestTests.testTestABACCShouldBeFalse1_12 : XCTAssertEqual failed: ("1") is not equal to ("0") - 1 tests failed
Test Case 'TestTests.testTestABACCShouldBeFalse1_12' failed (0.052 seconds)
Test Case 'TestTests.testTestABACDShouldBeTrue0_13' started at 2025-11-14 20:14:27.429
FAIL: test ! a = b -a ! c = d: should be true (0)
Expected output:
0\n
Actual output:
$?

Exit code: 0

==================================================
Test Summary:
  Total:  1
  Passed: 0
  Failed: 1
  Success: 0.0%
==================================================
/var/home/hh/w/swift/swiftybox/Tests/SwiftyBoxTests/Consolidated/TestTests.swift:22: error: TestTests.testTestABACDShouldBeTrue0_13 : XCTAssertEqual failed: ("1") is not equal to ("0") - 1 tests failed
Test Case 'TestTests.testTestABACDShouldBeTrue0_13' failed (0.052 seconds)
Test Case 'TestTests.testTestAShouldBeTrue0_4' started at 2025-11-14 20:14:27.481
FAIL: test a: should be true (0)
Expected output:
0\n
Actual output:
$?

Exit code: 0

==================================================
Test Summary:
  Total:  1
  Passed: 0
  Failed: 1
  Success: 0.0%
==================================================
/var/home/hh/w/swift/swiftybox/Tests/SwiftyBoxTests/Consolidated/TestTests.swift:22: error: TestTests.testTestAShouldBeTrue0_4 : XCTAssertEqual failed: ("1") is not equal to ("0") - 1 tests failed
Test Case 'TestTests.testTestAShouldBeTrue0_4' failed (0.052 seconds)
Test Case 'TestTests.testTestFAOBShouldBeTrue0_11' started at 2025-11-14 20:14:27.533
FAIL: test -f = a -o b: should be true (0)
Expected output:
0\n
Actual output:
$?

Exit code: 0

==================================================
Test Summary:
  Total:  1
  Passed: 0
  Failed: 1
  Success: 0.0%
==================================================
/var/home/hh/w/swift/swiftybox/Tests/SwiftyBoxTests/Consolidated/TestTests.swift:22: error: TestTests.testTestFAOBShouldBeTrue0_11 : XCTAssertEqual failed: ("1") is not equal to ("0") - 1 tests failed
Test Case 'TestTests.testTestFAOBShouldBeTrue0_11' failed (0.052 seconds)
Test Case 'TestTests.testTestFShouldBeFalse1_7' started at 2025-11-14 20:14:27.585
FAIL: test ! -f: should be false (1)
Expected output:
1\n
Actual output:
$?

Exit code: 0

==================================================
Test Summary:
  Total:  1
  Passed: 0
  Failed: 1
  Success: 0.0%
==================================================
/var/home/hh/w/swift/swiftybox/Tests/SwiftyBoxTests/Consolidated/TestTests.swift:22: error: TestTests.testTestFShouldBeFalse1_7 : XCTAssertEqual failed: ("1") is not equal to ("0") - 1 tests failed
Test Case 'TestTests.testTestFShouldBeFalse1_7' failed (0.052 seconds)
Test Case 'TestTests.testTestFShouldBeTrue0_6' started at 2025-11-14 20:14:27.636
FAIL: test -f: should be true (0)
Expected output:
0\n
Actual output:
$?

Exit code: 0

==================================================
Test Summary:
  Total:  1
  Passed: 0
  Failed: 1
  Success: 0.0%
==================================================
/var/home/hh/w/swift/swiftybox/Tests/SwiftyBoxTests/Consolidated/TestTests.swift:22: error: TestTests.testTestFShouldBeTrue0_6 : XCTAssertEqual failed: ("1") is not equal to ("0") - 1 tests failed
Test Case 'TestTests.testTestFShouldBeTrue0_6' failed (0.052 seconds)
Test Case 'TestTests.testTestHelpShouldBeTrue0_5' started at 2025-11-14 20:14:27.688
FAIL: test --help: should be true (0)
Expected output:
0\n
Actual output:
$?

Exit code: 0

==================================================
Test Summary:
  Total:  1
  Passed: 0
  Failed: 1
  Success: 0.0%
==================================================
/var/home/hh/w/swift/swiftybox/Tests/SwiftyBoxTests/Consolidated/TestTests.swift:22: error: TestTests.testTestHelpShouldBeTrue0_5 : XCTAssertEqual failed: ("1") is not equal to ("0") - 1 tests failed
Test Case 'TestTests.testTestHelpShouldBeTrue0_5' failed (0.052 seconds)
Test Case 'TestTests.testTestLtGtShouldBeFalse1_9' started at 2025-11-14 20:14:27.740
FAIL: test -lt = -gt: should be false (1)
Expected output:
1\n
Actual output:
$?

Exit code: 0

==================================================
Test Summary:
  Total:  1
  Passed: 0
  Failed: 1
  Success: 0.0%
==================================================
/var/home/hh/w/swift/swiftybox/Tests/SwiftyBoxTests/Consolidated/TestTests.swift:22: error: TestTests.testTestLtGtShouldBeFalse1_9 : XCTAssertEqual failed: ("1") is not equal to ("0") - 1 tests failed
Test Case 'TestTests.testTestLtGtShouldBeFalse1_9' failed (0.052 seconds)
Test Case 'TestTests.testTestName_1' started at 2025-11-14 20:14:27.793
FAIL: test name
Expected output:
expected result
Actual output:

Exit code: 0

==================================================
Test Summary:
  Total:  1
  Passed: 0
  Failed: 1
  Success: 0.0%
==================================================
/var/home/hh/w/swift/swiftybox/Tests/SwiftyBoxTests/Consolidated/TestTests.swift:22: error: TestTests.testTestName_1 : XCTAssertEqual failed: ("1") is not equal to ("0") - 1 tests failed
Test Case 'TestTests.testTestName_1' failed (0.052 seconds)
Test Case 'TestTests.testTestShouldBeFalse1_2' started at 2025-11-14 20:14:27.845
FAIL: test: should be false (1)
Expected output:
1\n
Actual output:
$?

Exit code: 0

==================================================
Test Summary:
  Total:  1
  Passed: 0
  Failed: 1
  Success: 0.0%
==================================================
/var/home/hh/w/swift/swiftybox/Tests/SwiftyBoxTests/Consolidated/TestTests.swift:22: error: TestTests.testTestShouldBeFalse1_2 : XCTAssertEqual failed: ("1") is not equal to ("0") - 1 tests failed
Test Case 'TestTests.testTestShouldBeFalse1_2' failed (0.052 seconds)
Test Case 'TestTests.testTestShouldBeTrue0_3' started at 2025-11-14 20:14:27.896
FAIL: test !: should be true (0)
Expected output:
0\n
Actual output:
$?

Exit code: 0

==================================================
Test Summary:
  Total:  1
  Passed: 0
  Failed: 1
  Success: 0.0%
==================================================
/var/home/hh/w/swift/swiftybox/Tests/SwiftyBoxTests/Consolidated/TestTests.swift:22: error: TestTests.testTestShouldBeTrue0_3 : XCTAssertEqual failed: ("1") is not equal to ("0") - 1 tests failed
Test Case 'TestTests.testTestShouldBeTrue0_3' failed (0.051 seconds)
Test Suite 'TestTests' failed at 2025-11-14 20:14:27.948
	 Executed 13 tests, with 13 failures (0 unexpected) in 0.674 (0.674) seconds
Test Suite 'TextProcessingTests' started at 2025-11-14 20:14:27.948
Test Case 'TextProcessingTests.testComm_basic' started at 2025-11-14 20:14:27.948
FAIL: comm compares sorted files
Expected output:
a
		b
		c
		d

Actual output:
a
		b
		c
	d

Exit code: 0

==================================================
Test Summary:
  Total:  1
  Passed: 0
  Failed: 1
  Success: 0.0%
==================================================
/var/home/hh/w/swift/swiftybox/Tests/SwiftyBoxTests/TextProcessingTests.swift:21: error: TextProcessingTests.testComm_basic : XCTAssertEqual failed: ("1") is not equal to ("0") - 1 tests failed
Test Case 'TextProcessingTests.testComm_basic' failed (0.053 seconds)
Test Case 'TextProcessingTests.testCut_characters' started at 2025-11-14 20:14:28.001
FAIL: cut -c extracts characters
Expected output:
hel
wor

Actual output:

Exit code: 1

==================================================
Test Summary:
  Total:  1
  Passed: 0
  Failed: 1
  Success: 0.0%
==================================================
/var/home/hh/w/swift/swiftybox/Tests/SwiftyBoxTests/TextProcessingTests.swift:21: error: TextProcessingTests.testCut_characters : XCTAssertEqual failed: ("1") is not equal to ("0") - 1 tests failed
Test Case 'TextProcessingTests.testCut_characters' failed (0.052 seconds)
Test Case 'TextProcessingTests.testCut_delimiter' started at 2025-11-14 20:14:28.053
FAIL: cut -d sets delimiter
Expected output:
user
root

Actual output:

Exit code: 1

==================================================
Test Summary:
  Total:  1
  Passed: 0
  Failed: 1
  Success: 0.0%
==================================================
/var/home/hh/w/swift/swiftybox/Tests/SwiftyBoxTests/TextProcessingTests.swift:21: error: TextProcessingTests.testCut_delimiter : XCTAssertEqual failed: ("1") is not equal to ("0") - 1 tests failed
Test Case 'TextProcessingTests.testCut_delimiter' failed (0.052 seconds)
Test Case 'TextProcessingTests.testCut_fields' started at 2025-11-14 20:14:28.105
FAIL: cut -f extracts fields
Expected output:
2
5
8

Actual output:

Exit code: 1

==================================================
Test Summary:
  Total:  1
  Passed: 0
  Failed: 1
  Success: 0.0%
==================================================
/var/home/hh/w/swift/swiftybox/Tests/SwiftyBoxTests/TextProcessingTests.swift:21: error: TextProcessingTests.testCut_fields : XCTAssertEqual failed: ("1") is not equal to ("0") - 1 tests failed
Test Case 'TextProcessingTests.testCut_fields' failed (0.052 seconds)
Test Case 'TextProcessingTests.testFold_width' started at 2025-11-14 20:14:28.157
FAIL: fold wraps at width
Expected output:
hello
 worl
d

Actual output:
hello
 worl
d


Exit code: 0

==================================================
Test Summary:
  Total:  1
  Passed: 0
  Failed: 1
  Success: 0.0%
==================================================
/var/home/hh/w/swift/swiftybox/Tests/SwiftyBoxTests/TextProcessingTests.swift:21: error: TextProcessingTests.testFold_width : XCTAssertEqual failed: ("1") is not equal to ("0") - 1 tests failed
Test Case 'TextProcessingTests.testFold_width' failed (0.051 seconds)
Test Case 'TextProcessingTests.testGrep_basic' started at 2025-11-14 20:14:28.208
PASS: grep finds pattern

==================================================
Test Summary:
  Total:  1
  Passed: 1
  Failed: 0
  Success: 100.0%
==================================================
Test Case 'TextProcessingTests.testGrep_basic' passed (0.051 seconds)
Test Case 'TextProcessingTests.testGrep_caseInsensitive' started at 2025-11-14 20:14:28.260
PASS: grep -i case insensitive

==================================================
Test Summary:
  Total:  1
  Passed: 1
  Failed: 0
  Success: 100.0%
==================================================
Test Case 'TextProcessingTests.testGrep_caseInsensitive' passed (0.051 seconds)
Test Case 'TextProcessingTests.testGrep_count' started at 2025-11-14 20:14:28.311
PASS: grep -c counts matches

==================================================
Test Summary:
  Total:  1
  Passed: 1
  Failed: 0
  Success: 100.0%
==================================================
Test Case 'TextProcessingTests.testGrep_count' passed (0.052 seconds)
Test Case 'TextProcessingTests.testGrep_invertMatch' started at 2025-11-14 20:14:28.363
PASS: grep -v inverts match

==================================================
Test Summary:
  Total:  1
  Passed: 1
  Failed: 0
  Success: 100.0%
==================================================
Test Case 'TextProcessingTests.testGrep_invertMatch' passed (0.051 seconds)
Test Case 'TextProcessingTests.testNl_basic' started at 2025-11-14 20:14:28.414
FAIL: nl numbers lines
Expected output:
     1	line1
     2	line2
     3	line3

Actual output:
     1	line1
     2	line2
     3	line3
	

Exit code: 0

==================================================
Test Summary:
  Total:  1
  Passed: 0
  Failed: 1
  Success: 0.0%
==================================================
/var/home/hh/w/swift/swiftybox/Tests/SwiftyBoxTests/TextProcessingTests.swift:21: error: TextProcessingTests.testNl_basic : XCTAssertEqual failed: ("1") is not equal to ("0") - 1 tests failed
Test Case 'TextProcessingTests.testNl_basic' failed (0.052 seconds)
Test Case 'TextProcessingTests.testPaste_serial' started at 2025-11-14 20:14:28.466
PASS: paste -s merges lines

==================================================
Test Summary:
  Total:  1
  Passed: 1
  Failed: 0
  Success: 100.0%
==================================================
Test Case 'TextProcessingTests.testPaste_serial' passed (0.052 seconds)
Test Case 'TextProcessingTests.testSort_basic' started at 2025-11-14 20:14:28.518
FAIL: sort
Expected output:
a
b
c

Actual output:

a
b
c

Exit code: 0

==================================================
Test Summary:
  Total:  1
  Passed: 0
  Failed: 1
  Success: 0.0%
==================================================
/var/home/hh/w/swift/swiftybox/Tests/SwiftyBoxTests/TextProcessingTests.swift:21: error: TextProcessingTests.testSort_basic : XCTAssertEqual failed: ("1") is not equal to ("0") - 1 tests failed
Test Case 'TextProcessingTests.testSort_basic' failed (0.051 seconds)
Test Case 'TextProcessingTests.testSort_numeric' started at 2025-11-14 20:14:28.569
FAIL: sort numeric
Expected output:
1
3
010

Actual output:

1
3
010

Exit code: 0

==================================================
Test Summary:
  Total:  1
  Passed: 0
  Failed: 1
  Success: 0.0%
==================================================
/var/home/hh/w/swift/swiftybox/Tests/SwiftyBoxTests/TextProcessingTests.swift:21: error: TextProcessingTests.testSort_numeric : XCTAssertEqual failed: ("1") is not equal to ("0") - 1 tests failed
Test Case 'TextProcessingTests.testSort_numeric' failed (0.053 seconds)
Test Case 'TextProcessingTests.testSort_reverse' started at 2025-11-14 20:14:28.623
FAIL: sort reverse
Expected output:
wook
walrus
point
pabst
aargh

Actual output:
wook
walrus
point
pabst
aargh


Exit code: 0

==================================================
Test Summary:
  Total:  1
  Passed: 0
  Failed: 1
  Success: 0.0%
==================================================
/var/home/hh/w/swift/swiftybox/Tests/SwiftyBoxTests/TextProcessingTests.swift:21: error: TextProcessingTests.testSort_reverse : XCTAssertEqual failed: ("1") is not equal to ("0") - 1 tests failed
Test Case 'TextProcessingTests.testSort_reverse' failed (0.052 seconds)
Test Case 'TextProcessingTests.testSort_stdin' started at 2025-11-14 20:14:28.675
FAIL: sort stdin
Expected output:
a
b
c

Actual output:

a
b
c

Exit code: 0

==================================================
Test Summary:
  Total:  1
  Passed: 0
  Failed: 1
  Success: 0.0%
==================================================
/var/home/hh/w/swift/swiftybox/Tests/SwiftyBoxTests/TextProcessingTests.swift:21: error: TextProcessingTests.testSort_stdin : XCTAssertEqual failed: ("1") is not equal to ("0") - 1 tests failed
Test Case 'TextProcessingTests.testSort_stdin' failed (0.052 seconds)
Test Case 'TextProcessingTests.testSort_unique' started at 2025-11-14 20:14:28.727
FAIL: sort -u removes duplicates
Expected output:
a
b
c

Actual output:

a
b
c

Exit code: 0

==================================================
Test Summary:
  Total:  1
  Passed: 0
  Failed: 1
  Success: 0.0%
==================================================
/var/home/hh/w/swift/swiftybox/Tests/SwiftyBoxTests/TextProcessingTests.swift:21: error: TextProcessingTests.testSort_unique : XCTAssertEqual failed: ("1") is not equal to ("0") - 1 tests failed
Test Case 'TextProcessingTests.testSort_unique' failed (0.052 seconds)
Test Case 'TextProcessingTests.testTr_delete' started at 2025-11-14 20:14:28.779
PASS: tr -d deletes characters

==================================================
Test Summary:
  Total:  1
  Passed: 1
  Failed: 0
  Success: 100.0%
==================================================
Test Case 'TextProcessingTests.testTr_delete' passed (0.052 seconds)
Test Case 'TextProcessingTests.testTr_squeeze' started at 2025-11-14 20:14:28.831
FAIL: tr -s squeezes repeats
Expected output:
a b c

Actual output:

Exit code: 1

==================================================
Test Summary:
  Total:  1
  Passed: 0
  Failed: 1
  Success: 0.0%
==================================================
/var/home/hh/w/swift/swiftybox/Tests/SwiftyBoxTests/TextProcessingTests.swift:21: error: TextProcessingTests.testTr_squeeze : XCTAssertEqual failed: ("1") is not equal to ("0") - 1 tests failed
Test Case 'TextProcessingTests.testTr_squeeze' failed (0.052 seconds)
Test Case 'TextProcessingTests.testTr_translate' started at 2025-11-14 20:14:28.883
PASS: tr translates characters

==================================================
Test Summary:
  Total:  1
  Passed: 1
  Failed: 0
  Success: 100.0%
==================================================
Test Case 'TextProcessingTests.testTr_translate' passed (0.052 seconds)
Test Case 'TextProcessingTests.testUniq_basic' started at 2025-11-14 20:14:28.935
FAIL: uniq removes adjacent duplicates
Expected output:
a
b
c

Actual output:
a
b
c


Exit code: 0

==================================================
Test Summary:
  Total:  1
  Passed: 0
  Failed: 1
  Success: 0.0%
==================================================
/var/home/hh/w/swift/swiftybox/Tests/SwiftyBoxTests/TextProcessingTests.swift:21: error: TextProcessingTests.testUniq_basic : XCTAssertEqual failed: ("1") is not equal to ("0") - 1 tests failed
Test Case 'TextProcessingTests.testUniq_basic' failed (0.052 seconds)
Test Case 'TextProcessingTests.testUniq_count' started at 2025-11-14 20:14:28.987
FAIL: uniq -c shows counts
Expected output:
      2 a
      1 b
      2 c

Actual output:
      2 a
      1 b
      2 c
      1 

Exit code: 0

==================================================
Test Summary:
  Total:  1
  Passed: 0
  Failed: 1
  Success: 0.0%
==================================================
/var/home/hh/w/swift/swiftybox/Tests/SwiftyBoxTests/TextProcessingTests.swift:21: error: TextProcessingTests.testUniq_count : XCTAssertEqual failed: ("1") is not equal to ("0") - 1 tests failed
Test Case 'TextProcessingTests.testUniq_count' failed (0.052 seconds)
Test Case 'TextProcessingTests.testUniq_duplicatesOnly' started at 2025-11-14 20:14:29.038
PASS: uniq -d shows only duplicates

==================================================
Test Summary:
  Total:  1
  Passed: 1
  Failed: 0
  Success: 100.0%
==================================================
Test Case 'TextProcessingTests.testUniq_duplicatesOnly' passed (0.052 seconds)
Test Case 'TextProcessingTests.testUniq_uniqueOnly' started at 2025-11-14 20:14:29.090
FAIL: uniq -u shows only unique lines
Expected output:
b

Actual output:
b


Exit code: 0

==================================================
Test Summary:
  Total:  1
  Passed: 0
  Failed: 1
  Success: 0.0%
==================================================
/var/home/hh/w/swift/swiftybox/Tests/SwiftyBoxTests/TextProcessingTests.swift:21: error: TextProcessingTests.testUniq_uniqueOnly : XCTAssertEqual failed: ("1") is not equal to ("0") - 1 tests failed
Test Case 'TextProcessingTests.testUniq_uniqueOnly' failed (0.052 seconds)
Test Suite 'TextProcessingTests' failed at 2025-11-14 20:14:29.142
	 Executed 23 tests, with 15 failures (0 unexpected) in 1.194 (1.194) seconds
Test Suite 'TouchTests' started at 2025-11-14 20:14:29.142
Test Case 'TouchTests.testTouch_createsFile' started at 2025-11-14 20:14:29.142
Test Case 'TouchTests.testTouch_createsFile' passed (0.053 seconds)
Test Case 'TouchTests.testTouch_doesNotCreateFileWithC' started at 2025-11-14 20:14:29.195
touch: invalid option '-c'
/var/home/hh/w/swift/swiftybox/Tests/SwiftyBoxTests/Consolidated/TouchTests.swift:78: error: TouchTests.testTouch_doesNotCreateFileWithC : XCTAssertEqual failed: ("1") is not equal to ("0") - touch -c should succeed
/var/home/hh/w/swift/swiftybox/Tests/SwiftyBoxTests/Consolidated/TouchTests.swift:79: error: TouchTests.testTouch_doesNotCreateFileWithC : XCTAssertFalse failed - File should NOT exist after touch -c
Test Case 'TouchTests.testTouch_doesNotCreateFileWithC' failed (0.052 seconds)
Test Case 'TouchTests.testTouch_touchesFilesAfterNonExistent' started at 2025-11-14 20:14:29.247
touch: invalid option '-c'
/var/home/hh/w/swift/swiftybox/Tests/SwiftyBoxTests/Consolidated/TouchTests.swift:107: error: TouchTests.testTouch_touchesFilesAfterNonExistent : XCTAssertEqual failed: ("1") is not equal to ("0") - touch -c should succeed
/var/home/hh/w/swift/swiftybox/Tests/SwiftyBoxTests/Consolidated/TouchTests.swift:110: error: TouchTests.testTouch_touchesFilesAfterNonExistent : XCTAssertFalse failed - foo should not be created with -c
Test Case 'TouchTests.testTouch_touchesFilesAfterNonExistent' failed (0.052 seconds)
Test Suite 'TouchTests' failed at 2025-11-14 20:14:29.299
	 Executed 3 tests, with 4 failures (0 unexpected) in 0.157 (0.157) seconds
Test Suite 'TrTests' started at 2025-11-14 20:14:29.299
Test Case 'TrTests.testTr_basicTranslation' started at 2025-11-14 20:14:29.299
Test Case 'TrTests.testTr_basicTranslation' passed (0.051 seconds)
Test Case 'TrTests.testTr_comprehensiveWorks' started at 2025-11-14 20:14:29.350
/var/home/hh/w/swift/swiftybox/Tests/SwiftyBoxTests/Consolidated/TrTests.swift:268: error: TrTests.testTr_comprehensiveWorks : XCTAssertEqual failed: ("Gbc") is not equal to ("ABC") - tr '[:alpha:]' 'A-ZA-Z' should match system tr for: alpha class to range
/var/home/hh/w/swift/swiftybox/Tests/SwiftyBoxTests/Consolidated/TrTests.swift:268: error: TrTests.testTr_comprehensiveWorks : XCTAssertEqual failed: ("Cbc56") is not equal to ("KLMFG") - tr '[:alnum:]' 'A-ZA-Zxxxxxxxxxx' should match system tr for: alnum class
/var/home/hh/w/swift/swiftybox/Tests/SwiftyBoxTests/Consolidated/TrTests.swift:268: error: TrTests.testTr_comprehensiveWorks : XCTAssertEqual failed: ("012") is not equal to ("abc") - tr '[:digit:]' 'abcdefghi' should match system tr for: digit class
/var/home/hh/w/swift/swiftybox/Tests/SwiftyBoxTests/Consolidated/TrTests.swift:268: error: TrTests.testTr_comprehensiveWorks : XCTAssertEqual failed: ("abc56") is not equal to ("ABC56") - tr '[:lower:]' '[:upper:]' should match system tr for: lower to upper class
/var/home/hh/w/swift/swiftybox/Tests/SwiftyBoxTests/Consolidated/TrTests.swift:268: error: TrTests.testTr_comprehensiveWorks : XCTAssertEqual failed: (" 	") is not equal to ("51") - tr '[:space:]' '12345' should match system tr for: space class
/var/home/hh/w/swift/swiftybox/Tests/SwiftyBoxTests/Consolidated/TrTests.swift:268: error: TrTests.testTr_comprehensiveWorks : XCTAssertEqual failed: (" 	") is not equal to ("21") - tr '[:blank:]' '12' should match system tr for: blank class
Test Case 'TrTests.testTr_comprehensiveWorks' failed (1.03 seconds)
Test Case 'TrTests.testTr_deleteAlnumWorks' started at 2025-11-14 20:14:30.380
/var/home/hh/w/swift/swiftybox/Tests/SwiftyBoxTests/Consolidated/TrTests.swift:115: error: TrTests.testTr_deleteAlnumWorks : XCTAssertEqual failed: ("testig") is not equal to ("") - tr -d [[:alnum:]] output should match system tr
Test Case 'TrTests.testTr_deleteAlnumWorks' failed (0.102 seconds)
Test Case 'TrTests.testTr_deleteWorks' started at 2025-11-14 20:14:30.482
Test Case 'TrTests.testTr_deleteWorks' passed (0.103 seconds)
Test Case 'TrTests.testTr_rejectsWrongClass' started at 2025-11-14 20:14:30.585
/var/home/hh/w/swift/swiftybox/Tests/SwiftyBoxTests/Consolidated/TrTests.swift:206: error: TrTests.testTr_rejectsWrongClass : XCTAssertEqual failed: ("t12esting") is not equal to ("12") - tr -d '[:alpha:]' should match system tr behavior
/var/home/hh/w/swift/swiftybox/Tests/SwiftyBoxTests/Consolidated/TrTests.swift:206: error: TrTests.testTr_rejectsWrongClass : XCTAssertEqual failed: ("t12esting") is not equal to ("12") - tr -d '[[:alpha:]' should match system tr behavior
Test Case 'TrTests.testTr_rejectsWrongClass' failed (0.617 seconds)
Test Suite 'TrTests' failed at 2025-11-14 20:14:31.202
	 Executed 5 tests, with 9 failures (0 unexpected) in 1.903 (1.903) seconds
Test Suite 'TreeTests' started at 2025-11-14 20:14:31.202
Test Case 'TreeTests.testDescription_1' started at 2025-11-14 20:14:31.202
FAIL: description
Expected output:
result
Actual output:

Exit code: 0

==================================================
Test Summary:
  Total:  1
  Passed: 0
  Failed: 1
  Success: 0.0%
==================================================
/var/home/hh/w/swift/swiftybox/Tests/SwiftyBoxTests/Consolidated/TreeTests.swift:22: error: TreeTests.testDescription_1 : XCTAssertEqual failed: ("1") is not equal to ("0") - 1 tests failed
Test Case 'TreeTests.testDescription_1' failed (0.052 seconds)
Test Suite 'TreeTests' failed at 2025-11-14 20:14:31.254
	 Executed 1 test, with 1 failure (0 unexpected) in 0.052 (0.052) seconds
Test Suite 'TrueTests' started at 2025-11-14 20:14:31.254
Test Case 'TrueTests.testTrueIsSilent' started at 2025-11-14 20:14:31.254
Test Case 'TrueTests.testTrueIsSilent' passed (0.051 seconds)
Test Case 'TrueTests.testTrueReturnsSuccess' started at 2025-11-14 20:14:31.306
Test Case 'TrueTests.testTrueReturnsSuccess' passed (0.051 seconds)
Test Suite 'TrueTests' passed at 2025-11-14 20:14:31.357
	 Executed 2 tests, with 0 failures (0 unexpected) in 0.103 (0.103) seconds
Test Suite 'TsortTests' started at 2025-11-14 20:14:31.357
Test Case 'TsortTests.testTest1_1' started at 2025-11-14 20:14:31.357
FAIL: 
Expected output:
a\n
Actual output:
a
a\n

Exit code: 0

==================================================
Test Summary:
  Total:  1
  Passed: 0
  Failed: 1
  Success: 0.0%
==================================================
/var/home/hh/w/swift/swiftybox/Tests/SwiftyBoxTests/Consolidated/TsortTests.swift:22: error: TsortTests.testTest1_1 : XCTAssertEqual failed: ("1") is not equal to ("0") - 1 tests failed
Test Case 'TsortTests.testTest1_1' failed (0.052 seconds)
Test Case 'TsortTests.testTest2_2' started at 2025-11-14 20:14:31.409
FAIL: 
Expected output:
a\n
Actual output:
a
a\n

Exit code: 0

==================================================
Test Summary:
  Total:  1
  Passed: 0
  Failed: 1
  Success: 0.0%
==================================================
/var/home/hh/w/swift/swiftybox/Tests/SwiftyBoxTests/Consolidated/TsortTests.swift:22: error: TsortTests.testTest2_2 : XCTAssertEqual failed: ("1") is not equal to ("0") - 1 tests failed
Test Case 'TsortTests.testTest2_2' failed (0.052 seconds)
Test Case 'TsortTests.testTest3_3' started at 2025-11-14 20:14:31.460
FAIL: 
Expected output:
a\n
Actual output:
a
a\n

Exit code: 0

==================================================
Test Summary:
  Total:  1
  Passed: 0
  Failed: 1
  Success: 0.0%
==================================================
/var/home/hh/w/swift/swiftybox/Tests/SwiftyBoxTests/Consolidated/TsortTests.swift:22: error: TsortTests.testTest3_3 : XCTAssertEqual failed: ("1") is not equal to ("0") - 1 tests failed
Test Case 'TsortTests.testTest3_3' failed (0.052 seconds)
Test Case 'TsortTests.testTest5_5' started at 2025-11-14 20:14:31.512
PASS: 

==================================================
Test Summary:
  Total:  1
  Passed: 1
  Failed: 0
  Success: 100.0%
==================================================
Test Case 'TsortTests.testTest5_5' passed (0.051 seconds)
Test Case 'TsortTests.testTsortInputWOEol_4' started at 2025-11-14 20:14:31.564
FAIL: tsort input (w/o eol)
Expected output:
a\n
Actual output:
a

Exit code: 0

==================================================
Test Summary:
  Total:  1
  Passed: 0
  Failed: 1
  Success: 0.0%
==================================================
/var/home/hh/w/swift/swiftybox/Tests/SwiftyBoxTests/Consolidated/TsortTests.swift:22: error: TsortTests.testTsortInputWOEol_4 : XCTAssertEqual failed: ("1") is not equal to ("0") - 1 tests failed
Test Case 'TsortTests.testTsortInputWOEol_4' failed (0.053 seconds)
Test Suite 'TsortTests' failed at 2025-11-14 20:14:31.617
	 Executed 5 tests, with 4 failures (0 unexpected) in 0.26 (0.26) seconds
Test Suite 'UncompressTests' started at 2025-11-14 20:14:31.617
Test Case 'UncompressTests.testTestName_1' started at 2025-11-14 20:14:31.617
FAIL: test name
Expected output:
expected result
Actual output:

Exit code: 127

==================================================
Test Summary:
  Total:  1
  Passed: 0
  Failed: 1
  Success: 0.0%
==================================================
/var/home/hh/w/swift/swiftybox/Tests/SwiftyBoxTests/Consolidated/UncompressTests.swift:22: error: UncompressTests.testTestName_1 : XCTAssertEqual failed: ("1") is not equal to ("0") - 1 tests failed
Test Case 'UncompressTests.testTestName_1' failed (0.052 seconds)
Test Case 'UncompressTests.testUncompressX1fX9dX90X01XN_2' started at 2025-11-14 20:14:31.669
FAIL: uncompress < \x1f\x9d\x90 \x01 x N
Expected output:
 uncompress: corrupted data
1

Actual output:

gzip: stdin: not in gzip format
1

Exit code: 0

==================================================
Test Summary:
  Total:  1
  Passed: 0
  Failed: 1
  Success: 0.0%
==================================================
/var/home/hh/w/swift/swiftybox/Tests/SwiftyBoxTests/Consolidated/UncompressTests.swift:22: error: UncompressTests.testUncompressX1fX9dX90X01XN_2 : XCTAssertEqual failed: ("1") is not equal to ("0") - 1 tests failed
Test Case 'UncompressTests.testUncompressX1fX9dX90X01XN_2' failed (0.052 seconds)
Test Suite 'UncompressTests' failed at 2025-11-14 20:14:31.720
	 Executed 2 tests, with 2 failures (0 unexpected) in 0.104 (0.104) seconds
Test Suite 'UnexpandTests' started at 2025-11-14 20:14:31.720
Test Case 'UnexpandTests.testTestName_1' started at 2025-11-14 20:14:31.720
FAIL: test name
Expected output:
expected result
Actual output:

Exit code: 127

==================================================
Test Summary:
  Total:  1
  Passed: 0
  Failed: 1
  Success: 0.0%
==================================================
/var/home/hh/w/swift/swiftybox/Tests/SwiftyBoxTests/Consolidated/UnexpandTests.swift:22: error: UnexpandTests.testTestName_1 : XCTAssertEqual failed: ("1") is not equal to ("0") - 1 tests failed
Test Case 'UnexpandTests.testTestName_1' failed (0.052 seconds)
Test Case 'UnexpandTests.testUnexpandCase1_2' started at 2025-11-14 20:14:31.772
FAIL: unexpand case 1
Expected output:
\t12345678\n
Actual output:
	12345678\n
Exit code: 0

==================================================
Test Summary:
  Total:  1
  Passed: 0
  Failed: 1
  Success: 0.0%
==================================================
/var/home/hh/w/swift/swiftybox/Tests/SwiftyBoxTests/Consolidated/UnexpandTests.swift:22: error: UnexpandTests.testUnexpandCase1_2 : XCTAssertEqual failed: ("1") is not equal to ("0") - 1 tests failed
Test Case 'UnexpandTests.testUnexpandCase1_2' failed (0.052 seconds)
Test Case 'UnexpandTests.testUnexpandCase2_3' started at 2025-11-14 20:14:31.824
FAIL: unexpand case 2
Expected output:
\t 12345678\n
Actual output:
	 12345678\n
Exit code: 0

==================================================
Test Summary:
  Total:  1
  Passed: 0
  Failed: 1
  Success: 0.0%
==================================================
/var/home/hh/w/swift/swiftybox/Tests/SwiftyBoxTests/Consolidated/UnexpandTests.swift:22: error: UnexpandTests.testUnexpandCase2_3 : XCTAssertEqual failed: ("1") is not equal to ("0") - 1 tests failed
Test Case 'UnexpandTests.testUnexpandCase2_3' failed (0.052 seconds)
Test Case 'UnexpandTests.testUnexpandCase3_4' started at 2025-11-14 20:14:31.877
FAIL: unexpand case 3
Expected output:
\t  12345678\n
Actual output:
	  12345678\n
Exit code: 0

==================================================
Test Summary:
  Total:  1
  Passed: 0
  Failed: 1
  Success: 0.0%
==================================================
/var/home/hh/w/swift/swiftybox/Tests/SwiftyBoxTests/Consolidated/UnexpandTests.swift:22: error: UnexpandTests.testUnexpandCase3_4 : XCTAssertEqual failed: ("1") is not equal to ("0") - 1 tests failed
Test Case 'UnexpandTests.testUnexpandCase3_4' failed (0.052 seconds)
Test Case 'UnexpandTests.testUnexpandCase4_5' started at 2025-11-14 20:14:31.928
FAIL: unexpand case 4
Expected output:
\t12345678\n
Actual output:
       \t12345678\n
Exit code: 0

==================================================
Test Summary:
  Total:  1
  Passed: 0
  Failed: 1
  Success: 0.0%
==================================================
/var/home/hh/w/swift/swiftybox/Tests/SwiftyBoxTests/Consolidated/UnexpandTests.swift:22: error: UnexpandTests.testUnexpandCase4_5 : XCTAssertEqual failed: ("1") is not equal to ("0") - 1 tests failed
Test Case 'UnexpandTests.testUnexpandCase4_5' failed (0.052 seconds)
Test Case 'UnexpandTests.testUnexpandCase5_6' started at 2025-11-14 20:14:31.981
FAIL: unexpand case 5
Expected output:
\t12345678\n
Actual output:
      \t12345678\n
Exit code: 0

==================================================
Test Summary:
  Total:  1
  Passed: 0
  Failed: 1
  Success: 0.0%
==================================================
/var/home/hh/w/swift/swiftybox/Tests/SwiftyBoxTests/Consolidated/UnexpandTests.swift:22: error: UnexpandTests.testUnexpandCase5_6 : XCTAssertEqual failed: ("1") is not equal to ("0") - 1 tests failed
Test Case 'UnexpandTests.testUnexpandCase5_6' failed (0.052 seconds)
Test Case 'UnexpandTests.testUnexpandCase6_7' started at 2025-11-14 20:14:32.033
FAIL: unexpand case 6
Expected output:
\t12345678\n
Actual output:
     \t12345678\n
Exit code: 0

==================================================
Test Summary:
  Total:  1
  Passed: 0
  Failed: 1
  Success: 0.0%
==================================================
/var/home/hh/w/swift/swiftybox/Tests/SwiftyBoxTests/Consolidated/UnexpandTests.swift:22: error: UnexpandTests.testUnexpandCase6_7 : XCTAssertEqual failed: ("1") is not equal to ("0") - 1 tests failed
Test Case 'UnexpandTests.testUnexpandCase6_7' failed (0.052 seconds)
Test Case 'UnexpandTests.testUnexpandCase7_8' started at 2025-11-14 20:14:32.084
FAIL: unexpand case 7
Expected output:
123\t 45678\n
Actual output:
123 \t 45678\n
Exit code: 0

==================================================
Test Summary:
  Total:  1
  Passed: 0
  Failed: 1
  Success: 0.0%
==================================================
/var/home/hh/w/swift/swiftybox/Tests/SwiftyBoxTests/Consolidated/UnexpandTests.swift:22: error: UnexpandTests.testUnexpandCase7_8 : XCTAssertEqual failed: ("1") is not equal to ("0") - 1 tests failed
Test Case 'UnexpandTests.testUnexpandCase7_8' failed (0.052 seconds)
Test Case 'UnexpandTests.testUnexpandCase8_9' started at 2025-11-14 20:14:32.137
PASS: unexpand case 8

==================================================
Test Summary:
  Total:  1
  Passed: 1
  Failed: 0
  Success: 100.0%
==================================================
Test Case 'UnexpandTests.testUnexpandCase8_9' passed (0.052 seconds)
Test Case 'UnexpandTests.testUnexpandFlags_10' started at 2025-11-14 20:14:32.189
FAIL: unexpand flags $*
Expected output:
$want
Actual output:
	a       b    c
Exit code: 0

==================================================
Test Summary:
  Total:  1
  Passed: 0
  Failed: 1
  Success: 0.0%
==================================================
/var/home/hh/w/swift/swiftybox/Tests/SwiftyBoxTests/Consolidated/UnexpandTests.swift:22: error: UnexpandTests.testUnexpandFlags_10 : XCTAssertEqual failed: ("1") is not equal to ("0") - 1 tests failed
Test Case 'UnexpandTests.testUnexpandFlags_10' failed (0.052 seconds)
Test Case 'UnexpandTests.testUnexpandWithUnicodeCharacher0x394_11' started at 2025-11-14 20:14:32.241
FAIL: unexpand with unicode characher 0x394
Expected output:
1ΔΔΔ5\t99999\n
Actual output:
1ΔΔΔ5   99999\n
Exit code: 0

==================================================
Test Summary:
  Total:  1
  Passed: 0
  Failed: 1
  Success: 0.0%
==================================================
/var/home/hh/w/swift/swiftybox/Tests/SwiftyBoxTests/Consolidated/UnexpandTests.swift:22: error: UnexpandTests.testUnexpandWithUnicodeCharacher0x394_11 : XCTAssertEqual failed: ("1") is not equal to ("0") - 1 tests failed
Test Case 'UnexpandTests.testUnexpandWithUnicodeCharacher0x394_11' failed (0.052 seconds)
Test Suite 'UnexpandTests' failed at 2025-11-14 20:14:32.293
	 Executed 11 tests, with 10 failures (0 unexpected) in 0.572 (0.572) seconds
Test Suite 'UniqTests' started at 2025-11-14 20:14:32.293
Test Case 'UniqTests.testTestName_1' started at 2025-11-14 20:14:32.293
FAIL: test name
Expected output:
expected result
Actual output:

Exit code: 127

==================================================
Test Summary:
  Total:  1
  Passed: 0
  Failed: 1
  Success: 0.0%
==================================================
/var/home/hh/w/swift/swiftybox/Tests/SwiftyBoxTests/Consolidated/UniqTests.swift:22: error: UniqTests.testTestName_1 : XCTAssertEqual failed: ("1") is not equal to ("0") - 1 tests failed
Test Case 'UniqTests.testTestName_1' failed (0.052 seconds)
Test Case 'UniqTests.testUniqDDupsOnly_6' started at 2025-11-14 20:14:32.345
FAIL: uniq -d (dups only)
Expected output:
two\nthree\n
Actual output:

Exit code: 0

==================================================
Test Summary:
  Total:  1
  Passed: 0
  Failed: 1
  Success: 0.0%
==================================================
/var/home/hh/w/swift/swiftybox/Tests/SwiftyBoxTests/Consolidated/UniqTests.swift:22: error: UniqTests.testUniqDDupsOnly_6 : XCTAssertEqual failed: ("1") is not equal to ("0") - 1 tests failed
Test Case 'UniqTests.testUniqDDupsOnly_6' failed (0.052 seconds)
Test Case 'UniqTests.testUniqDefaultToStdin_3' started at 2025-11-14 20:14:32.398
FAIL: uniq (default to stdin)
Expected output:
one\ntwo\nthree\n
Actual output:

Exit code: 0

==================================================
Test Summary:
  Total:  1
  Passed: 0
  Failed: 1
  Success: 0.0%
==================================================
/var/home/hh/w/swift/swiftybox/Tests/SwiftyBoxTests/Consolidated/UniqTests.swift:22: error: UniqTests.testUniqDefaultToStdin_3 : XCTAssertEqual failed: ("1") is not equal to ("0") - 1 tests failed
Test Case 'UniqTests.testUniqDefaultToStdin_3' failed (0.052 seconds)
Test Case 'UniqTests.testUniqExitSuccess_2' started at 2025-11-14 20:14:32.449
FAIL: uniq (exit success)
Expected output:
yes\n
Actual output:
yes

Exit code: 0

==================================================
Test Summary:
  Total:  1
  Passed: 0
  Failed: 1
  Success: 0.0%
==================================================
/var/home/hh/w/swift/swiftybox/Tests/SwiftyBoxTests/Consolidated/UniqTests.swift:22: error: UniqTests.testUniqExitSuccess_2 : XCTAssertEqual failed: ("1") is not equal to ("0") - 1 tests failed
Test Case 'UniqTests.testUniqExitSuccess_2' failed (0.052 seconds)
Test Case 'UniqTests.testUniqInputSpecifyFile_5' started at 2025-11-14 20:14:32.501
FAIL: uniq input (specify file)
Expected output:
one\ntwo\nthree\n
Actual output:

Exit code: 1

==================================================
Test Summary:
  Total:  1
  Passed: 0
  Failed: 1
  Success: 0.0%
==================================================
/var/home/hh/w/swift/swiftybox/Tests/SwiftyBoxTests/Consolidated/UniqTests.swift:22: error: UniqTests.testUniqInputSpecifyFile_5 : XCTAssertEqual failed: ("1") is not equal to ("0") - 1 tests failed
Test Case 'UniqTests.testUniqInputSpecifyFile_5' failed (0.053 seconds)
Test Case 'UniqTests.testUniqSpecifyStdin_4' started at 2025-11-14 20:14:32.554
FAIL: uniq - (specify stdin)
Expected output:
one\ntwo\nthree\n
Actual output:

Exit code: 0

==================================================
Test Summary:
  Total:  1
  Passed: 0
  Failed: 1
  Success: 0.0%
==================================================
/var/home/hh/w/swift/swiftybox/Tests/SwiftyBoxTests/Consolidated/UniqTests.swift:22: error: UniqTests.testUniqSpecifyStdin_4 : XCTAssertEqual failed: ("1") is not equal to ("0") - 1 tests failed
Test Case 'UniqTests.testUniqSpecifyStdin_4' failed (0.052 seconds)
Test Case 'UniqTests.testUniqUAndDProduceNoOutput_7' started at 2025-11-14 20:14:32.605
PASS: uniq -u and -d produce no output

==================================================
Test Summary:
  Total:  1
  Passed: 1
  Failed: 0
  Success: 100.0%
==================================================
Test Case 'UniqTests.testUniqUAndDProduceNoOutput_7' passed (0.052 seconds)
Test Suite 'UniqTests' failed at 2025-11-14 20:14:32.658
	 Executed 7 tests, with 6 failures (0 unexpected) in 0.364 (0.364) seconds
Test Suite 'UptimeTests' started at 2025-11-14 20:14:32.658
Test Case 'UptimeTests.testUptimeFormat' started at 2025-11-14 20:14:32.658
/var/home/hh/w/swift/swiftybox/Tests/SwiftyBoxTests/Consolidated/UptimeTests.swift:24: error: UptimeTests.testUptimeFormat : XCTAssertEqual failed: ("127") is not equal to ("0") - uptime should succeed
/var/home/hh/w/swift/swiftybox/Tests/SwiftyBoxTests/Consolidated/UptimeTests.swift:28: error: UptimeTests.testUptimeFormat : XCTAssertFalse failed - uptime output should not be empty
/var/home/hh/w/swift/swiftybox/Tests/SwiftyBoxTests/Consolidated/UptimeTests.swift:32: error: UptimeTests.testUptimeFormat : XCTAssertTrue failed - uptime should contain numeric information
Test Case 'UptimeTests.testUptimeFormat' failed (0.052 seconds)
Test Case 'UptimeTests.testUptimeNoArgs' started at 2025-11-14 20:14:32.709
/var/home/hh/w/swift/swiftybox/Tests/SwiftyBoxTests/Consolidated/UptimeTests.swift:38: error: UptimeTests.testUptimeNoArgs : XCTAssertEqual failed: ("127") is not equal to ("0") - uptime with no args should succeed
/var/home/hh/w/swift/swiftybox/Tests/SwiftyBoxTests/Consolidated/UptimeTests.swift:39: error: UptimeTests.testUptimeNoArgs : XCTAssertTrue failed - uptime should not produce errors
Test Case 'UptimeTests.testUptimeNoArgs' failed (0.052 seconds)
Test Case 'UptimeTests.testUptimeWorks' started at 2025-11-14 20:14:32.762
/var/home/hh/w/swift/swiftybox/Tests/SwiftyBoxTests/Consolidated/UptimeTests.swift:7: error: UptimeTests.testUptimeWorks : XCTAssertEqual failed: ("127") is not equal to ("0") - uptime should succeed
/var/home/hh/w/swift/swiftybox/Tests/SwiftyBoxTests/Consolidated/UptimeTests.swift:8: error: UptimeTests.testUptimeWorks : XCTAssertFalse failed - uptime should produce output
/var/home/hh/w/swift/swiftybox/Tests/SwiftyBoxTests/Consolidated/UptimeTests.swift:19: error: UptimeTests.testUptimeWorks : XCTAssertTrue failed - uptime should show system uptime information
Test Case 'UptimeTests.testUptimeWorks' failed (0.051 seconds)
Test Suite 'UptimeTests' failed at 2025-11-14 20:14:32.813
	 Executed 3 tests, with 8 failures (0 unexpected) in 0.155 (0.155) seconds
Test Suite 'WcTests' started at 2025-11-14 20:14:32.813
Test Case 'WcTests.testWc_countsAll' started at 2025-11-14 20:14:32.813
/var/home/hh/w/swift/swiftybox/Tests/SwiftyBoxTests/Consolidated/WcTests.swift:55: error: WcTests.testWc_countsAll : XCTAssertEqual failed: ("2 4 20") is not equal to ("1 4 20") - wc should count 1 line, 4 words, 20 chars
Test Case 'WcTests.testWc_countsAll' failed (0.051 seconds)
Test Case 'WcTests.testWc_countsCharacters' started at 2025-11-14 20:14:32.864
Test Case 'WcTests.testWc_countsCharacters' passed (0.051 seconds)
Test Case 'WcTests.testWc_countsLines' started at 2025-11-14 20:14:32.916
/var/home/hh/w/swift/swiftybox/Tests/SwiftyBoxTests/Consolidated/WcTests.swift:109: error: WcTests.testWc_countsLines : XCTAssertEqual failed: ("2") is not equal to ("1") - wc -l should count 1 line
Test Case 'WcTests.testWc_countsLines' failed (0.052 seconds)
Test Case 'WcTests.testWc_countsWords' started at 2025-11-14 20:14:32.968
Test Case 'WcTests.testWc_countsWords' passed (0.051 seconds)
Test Case 'WcTests.testWc_printsLongestLineLength' started at 2025-11-14 20:14:33.019
wc: invalid option: -L
/var/home/hh/w/swift/swiftybox/Tests/SwiftyBoxTests/Consolidated/WcTests.swift:163: error: WcTests.testWc_printsLongestLineLength : XCTAssertEqual failed: ("1") is not equal to ("0") - wc -L should succeed
/var/home/hh/w/swift/swiftybox/Tests/SwiftyBoxTests/Consolidated/WcTests.swift:164: error: WcTests.testWc_printsLongestLineLength : XCTAssertEqual failed: ("") is not equal to ("19") - wc -L should show longest line is 19 chars
Test Case 'WcTests.testWc_printsLongestLineLength' failed (0.051 seconds)
Test Suite 'WcTests' failed at 2025-11-14 20:14:33.070
	 Executed 5 tests, with 4 failures (0 unexpected) in 0.257 (0.257) seconds
Test Suite 'WgetTests' started at 2025-11-14 20:14:33.070
Test Case 'WgetTests.testWgetBasic' started at 2025-11-14 20:14:33.070
/var/home/hh/w/swift/swiftybox/Tests/SwiftyBoxTests/Consolidated/WgetTests.swift:9: error: WgetTests.testWgetBasic : XCTAssertTrue failed - wget command should be recognized
Test Case 'WgetTests.testWgetBasic' failed (0.051 seconds)
Test Case 'WgetTests.testWgetOutputFile' started at 2025-11-14 20:14:33.121
Test Case 'WgetTests.testWgetOutputFile' passed (0.0 seconds)
Test Case 'WgetTests.testWgetQuiet' started at 2025-11-14 20:14:33.121
Test Case 'WgetTests.testWgetQuiet' passed (0.0 seconds)
Test Suite 'WgetTests' failed at 2025-11-14 20:14:33.121
	 Executed 3 tests, with 1 failure (0 unexpected) in 0.051 (0.051) seconds
Test Suite 'WhichTests' started at 2025-11-14 20:14:33.121
Test Case 'WhichTests.testWhich_usesDefaultPath' started at 2025-11-14 20:14:33.121
/var/home/hh/w/swift/swiftybox/Tests/SwiftyBoxTests/Consolidated/WhichTests.swift:43: error: WhichTests.testWhich_usesDefaultPath : XCTAssertEqual failed: ("1") is not equal to ("0") - which should succeed
/var/home/hh/w/swift/swiftybox/Tests/SwiftyBoxTests/Consolidated/WhichTests.swift:44: error: WhichTests.testWhich_usesDefaultPath : XCTAssertFalse failed - which should find ls in default PATH
/var/home/hh/w/swift/swiftybox/Tests/SwiftyBoxTests/Consolidated/WhichTests.swift:45: error: WhichTests.testWhich_usesDefaultPath : XCTAssertTrue failed - which output should contain 'ls'
Test Case 'WhichTests.testWhich_usesDefaultPath' failed (0.051 seconds)
Test Suite 'WhichTests' failed at 2025-11-14 20:14:33.172
	 Executed 1 test, with 3 failures (0 unexpected) in 0.051 (0.051) seconds
Test Suite 'XargsTests' started at 2025-11-14 20:14:33.172
Test Case 'XargsTests.testXargsBasic' started at 2025-11-14 20:14:33.172
/var/home/hh/w/swift/swiftybox/Tests/SwiftyBoxTests/Consolidated/XargsTests.swift:8: error: XargsTests.testXargsBasic : XCTAssertEqual failed: ("127") is not equal to ("0") - xargs should succeed
/var/home/hh/w/swift/swiftybox/Tests/SwiftyBoxTests/Consolidated/XargsTests.swift:9: error: XargsTests.testXargsBasic : XCTAssertTrue failed - xargs should pass arguments to command
Test Case 'XargsTests.testXargsBasic' failed (0.052 seconds)
Test Case 'XargsTests.testXargsEmpty' started at 2025-11-14 20:14:33.224
/var/home/hh/w/swift/swiftybox/Tests/SwiftyBoxTests/Consolidated/XargsTests.swift:22: error: XargsTests.testXargsEmpty : XCTAssertEqual failed: ("127") is not equal to ("0") - xargs with empty input should succeed
Test Case 'XargsTests.testXargsEmpty' failed (0.052 seconds)
Test Case 'XargsTests.testXargsWithN' started at 2025-11-14 20:14:33.275
/var/home/hh/w/swift/swiftybox/Tests/SwiftyBoxTests/Consolidated/XargsTests.swift:16: error: XargsTests.testXargsWithN : XCTAssertEqual failed: ("127") is not equal to ("0") - xargs -n should succeed
Test Case 'XargsTests.testXargsWithN' failed (0.053 seconds)
Test Suite 'XargsTests' failed at 2025-11-14 20:14:33.328
	 Executed 3 tests, with 4 failures (0 unexpected) in 0.156 (0.156) seconds
Test Suite 'XxdTests' started at 2025-11-14 20:14:33.328
Test Case 'XxdTests.testDescription_1' started at 2025-11-14 20:14:33.328
FAIL: description
Expected output:
result
Actual output:

Exit code: 0

==================================================
Test Summary:
  Total:  1
  Passed: 0
  Failed: 1
  Success: 0.0%
==================================================
/var/home/hh/w/swift/swiftybox/Tests/SwiftyBoxTests/Consolidated/XxdTests.swift:22: error: XxdTests.testDescription_1 : XCTAssertEqual failed: ("1") is not equal to ("0") - 1 tests failed
Test Case 'XxdTests.testDescription_1' failed (0.052 seconds)
Test Suite 'XxdTests' failed at 2025-11-14 20:14:33.380
	 Executed 1 test, with 1 failure (0 unexpected) in 0.052 (0.052) seconds
Test Suite 'debug.xctest' failed at 2025-11-14 20:14:33.380
	 Executed 492 tests, with 374 failures (0 unexpected) in 29.562 (29.562) seconds
Test Suite 'All tests' failed at 2025-11-14 20:14:33.381
	 Executed 492 tests, with 374 failures (0 unexpected) in 29.562 (29.562) seconds
◇ Test run started.
↳ Testing Library Version: 6.2.1 (c9d57c83568b06d)
↳ Target Platform: x86_64-unknown-linux-gnu
✔ Test run with 0 tests in 0 suites passed after 0.001 seconds.
